Waiting for MSP_API_VERSION reply...
Waiting for MSP_FC_VARIANT reply...
{'apiVersion': '1.44.0', 'flightControllerIdentifier': 'BTFL', 'flightControllerVersion': '4.3.2', 'version': 0, 'buildInfo': 'Apr  7 2023 03:15:27', 'multiType': 0, 'msp_version': 0, 'capability': 0, 'cycleTime': 314, 'i2cError': 0, 'activeSensors': 39, 'mode': 2, 'profile': 0, 'uid': [4653116, 1345409042, 540357454], 'accelerometerTrims': [0, 0], 'name': '', 'displayName': 'BOARD MODULE', 'numProfiles': 3, 'rateProfile': 0, 'boardType': 2, 'armingDisableCount': 26, 'armingDisableFlags': 4, 'armingDisabled': False, 'runawayTakeoffPreventionDisabled': False, 'boardIdentifier': 'SBF4', 'boardVersion': 0, 'commCapabilities': 3, 'targetName': 'SPEEDYBEEF405V3', 'boardName': 'SPEEDYBEEF405V3', 'manufacturerId': '', 'signature': [0, 0, 0, 0, 0, 0, 0, 0, 0, 0, 0, 0, 0, 0, 0, 0, 0, 0, 0, 0, 0, 0, 0, 0, 0, 0, 0, 0, 0, 0, 0, 0], 'cpuload': 39, 'mcuTypeId': 3, 'mspProtocolVersion': 0, 'flightModeFlags': []}
12:00:24.629262 ALT: 0.58
12:00:24.629415 ATT: [1.0, -0.9, 272]
12:00:24.629809 ACC: [8, 10, 518]
Easycap format used: ImageFormat(type=<BufType.VIDEO_CAPTURE: 1>, description='YUYV 4:2:2', flags=<ImageFormatFlag.0: 0>, pixel_format=<PixelFormat.YUYV: 1448695129>)
Easycap format used: ImageFormat(type=<BufType.VIDEO_CAPTURE: 1>, description='Motion-JPEG', flags=<ImageFormatFlag.COMPRESSED: 1>, pixel_format=<PixelFormat.MJPEG: 1196444237>)
12:00:24.677227 ALT: 0.58
12:00:24.677350 ATT: [1.0, -0.9, 272]
12:00:24.677582 ACC: [9, 10, 519]
12:00:24.726264 ALT: 0.58
12:00:24.726375 ATT: [1.0, -0.9, 272]
12:00:24.726591 ACC: [8, 9, 519]
12:00:24.773405 ALT: 0.58
12:00:24.773531 ATT: [1.0, -0.9, 272]
12:00:24.773748 ACC: [9, 9, 518]
12:00:24.821251 ALT: 0.63
12:00:24.821406 ATT: [1.0, -0.9, 272]
12:00:24.821605 ACC: [9, 9, 519]
12:00:24.869350 ALT: 0.64
12:00:24.869470 ATT: [1.0, -0.9, 272]
12:00:24.869652 ACC: [8, 10, 519]
12:00:24.917350 ALT: 0.64
12:00:24.917466 ATT: [1.0, -0.9, 272]
12:00:24.917652 ACC: [9, 9, 518]
12:00:24.965562 ALT: 0.64
12:00:24.965708 ATT: [1.0, -0.9, 272]
12:00:24.965927 ACC: [9, 9, 518]
12:00:25.013578 ALT: 0.64
12:00:25.014025 ATT: [1.0, -0.9, 272]
12:00:25.014310 ACC: [9, 10, 518]
Initialize navigation params:
Delay=0.03, Kp=40.0, Ki=0.0, Kd=40.0
Starting Main workflow
12:00:25.062971 ALT: 0.64
12:00:25.063130 ATT: [1.0, -0.9, 272]
12:00:25.063361 ACC: [9, 9, 518]
12:00:25.114586 ALT: 0.64
12:00:25.114721 ATT: [1.0, -0.9, 272]
12:00:25.114941 ACC: [9, 9, 519]
12:00:25.160331 ALT: 0.64
12:00:25.160438 ATT: [1.0, -0.9, 272]
12:00:25.160603 ACC: [8, 9, 518]
12:00:25.209254 ALT: 0.64
12:00:25.209403 ATT: [1.0, -0.9, 272]
12:00:25.209685 ACC: [9, 10, 518]
12:00:25.255160 ALT: 0.64
12:00:25.255279 ATT: [1.0, -0.9, 273]
12:00:25.255482 ACC: [9, 9, 518]
12:00:25.301329 ALT: 0.64
12:00:25.301484 ATT: [1.0, -0.9, 273]
12:00:25.301732 ACC: [9, 9, 518]
12:00:25.349452 ALT: 0.64
12:00:25.349581 ATT: [1.0, -1.0, 273]
12:00:25.349789 ACC: [9, 10, 518]
12:00:25.400893 ALT: 0.64
12:00:25.401011 ATT: [1.0, -0.9, 273]
12:00:25.401245 ACC: [9, 9, 518]
12:00:25.445467 ALT: 0.64
12:00:25.445574 ATT: [1.0, -1.0, 273]
12:00:25.445738 ACC: [9, 10, 518]
12:00:25.493486 ALT: 0.64
12:00:25.493603 ATT: [1.0, -1.0, 273]
12:00:25.493847 ACC: [8, 9, 519]
12:00:25.541592 ALT: 0.64
12:00:25.541727 ATT: [1.0, -0.9, 273]
12:00:25.541976 ACC: [9, 9, 518]
12:00:25.611930 ALT: 0.64
12:00:25.612096 ATT: [1.0, -0.9, 273]
12:00:25.612323 ACC: [9, 8, 519]
12:00:25.653432 ALT: 0.64
12:00:25.653529 ATT: [1.0, -0.9, 273]
12:00:25.653701 ACC: [8, 10, 518]
12:00:25.701461 ALT: 0.64
12:00:25.701607 ATT: [1.0, -0.9, 273]
12:00:25.701810 ACC: [8, 9, 518]
12:00:25.750120 ALT: 0.64
12:00:25.750255 ATT: [1.0, -0.9, 273]
12:00:25.750462 ACC: [9, 9, 518]
12:00:25.813509 ALT: 0.64
12:00:25.813645 ATT: [1.0, -0.9, 273]
12:00:25.813809 ACC: [8, 10, 519]
12:00:25.876405 ALT: 0.64
12:00:25.876502 ATT: [1.0, -0.9, 273]
12:00:25.876658 ACC: [9, 9, 518]
12:00:25.931201 ALT: 0.64
12:00:25.931423 ATT: [1.0, -0.9, 273]
12:00:25.932006 ACC: [9, 9, 519]
12:00:25.990326 ALT: 0.64
12:00:25.990589 ATT: [1.0, -0.9, 273]
12:00:25.991158 ACC: [9, 9, 519]
12:00:26.037427 ALT: 0.64
12:00:26.037523 ATT: [1.0, -0.9, 273]
12:00:26.037675 ACC: [9, 9, 518]
12:00:26.085485 ALT: 0.64
12:00:26.085596 ATT: [1.0, -0.9, 273]
12:00:26.085763 ACC: [8, 10, 518]
12:00:26.134875 ALT: 0.64
12:00:26.134975 ATT: [1.0, -0.9, 273]
12:00:26.135136 ACC: [8, 9, 518]
12:00:26.181554 ALT: 0.64
12:00:26.181659 ATT: [1.0, -0.9, 273]
12:00:26.181837 ACC: [9, 9, 518]
12:00:26.232103 ALT: 0.64
12:00:26.232289 ATT: [1.0, -0.9, 273]
12:00:26.232593 ACC: [8, 10, 519]
12:00:26.277602 ALT: 0.64
12:00:26.277722 ATT: [1.0, -0.9, 273]
12:00:26.277931 ACC: [9, 10, 519]
12:00:26.325411 ALT: 0.64
12:00:26.325607 ATT: [1.0, -0.9, 273]
12:00:26.325776 ACC: [9, 9, 518]
12:00:26.373705 ALT: 0.64
12:00:26.373803 ATT: [1.0, -0.9, 273]
12:00:26.374173 ACC: [8, 10, 519]
12:00:26.421617 ALT: 0.64
12:00:26.421713 ATT: [1.0, -0.9, 273]
12:00:26.421886 ACC: [8, 10, 518]
12:00:26.485692 ALT: 0.64
12:00:26.485822 ATT: [1.0, -0.9, 273]
12:00:26.486057 ACC: [8, 9, 518]
12:00:26.533603 ALT: 0.64
12:00:26.533717 ATT: [1.0, -0.9, 273]
12:00:26.533924 ACC: [9, 10, 518]
12:00:26.581718 ALT: 0.64
12:00:26.581833 ATT: [1.0, -0.9, 273]
12:00:26.582042 ACC: [9, 9, 518]
12:00:26.630336 ALT: 0.64
12:00:26.630665 ATT: [1.0, -0.9, 273]
12:00:26.631194 ACC: [9, 10, 518]
12:00:26.677626 ALT: 0.64
12:00:26.677758 ATT: [1.0, -0.9, 273]
12:00:26.677958 ACC: [9, 9, 518]
12:00:26.726116 ALT: 0.64
12:00:26.726239 ATT: [1.0, -0.9, 273]
12:00:26.726447 ACC: [9, 9, 518]
12:00:26.773951 ALT: 0.64
12:00:26.774076 ATT: [1.0, -0.9, 273]
12:00:26.774301 ACC: [9, 9, 518]
12:00:26.821950 ALT: 0.64
12:00:26.822169 ATT: [1.0, -1.0, 273]
12:00:26.822439 ACC: [9, 10, 518]
12:00:26.870365 ALT: 0.64
12:00:26.870633 ATT: [1.0, -0.9, 273]
12:00:26.870910 ACC: [8, 10, 517]
12:00:26.917617 ALT: 0.64
12:00:26.918430 ATT: [1.0, -0.9, 273]
12:00:26.918770 ACC: [9, 10, 518]
12:00:26.966034 ALT: 0.64
12:00:26.966224 ATT: [1.0, -1.0, 273]
12:00:26.966617 ACC: [9, 10, 518]
12:00:27.020000 ALT: 0.64
12:00:27.020186 ATT: [1.0, -0.9, 273]
12:00:27.020500 ACC: [9, 10, 518]
12:00:27.067361 ALT: 0.64
12:00:27.067518 ATT: [1.0, -0.9, 273]
12:00:27.067868 ACC: [9, 9, 517]
12:00:27.131716 ALT: 0.64
12:00:27.131922 ATT: [1.0, -1.0, 273]
12:00:27.132114 ACC: [9, 9, 518]
12:00:27.205842 ALT: 0.64
12:00:27.205981 ATT: [1.0, -1.0, 273]
12:00:27.206169 ACC: [9, 9, 518]
12:00:27.253730 ALT: 0.64
12:00:27.253857 ATT: [1.0, -1.0, 273]
12:00:27.254042 ACC: [9, 9, 518]
12:00:27.312374 ALT: 0.64
12:00:27.312478 ATT: [1.0, -1.0, 273]
12:00:27.312630 ACC: [9, 10, 518]
12:00:27.377426 ALT: 0.64
12:00:27.377682 ATT: [1.0, -1.0, 273]
12:00:27.377877 ACC: [9, 9, 518]
12:00:27.430913 ALT: 0.64
12:00:27.431073 ATT: [1.0, -1.0, 273]
12:00:27.431331 ACC: [9, 10, 518]
12:00:27.478223 ALT: 0.64
12:00:27.478323 ATT: [1.0, -1.0, 273]
12:00:27.478501 ACC: [9, 9, 518]
12:00:27.544677 ALT: 0.64
12:00:27.544794 ATT: [1.0, -1.0, 273]
12:00:27.544986 ACC: [8, 9, 518]
12:00:27.590290 ALT: 0.64
12:00:27.590423 ATT: [1.0, -1.0, 273]
12:00:27.590623 ACC: [9, 10, 518]
12:00:27.641456 ALT: 0.64
12:00:27.641578 ATT: [1.0, -1.0, 273]
12:00:27.641810 ACC: [9, 8, 519]
12:00:27.702949 ALT: 0.64
12:00:27.703095 ATT: [1.0, -1.0, 274]
12:00:27.704481 ACC: [8, 10, 519]
12:00:27.749756 ALT: 0.64
12:00:27.749863 ATT: [1.0, -1.0, 274]
12:00:27.750238 ACC: [9, 9, 518]
12:00:27.801211 ALT: 0.64
12:00:27.801324 ATT: [1.0, -1.0, 274]
12:00:27.801656 ACC: [9, 9, 518]
12:00:27.845848 ALT: 0.64
12:00:27.846072 ATT: [1.0, -1.0, 274]
12:00:27.846409 ACC: [9, 10, 519]
12:00:27.911197 ALT: 0.64
12:00:27.911321 ATT: [1.0, -1.0, 274]
12:00:27.911699 ACC: [9, 9, 518]
12:00:27.970312 ALT: 0.64
12:00:27.970740 ATT: [1.0, -0.9, 274]
12:00:27.971139 ACC: [8, 10, 518]
12:00:28.021894 ALT: 0.64
12:00:28.022056 ATT: [1.0, -1.0, 274]
12:00:28.022261 ACC: [8, 9, 518]
12:00:28.069743 ALT: 0.64
12:00:28.069852 ATT: [1.0, -1.0, 274]
12:00:28.070024 ACC: [9, 9, 518]
12:00:28.120861 ALT: 0.64
12:00:28.120993 ATT: [1.0, -0.9, 274]
12:00:28.121212 ACC: [8, 10, 518]
12:00:28.174495 ALT: 0.64
12:00:28.174624 ATT: [1.0, -0.9, 274]
12:00:28.175239 ACC: [8, 10, 518]
12:00:28.236274 ALT: 0.64
12:00:28.236475 ATT: [1.0, -1.0, 274]
12:00:28.236759 ACC: [9, 9, 518]
12:00:28.300485 ALT: 0.64
12:00:28.300622 ATT: [1.0, -0.9, 274]
12:00:28.300850 ACC: [8, 9, 518]
12:00:28.342137 ALT: 0.64
12:00:28.342300 ATT: [1.0, -0.9, 274]
12:00:28.342529 ACC: [9, 9, 518]
12:00:28.389952 ALT: 0.64
12:00:28.390065 ATT: [1.0, -0.9, 274]
12:00:28.390259 ACC: [9, 9, 518]
12:00:28.454652 ALT: 0.64
12:00:28.454777 ATT: [1.0, -0.9, 274]
12:00:28.454965 ACC: [9, 10, 519]
12:00:28.501907 ALT: 0.64
12:00:28.502096 ATT: [1.0, -1.0, 274]
12:00:28.502338 ACC: [9, 9, 518]
12:00:28.550201 ALT: 0.64
12:00:28.550495 ATT: [1.0, -1.0, 274]
12:00:28.550887 ACC: [9, 9, 518]
12:00:28.601635 ALT: 0.64
12:00:28.601855 ATT: [1.0, -1.0, 274]
12:00:28.606418 ACC: [9, 10, 519]
12:00:28.662410 ALT: 0.64
12:00:28.662595 ATT: [1.0, -1.0, 274]
12:00:28.662847 ACC: [9, 9, 517]
12:00:28.710638 ALT: 0.64
12:00:28.710847 ATT: [1.0, -1.0, 274]
12:00:28.711125 ACC: [9, 10, 518]
12:00:28.774192 ALT: 0.64
12:00:28.774323 ATT: [1.0, -1.0, 274]
12:00:28.774524 ACC: [9, 10, 519]
12:00:28.822082 ALT: 0.64
12:00:28.822255 ATT: [1.0, -1.0, 274]
12:00:28.822495 ACC: [9, 9, 518]
12:00:28.870187 ALT: 0.64
12:00:28.870373 ATT: [1.0, -1.0, 274]
12:00:28.870688 ACC: [9, 10, 519]
12:00:28.920009 ALT: 0.64
12:00:28.920285 ATT: [1.0, -1.0, 274]
12:00:28.920702 ACC: [9, 10, 518]
12:00:28.969061 ALT: 0.64
12:00:28.971255 ATT: [1.0, -1.0, 274]
12:00:28.972741 ACC: [9, 9, 518]
12:00:29.015628 ALT: 0.64
12:00:29.015899 ATT: [1.0, -1.0, 274]
12:00:29.016137 ACC: [8, 10, 518]
12:00:29.063027 ALT: 0.64
12:00:29.063205 ATT: [1.0, -1.0, 274]
12:00:29.063508 ACC: [9, 10, 518]
12:00:29.110607 ALT: 0.64
12:00:29.110709 ATT: [1.0, -0.9, 274]
12:00:29.110965 ACC: [8, 9, 518]
12:00:29.174363 ALT: 0.64
12:00:29.174537 ATT: [1.0, -1.0, 274]
12:00:29.174809 ACC: [9, 9, 518]
12:00:29.223014 ALT: 0.64
12:00:29.223117 ATT: [1.0, -0.9, 274]
12:00:29.223273 ACC: [9, 10, 518]
12:00:29.280753 ALT: 0.64
12:00:29.280878 ATT: [1.0, -0.9, 274]
12:00:29.281107 ACC: [9, 10, 518]
12:00:29.335668 ALT: 0.64
12:00:29.335810 ATT: [1.0, -0.9, 274]
12:00:29.335997 ACC: [8, 10, 518]
12:00:29.382904 ALT: 0.64
12:00:29.383015 ATT: [1.0, -0.9, 274]
12:00:29.383189 ACC: [9, 10, 517]
12:00:29.454847 ALT: 0.64
12:00:29.454981 ATT: [1.0, -1.0, 274]
12:00:29.455176 ACC: [9, 9, 518]
12:00:29.512202 ALT: 0.64
12:00:29.512344 ATT: [1.0, -0.9, 274]
12:00:29.512542 ACC: [8, 10, 518]
12:00:29.558572 ALT: 0.64
12:00:29.558960 ATT: [1.0, -0.9, 274]
12:00:29.559656 ACC: [9, 9, 518]
12:00:29.606714 ALT: 0.64
12:00:29.607104 ATT: [1.0, -0.9, 274]
12:00:29.607694 ACC: [9, 10, 518]
12:00:29.670495 ALT: 0.64
12:00:29.670759 ATT: [1.0, -0.9, 274]
12:00:29.671159 ACC: [9, 9, 519]
12:00:29.718579 ALT: 0.64
12:00:29.718700 ATT: [1.0, -0.9, 274]
12:00:29.718924 ACC: [9, 9, 518]
12:00:29.766113 ALT: 0.64
12:00:29.766232 ATT: [1.0, -0.9, 274]
12:00:29.766468 ACC: [9, 10, 518]
12:00:29.814054 ALT: 0.64
12:00:29.814173 ATT: [1.0, -1.0, 274]
12:00:29.814344 ACC: [9, 9, 518]
12:00:29.862030 ALT: 0.64
12:00:29.862156 ATT: [1.0, -0.9, 274]
12:00:29.862340 ACC: [8, 9, 518]
12:00:29.920316 ALT: 0.64
12:00:29.920504 ATT: [1.0, -0.9, 274]
12:00:29.920813 ACC: [8, 10, 518]
12:00:29.988834 ALT: 0.64
12:00:29.988961 ATT: [1.0, -0.9, 274]
12:00:29.989179 ACC: [9, 10, 518]
12:00:30.038097 ALT: 0.64
12:00:30.038221 ATT: [1.0, -0.9, 274]
12:00:30.038414 ACC: [8, 10, 517]
12:00:30.089361 ALT: 0.64
12:00:30.089744 ATT: [1.0, -0.9, 274]
12:00:30.090629 ACC: [9, 9, 518]
12:00:30.141175 ALT: 0.64
12:00:30.141330 ATT: [1.0, -0.9, 274]
12:00:30.141492 ACC: [9, 9, 518]
12:00:30.199023 ALT: 0.64
12:00:30.199163 ATT: [1.0, -0.9, 274]
12:00:30.199398 ACC: [8, 9, 518]
12:00:30.256253 ALT: 0.64
12:00:30.256371 ATT: [1.0, -0.9, 274]
12:00:30.256538 ACC: [9, 9, 518]
12:00:30.294264 ALT: 0.64
12:00:30.294369 ATT: [1.0, -0.9, 274]
12:00:30.294735 ACC: [8, 10, 518]
12:00:30.350598 ALT: 0.64
12:00:30.350728 ATT: [1.0, -0.9, 274]
12:00:30.351157 ACC: [9, 10, 518]
12:00:30.410797 ALT: 0.64
12:00:30.411048 ATT: [1.0, -0.9, 274]
12:00:30.411541 ACC: [9, 9, 519]
12:00:30.454159 ALT: 0.64
12:00:30.454321 ATT: [1.0, -0.9, 274]
12:00:30.454654 ACC: [9, 10, 519]
12:00:30.504468 ALT: 0.64
12:00:30.504599 ATT: [1.0, -0.9, 274]
12:00:30.504824 ACC: [8, 9, 519]
12:00:30.550632 ALT: 0.64
12:00:30.550829 ATT: [1.0, -0.9, 274]
12:00:30.551154 ACC: [8, 10, 518]
12:00:30.598113 ALT: 0.64
12:00:30.598233 ATT: [1.0, -0.9, 274]
12:00:30.598413 ACC: [8, 9, 518]
12:00:30.651317 ALT: 0.64
12:00:30.651460 ATT: [1.0, -0.9, 274]
12:00:30.651684 ACC: [9, 10, 518]
12:00:30.705315 ALT: 0.64
12:00:30.705432 ATT: [1.0, -0.9, 274]
12:00:30.705634 ACC: [9, 10, 519]
12:00:30.768147 ALT: 0.64
12:00:30.768264 ATT: [1.0, -0.9, 274]
12:00:30.768457 ACC: [9, 9, 518]
12:00:30.822189 ALT: 0.64
12:00:30.822301 ATT: [1.0, -0.9, 274]
12:00:30.822564 ACC: [9, 9, 519]
12:00:30.870199 ALT: 0.64
12:00:30.870346 ATT: [1.0, -1.0, 274]
12:00:30.870626 ACC: [9, 10, 518]
12:00:30.919085 ALT: 0.64
12:00:30.919199 ATT: [1.0, -0.9, 274]
12:00:30.919429 ACC: [8, 10, 517]
12:00:30.985268 ALT: 0.64
12:00:30.985377 ATT: [1.0, -1.0, 274]
12:00:30.985543 ACC: [9, 10, 518]
12:00:31.032219 ALT: 0.64
12:00:31.032403 ATT: [1.0, -1.0, 274]
12:00:31.032686 ACC: [8, 9, 518]
12:00:31.078230 ALT: 0.64
12:00:31.078338 ATT: [1.0, -1.0, 274]
12:00:31.078507 ACC: [9, 10, 518]
12:00:31.126597 ALT: 0.64
12:00:31.126716 ATT: [1.0, -1.0, 274]
12:00:31.126895 ACC: [9, 9, 518]
12:00:31.181033 ALT: 0.64
12:00:31.181140 ATT: [1.0, -1.0, 274]
12:00:31.181313 ACC: [9, 9, 519]
12:00:31.240861 ALT: 0.64
12:00:31.240984 ATT: [1.0, -1.0, 274]
12:00:31.243010 ACC: [9, 10, 519]
12:00:31.287641 ALT: 0.64
12:00:31.287854 ATT: [1.0, -0.9, 274]
12:00:31.288087 ACC: [9, 8, 518]
12:00:31.339446 ALT: 0.64
12:00:31.339540 ATT: [1.0, -1.0, 274]
12:00:31.339885 ACC: [9, 10, 518]
12:00:31.387388 ALT: 0.64
12:00:31.387575 ATT: [1.0, -0.9, 274]
12:00:31.390453 ACC: [8, 10, 519]
12:00:31.446215 ALT: 0.64
12:00:31.446344 ATT: [1.0, -0.9, 274]
12:00:31.446574 ACC: [9, 9, 518]
12:00:31.496649 ALT: 0.64
12:00:31.496804 ATT: [1.0, -0.9, 274]
12:00:31.497124 ACC: [8, 10, 519]
12:00:31.542295 ALT: 0.64
12:00:31.542416 ATT: [1.0, -0.9, 274]
12:00:31.542609 ACC: [9, 9, 519]
12:00:31.592112 ALT: 0.64
12:00:31.592216 ATT: [1.0, -1.0, 274]
12:00:31.592398 ACC: [9, 9, 519]
12:00:31.655919 ALT: 0.64
12:00:31.656080 ATT: [1.0, -0.9, 274]
12:00:31.656339 ACC: [8, 10, 518]
12:00:31.702461 ALT: 0.64
12:00:31.702645 ATT: [1.0, -0.9, 274]
12:00:31.703027 ACC: [9, 9, 517]
12:00:31.750437 ALT: 0.64
12:00:31.750620 ATT: [1.0, -0.9, 274]
12:00:31.750951 ACC: [8, 9, 518]
12:00:31.798353 ALT: 0.64
12:00:31.798497 ATT: [1.0, -0.9, 274]
12:00:31.798861 ACC: [9, 10, 519]
12:00:31.846261 ALT: 0.64
12:00:31.846392 ATT: [1.0, -0.9, 274]
12:00:31.846567 ACC: [8, 9, 518]
12:00:31.905567 ALT: 0.64
12:00:31.905757 ATT: [1.0, -1.0, 274]
12:00:31.906125 ACC: [9, 9, 518]
12:00:31.960768 ALT: 0.64
12:00:31.960911 ATT: [1.0, -1.0, 274]
12:00:31.961076 ACC: [8, 9, 518]
12:00:32.026419 ALT: 0.64
12:00:32.026523 ATT: [1.0, -1.0, 274]
12:00:32.026700 ACC: [9, 10, 518]
12:00:32.094663 ALT: 0.64
12:00:32.094772 ATT: [1.0, -0.9, 274]
12:00:32.094952 ACC: [8, 9, 519]
12:00:32.169215 ALT: 0.64
12:00:32.169344 ATT: [1.0, -1.0, 274]
12:00:32.169556 ACC: [9, 9, 518]
12:00:32.220235 ALT: 0.64
12:00:32.220373 ATT: [1.0, -1.0, 274]
12:00:32.223048 ACC: [9, 9, 518]
12:00:32.267620 ALT: 0.68
12:00:32.267724 ATT: [1.0, -1.0, 274]
12:00:32.267962 ACC: [9, 10, 518]
12:00:32.310324 ALT: 0.7
12:00:32.310442 ATT: [1.0, -1.0, 274]
12:00:32.310613 ACC: [8, 9, 518]
12:00:32.363301 ALT: 0.73
12:00:32.363435 ATT: [1.0, -1.0, 274]
12:00:32.363638 ACC: [9, 9, 519]
12:00:32.424748 ALT: 0.73
12:00:32.424946 ATT: [1.0, -0.9, 274]
12:00:32.425158 ACC: [8, 9, 519]
12:00:32.472231 ALT: 0.73
12:00:32.472329 ATT: [1.0, -0.9, 274]
12:00:32.472485 ACC: [9, 10, 518]
12:00:32.518969 ALT: 0.73
12:00:32.519092 ATT: [1.0, -0.9, 274]
12:00:32.519291 ACC: [8, 9, 518]
12:00:32.573825 ALT: 0.73
12:00:32.573936 ATT: [1.0, -0.9, 274]
12:00:32.574148 ACC: [9, 10, 517]
12:00:32.614399 ALT: 0.73
12:00:32.614524 ATT: [1.0, -0.9, 274]
12:00:32.614717 ACC: [9, 9, 518]
12:00:32.666494 ALT: 0.73
12:00:32.666605 ATT: [1.0, -1.0, 274]
12:00:32.666802 ACC: [9, 9, 519]
12:00:32.710463 ALT: 0.73
12:00:32.710638 ATT: [1.0, -1.0, 274]
12:00:32.710848 ACC: [9, 9, 518]
12:00:32.774359 ALT: 0.73
12:00:32.774477 ATT: [1.0, -1.0, 274]
12:00:32.774692 ACC: [9, 10, 518]
12:00:32.822643 ALT: 0.73
12:00:32.822810 ATT: [1.0, -1.0, 274]
12:00:32.823144 ACC: [8, 9, 519]
12:00:32.870450 ALT: 0.73
12:00:32.870570 ATT: [1.0, -1.0, 274]
12:00:32.870737 ACC: [9, 9, 518]
12:00:32.918982 ALT: 0.73
12:00:32.919185 ATT: [1.0, -1.0, 274]
12:00:32.919374 ACC: [9, 9, 518]
12:00:32.966417 ALT: 0.73
12:00:32.966576 ATT: [1.0, -1.0, 274]
12:00:32.966795 ACC: [8, 10, 519]
12:00:33.015945 ALT: 0.73
12:00:33.016081 ATT: [1.0, -1.0, 274]
12:00:33.016296 ACC: [9, 9, 518]
12:00:33.062528 ALT: 0.73
12:00:33.062685 ATT: [1.0, -1.0, 274]
12:00:33.063174 ACC: [9, 9, 518]
12:00:33.110528 ALT: 0.73
12:00:33.110648 ATT: [1.0, -1.0, 274]
12:00:33.110837 ACC: [9, 9, 518]
12:00:33.158557 ALT: 0.73
12:00:33.158672 ATT: [1.0, -1.0, 274]
12:00:33.158878 ACC: [9, 9, 518]
12:00:33.222624 ALT: 0.73
12:00:33.222720 ATT: [1.0, -1.0, 274]
12:00:33.222859 ACC: [8, 10, 518]
12:00:33.270472 ALT: 0.73
12:00:33.270568 ATT: [1.0, -1.0, 274]
12:00:33.270709 ACC: [9, 9, 519]
12:00:33.319639 ALT: 0.73
12:00:33.319800 ATT: [1.0, -1.0, 274]
12:00:33.319986 ACC: [9, 10, 519]
12:00:33.366671 ALT: 0.73
12:00:33.366872 ATT: [1.0, -1.0, 274]
12:00:33.367159 ACC: [9, 9, 519]
12:00:33.414681 ALT: 0.73
12:00:33.414791 ATT: [1.0, -1.0, 274]
12:00:33.415007 ACC: [9, 9, 518]
12:00:33.463186 ALT: 0.73
12:00:33.463404 ATT: [1.0, -1.0, 274]
12:00:33.464557 ACC: [9, 10, 519]
12:00:33.510626 ALT: 0.73
12:00:33.510728 ATT: [1.0, -1.0, 274]
12:00:33.510886 ACC: [9, 10, 518]
12:00:33.558742 ALT: 0.73
12:00:33.558848 ATT: [1.0, -1.0, 274]
12:00:33.559051 ACC: [9, 9, 518]
12:00:33.606429 ALT: 0.73
12:00:33.606527 ATT: [1.0, -1.0, 274]
12:00:33.606676 ACC: [9, 9, 518]
12:00:33.655303 ALT: 0.73
12:00:33.655398 ATT: [1.0, -1.0, 274]
12:00:33.655541 ACC: [9, 10, 518]
12:00:33.702776 ALT: 0.73
12:00:33.702925 ATT: [1.0, -1.0, 274]
12:00:33.703248 ACC: [9, 9, 518]
12:00:33.750754 ALT: 0.73
12:00:33.751039 ATT: [1.0, -1.0, 274]
12:00:33.751565 ACC: [9, 9, 519]
12:00:33.799059 ALT: 0.73
12:00:33.799160 ATT: [1.0, -1.0, 274]
12:00:33.799315 ACC: [8, 9, 518]
12:00:33.847683 ALT: 0.73
12:00:33.847814 ATT: [1.0, -0.9, 274]
12:00:33.847984 ACC: [9, 10, 518]
12:00:33.910493 ALT: 0.73
12:00:33.910598 ATT: [1.0, -1.0, 274]
12:00:33.910761 ACC: [9, 9, 519]
12:00:33.958754 ALT: 0.73
12:00:33.958870 ATT: [1.0, -0.9, 274]
12:00:33.959047 ACC: [8, 9, 519]
12:00:34.006474 ALT: 0.73
12:00:34.006573 ATT: [1.0, -1.0, 274]
12:00:34.006719 ACC: [9, 9, 518]
12:00:34.054654 ALT: 0.73
12:00:34.054755 ATT: [1.0, -1.0, 274]
12:00:34.054985 ACC: [9, 9, 518]
12:00:34.102798 ALT: 0.73
12:00:34.102899 ATT: [1.0, -1.0, 274]
12:00:34.103048 ACC: [9, 10, 518]
12:00:34.150913 ALT: 0.73
12:00:34.151010 ATT: [1.0, -1.0, 274]
12:00:34.151164 ACC: [9, 10, 518]
12:00:34.202891 ALT: 0.68
12:00:34.202983 ATT: [1.0, -0.9, 274]
12:00:34.203126 ACC: [8, 9, 519]
12:00:34.247669 ALT: 0.72
12:00:34.247809 ATT: [1.0, -0.9, 274]
12:00:34.247986 ACC: [9, 9, 519]
12:00:34.294999 ALT: 0.73
12:00:34.295093 ATT: [1.0, -1.0, 274]
12:00:34.295241 ACC: [9, 9, 518]
12:00:34.342669 ALT: 0.73
12:00:34.342777 ATT: [1.0, -1.0, 274]
12:00:34.342952 ACC: [9, 9, 519]
12:00:34.390642 ALT: 0.73
12:00:34.390746 ATT: [1.0, -0.9, 274]
12:00:34.390901 ACC: [8, 9, 518]
12:00:34.439059 ALT: 0.73
12:00:34.439158 ATT: [1.0, -0.9, 274]
12:00:34.439317 ACC: [9, 9, 518]
12:00:34.487184 ALT: 0.73
12:00:34.487380 ATT: [1.0, -0.9, 274]
12:00:34.487636 ACC: [8, 10, 518]
12:00:34.535103 ALT: 0.73
12:00:34.535489 ATT: [1.0, -0.9, 274]
12:00:34.535811 ACC: [8, 10, 518]
12:00:34.584067 ALT: 0.73
12:00:34.584165 ATT: [1.0, -0.9, 274]
12:00:34.584325 ACC: [9, 9, 518]
12:00:34.630879 ALT: 0.73
12:00:34.630977 ATT: [1.0, -0.9, 274]
12:00:34.631142 ACC: [9, 9, 519]
12:00:34.679599 ALT: 0.73
12:00:34.679929 ATT: [1.0, -0.9, 274]
12:00:34.680163 ACC: [9, 10, 518]
12:00:34.727353 ALT: 0.73
12:00:34.727492 ATT: [1.0, -0.9, 274]
12:00:34.727720 ACC: [8, 9, 519]
12:00:34.774823 ALT: 0.73
12:00:34.774998 ATT: [1.0, -0.9, 274]
12:00:34.775352 ACC: [8, 10, 519]
12:00:34.833419 ALT: 0.73
12:00:34.833552 ATT: [1.0, -0.9, 274]
12:00:34.833768 ACC: [9, 9, 518]
12:00:34.871075 ALT: 0.73
12:00:34.871391 ATT: [1.0, -0.9, 274]
12:00:34.871984 ACC: [9, 9, 518]
12:00:34.918960 ALT: 0.73
12:00:34.919064 ATT: [1.0, -0.9, 274]
12:00:34.919220 ACC: [9, 10, 519]
12:00:34.966950 ALT: 0.73
12:00:34.967084 ATT: [1.0, -1.0, 274]
12:00:34.967638 ACC: [9, 9, 519]
12:00:35.015530 ALT: 0.73
12:00:35.015648 ATT: [1.0, -1.0, 274]
12:00:35.015996 ACC: [9, 9, 518]
12:00:35.063121 ALT: 0.73
12:00:35.063222 ATT: [1.0, -0.9, 274]
12:00:35.063375 ACC: [8, 9, 518]
12:00:35.110741 ALT: 0.73
12:00:35.110839 ATT: [1.0, -0.9, 274]
12:00:35.110987 ACC: [9, 9, 518]
12:00:35.158645 ALT: 0.73
12:00:35.158749 ATT: [1.0, -1.0, 274]
12:00:35.158909 ACC: [9, 9, 519]
12:00:35.206683 ALT: 0.73
12:00:35.206776 ATT: [1.0, -0.9, 274]
12:00:35.206918 ACC: [8, 10, 519]
12:00:35.254804 ALT: 0.73
12:00:35.254942 ATT: [1.0, -0.9, 274]
12:00:35.255083 ACC: [8, 9, 518]
12:00:35.319903 ALT: 0.73
12:00:35.320009 ATT: [1.0, -0.9, 274]
12:00:35.320173 ACC: [8, 9, 518]
12:00:35.367503 ALT: 0.73
12:00:35.367620 ATT: [1.0, -0.9, 274]
12:00:35.367836 ACC: [8, 9, 518]
12:00:35.416681 ALT: 0.73
12:00:35.416815 ATT: [1.0, -0.9, 274]
12:00:35.417035 ACC: [8, 9, 518]
12:00:35.463128 ALT: 0.73
12:00:35.463257 ATT: [1.0, -0.9, 274]
12:00:35.463432 ACC: [9, 10, 518]
12:00:35.510915 ALT: 0.73
12:00:35.511058 ATT: [1.0, -0.9, 274]
12:00:35.511294 ACC: [9, 10, 518]
12:00:35.558856 ALT: 0.73
12:00:35.558998 ATT: [1.0, -0.9, 274]
12:00:35.559216 ACC: [9, 10, 518]
12:00:35.606763 ALT: 0.73
12:00:35.606862 ATT: [1.0, -0.9, 274]
12:00:35.607076 ACC: [8, 10, 519]
12:00:35.654989 ALT: 0.73
12:00:35.655266 ATT: [1.0, -0.9, 274]
12:00:35.655461 ACC: [9, 9, 518]
12:00:35.702839 ALT: 0.73
12:00:35.703001 ATT: [1.0, -0.9, 274]
12:00:35.703884 ACC: [9, 9, 518]
12:00:35.751349 ALT: 0.73
12:00:35.751506 ATT: [1.0, -0.9, 274]
12:00:35.751734 ACC: [8, 10, 519]
12:00:35.799573 ALT: 0.73
12:00:35.799713 ATT: [1.0, -0.9, 274]
12:00:35.800033 ACC: [9, 9, 519]
12:00:35.847576 ALT: 0.73
12:00:35.847824 ATT: [1.0, -0.9, 274]
12:00:35.848102 ACC: [9, 9, 519]
12:00:35.895246 ALT: 0.73
12:00:35.895438 ATT: [1.0, -0.9, 274]
12:00:35.895620 ACC: [9, 10, 518]
12:00:35.942880 ALT: 0.73
12:00:35.942987 ATT: [1.0, -0.9, 274]
12:00:35.943154 ACC: [9, 9, 519]
12:00:35.990891 ALT: 0.7
12:00:35.990997 ATT: [1.0, -0.9, 274]
12:00:35.991159 ACC: [9, 10, 519]
12:00:36.039116 ALT: 0.67
12:00:36.039213 ATT: [1.0, -0.9, 274]
12:00:36.039355 ACC: [9, 10, 518]
12:00:36.087180 ALT: 0.66
12:00:36.087370 ATT: [1.0, -0.9, 274]
12:00:36.087667 ACC: [9, 9, 519]
12:00:36.135168 ALT: 0.66
12:00:36.135432 ATT: [1.0, -1.0, 274]
12:00:36.135905 ACC: [9, 10, 519]
12:00:36.183545 ALT: 0.66
12:00:36.183652 ATT: [1.0, -0.9, 274]
12:00:36.183856 ACC: [8, 10, 518]
12:00:36.231987 ALT: 0.66
12:00:36.232280 ATT: [1.0, -1.0, 274]
12:00:36.232630 ACC: [9, 9, 519]
12:00:36.280890 ALT: 0.69
12:00:36.281124 ATT: [1.0, -0.9, 274]
12:00:36.281405 ACC: [8, 9, 519]
12:00:36.327084 ALT: 0.72
12:00:36.327394 ATT: [1.0, -0.9, 274]
12:00:36.327676 ACC: [9, 10, 519]
12:00:36.375126 ALT: 0.73
12:00:36.375265 ATT: [1.0, -0.9, 274]
12:00:36.375497 ACC: [9, 9, 518]
12:00:36.423482 ALT: 0.73
12:00:36.423587 ATT: [1.0, -1.0, 274]
12:00:36.423836 ACC: [9, 9, 518]
12:00:36.474264 ALT: 0.73
12:00:36.474544 ATT: [1.0, -0.9, 274]
12:00:36.474735 ACC: [8, 9, 518]
12:00:36.522642 ALT: 0.73
12:00:36.522747 ATT: [1.0, -0.9, 274]
12:00:36.523043 ACC: [9, 9, 518]
12:00:36.568295 ALT: 0.73
12:00:36.568390 ATT: [1.0, -1.0, 274]
12:00:36.568544 ACC: [9, 9, 518]
12:00:36.617291 ALT: 0.73
12:00:36.617391 ATT: [1.0, -1.0, 274]
12:00:36.617983 ACC: [9, 9, 519]
12:00:36.663049 ALT: 0.73
12:00:36.663146 ATT: [1.0, -1.0, 274]
12:00:36.663306 ACC: [8, 9, 518]
12:00:36.711138 ALT: 0.73
12:00:36.711237 ATT: [1.0, -1.0, 274]
12:00:36.711565 ACC: [9, 10, 518]
12:00:36.758963 ALT: 0.73
12:00:36.759062 ATT: [1.0, -1.0, 274]
12:00:36.759220 ACC: [9, 9, 518]
12:00:36.807097 ALT: 0.73
12:00:36.807203 ATT: [1.0, -1.0, 274]
12:00:36.807372 ACC: [9, 9, 519]
12:00:36.856432 ALT: 0.73
12:00:36.856532 ATT: [1.0, -1.0, 274]
12:00:36.856684 ACC: [9, 9, 518]
12:00:36.906678 ALT: 0.73
12:00:36.906794 ATT: [1.0, -1.0, 274]
12:00:36.907092 ACC: [9, 9, 519]
12:00:36.952655 ALT: 0.73
12:00:36.952753 ATT: [1.0, -1.0, 274]
12:00:36.952958 ACC: [9, 9, 518]
12:00:36.999893 ALT: 0.73
12:00:36.999993 ATT: [1.0, -1.0, 274]
12:00:37.000164 ACC: [9, 10, 518]
12:00:37.048962 ALT: 0.73
12:00:37.049564 ATT: [1.0, -1.0, 274]
12:00:37.049928 ACC: [8, 9, 518]
12:00:37.095406 ALT: 0.73
12:00:37.095517 ATT: [1.0, -1.0, 274]
12:00:37.095702 ACC: [9, 10, 518]
12:00:37.143420 ALT: 0.73
12:00:37.143527 ATT: [1.0, -0.9, 274]
12:00:37.143831 ACC: [8, 9, 518]
12:00:37.191415 ALT: 0.73
12:00:37.191526 ATT: [1.0, -0.9, 274]
12:00:37.191731 ACC: [9, 9, 518]
12:00:37.239157 ALT: 0.73
12:00:37.239316 ATT: [1.0, -0.9, 274]
12:00:37.239521 ACC: [9, 10, 518]
12:00:37.287101 ALT: 0.73
12:00:37.287203 ATT: [1.0, -0.9, 274]
12:00:37.287382 ACC: [9, 10, 518]
12:00:37.363738 ALT: 0.73
12:00:37.364113 ATT: [1.0, -1.0, 274]
12:00:37.364531 ACC: [9, 9, 518]
12:00:37.416827 ALT: 0.73
12:00:37.416931 ATT: [1.0, -1.0, 274]
12:00:37.417099 ACC: [9, 10, 518]
12:00:37.463385 ALT: 0.73
12:00:37.463712 ATT: [1.0, -1.0, 274]
12:00:37.463997 ACC: [9, 9, 518]
12:00:37.512428 ALT: 0.73
12:00:37.512762 ATT: [1.0, -1.0, 274]
12:00:37.513028 ACC: [9, 9, 518]
12:00:37.559246 ALT: 0.73
12:00:37.559358 ATT: [1.0, -1.0, 274]
12:00:37.559559 ACC: [8, 10, 518]
12:00:37.608047 ALT: 0.73
12:00:37.608489 ATT: [1.0, -1.0, 274]
12:00:37.608767 ACC: [9, 9, 518]
12:00:37.657667 ALT: 0.73
12:00:37.657766 ATT: [1.0, -1.0, 274]
12:00:37.657920 ACC: [9, 9, 518]
12:00:37.703080 ALT: 0.73
12:00:37.703186 ATT: [1.0, -1.0, 274]
12:00:37.703336 ACC: [8, 10, 518]
12:00:37.751475 ALT: 0.73
12:00:37.751610 ATT: [1.0, -1.0, 274]
12:00:37.751883 ACC: [9, 10, 519]
12:00:37.799325 ALT: 0.73
12:00:37.799462 ATT: [1.0, -1.0, 274]
12:00:37.799597 ACC: [8, 9, 518]
12:00:37.847113 ALT: 0.73
12:00:37.847300 ATT: [1.0, -1.0, 274]
12:00:37.847506 ACC: [9, 10, 518]
12:00:37.895452 ALT: 0.73
12:00:37.895574 ATT: [1.0, -1.0, 274]
12:00:37.895982 ACC: [8, 9, 518]
12:00:37.943188 ALT: 0.73
12:00:37.943306 ATT: [1.0, -1.0, 274]
12:00:37.943465 ACC: [9, 9, 519]
12:00:37.991557 ALT: 0.73
12:00:37.991828 ATT: [1.0, -1.0, 274]
12:00:37.992198 ACC: [8, 9, 518]
12:00:38.044358 ALT: 0.73
12:00:38.044665 ATT: [1.0, -1.0, 274]
12:00:38.045019 ACC: [8, 10, 518]
12:00:38.103357 ALT: 0.73
12:00:38.103481 ATT: [1.0, -1.0, 274]
12:00:38.103697 ACC: [9, 9, 518]
12:00:38.151411 ALT: 0.73
12:00:38.151535 ATT: [1.0, -1.0, 274]
12:00:38.151785 ACC: [9, 10, 519]
12:00:38.200375 ALT: 0.73
12:00:38.200592 ATT: [1.0, -1.0, 274]
12:00:38.200945 ACC: [9, 10, 519]
12:00:38.247479 ALT: 0.73
12:00:38.247653 ATT: [1.0, -1.0, 274]
12:00:38.248060 ACC: [9, 9, 518]
12:00:38.295999 ALT: 0.73
12:00:38.296160 ATT: [1.0, -1.0, 274]
12:00:38.296435 ACC: [9, 10, 518]
12:00:38.344723 ALT: 0.73
12:00:38.344827 ATT: [1.0, -1.0, 274]
12:00:38.344987 ACC: [9, 9, 518]
12:00:38.391696 ALT: 0.73
12:00:38.391930 ATT: [1.0, -1.0, 274]
12:00:38.392311 ACC: [9, 9, 518]
12:00:38.439591 ALT: 0.73
12:00:38.439926 ATT: [1.0, -1.0, 274]
12:00:38.440223 ACC: [9, 10, 518]
12:00:38.487464 ALT: 0.73
12:00:38.487600 ATT: [1.0, -1.0, 274]
12:00:38.487833 ACC: [9, 10, 519]
12:00:38.535812 ALT: 0.73
12:00:38.535933 ATT: [1.0, -1.0, 274]
12:00:38.536112 ACC: [9, 9, 518]
12:00:38.583348 ALT: 0.73
12:00:38.583502 ATT: [1.0, -1.0, 274]
12:00:38.583708 ACC: [9, 9, 518]
12:00:38.631358 ALT: 0.73
12:00:38.631466 ATT: [1.0, -1.0, 274]
12:00:38.631631 ACC: [9, 9, 518]
12:00:38.679563 ALT: 0.73
12:00:38.679666 ATT: [1.0, -1.0, 274]
12:00:38.680016 ACC: [8, 9, 518]
12:00:38.727586 ALT: 0.73
12:00:38.727706 ATT: [1.0, -1.0, 274]
12:00:38.727964 ACC: [9, 9, 518]
12:00:38.775406 ALT: 0.73
12:00:38.775535 ATT: [1.0, -1.0, 274]
12:00:38.775715 ACC: [9, 9, 518]
12:00:38.826771 ALT: 0.73
12:00:38.826863 ATT: [1.0, -1.0, 274]
12:00:38.827096 ACC: [9, 10, 518]
12:00:38.871322 ALT: 0.73
12:00:38.871427 ATT: [1.0, -1.0, 274]
12:00:38.871596 ACC: [9, 9, 518]
12:00:38.920170 ALT: 0.73
12:00:38.920424 ATT: [1.0, -1.0, 274]
12:00:38.920865 ACC: [9, 9, 518]
12:00:38.969417 ALT: 0.73
12:00:38.969527 ATT: [1.0, -1.0, 274]
12:00:38.969710 ACC: [8, 9, 518]
12:00:39.015996 ALT: 0.73
12:00:39.016111 ATT: [1.0, -1.0, 274]
12:00:39.016298 ACC: [8, 9, 518]
12:00:39.064175 ALT: 0.73
12:00:39.064272 ATT: [1.0, -1.0, 274]
12:00:39.064404 ACC: [9, 10, 518]
12:00:39.111466 ALT: 0.73
12:00:39.111582 ATT: [1.0, -1.0, 274]
12:00:39.111900 ACC: [9, 9, 518]
12:00:39.159508 ALT: 0.73
12:00:39.159622 ATT: [1.0, -1.0, 274]
12:00:39.159891 ACC: [9, 10, 518]
12:00:39.207603 ALT: 0.73
12:00:39.207855 ATT: [1.0, -1.0, 274]
12:00:39.208165 ACC: [9, 9, 518]
12:00:39.255326 ALT: 0.73
12:00:39.255427 ATT: [1.0, -1.0, 274]
12:00:39.255580 ACC: [9, 9, 518]
12:00:39.303349 ALT: 0.73
12:00:39.303445 ATT: [1.0, -1.0, 274]
12:00:39.303585 ACC: [9, 9, 518]
12:00:39.351575 ALT: 0.73
12:00:39.351711 ATT: [1.0, -1.0, 274]
12:00:39.352074 ACC: [9, 10, 518]
12:00:39.399607 ALT: 0.73
12:00:39.399740 ATT: [1.0, -1.0, 274]
12:00:39.400224 ACC: [9, 9, 518]
12:00:39.465634 ALT: 0.73
12:00:39.465823 ATT: [1.0, -1.0, 274]
12:00:39.466149 ACC: [9, 9, 518]
12:00:39.511579 ALT: 0.73
12:00:39.511706 ATT: [1.0, -1.0, 274]
12:00:39.512025 ACC: [9, 9, 518]
12:00:39.559523 ALT: 0.73
12:00:39.559645 ATT: [1.0, -1.0, 274]
12:00:39.560023 ACC: [9, 9, 518]
12:00:39.608206 ALT: 0.73
12:00:39.608410 ATT: [1.0, -1.0, 274]
12:00:39.608897 ACC: [9, 10, 518]
12:00:39.655373 ALT: 0.73
12:00:39.655486 ATT: [1.0, -1.0, 274]
12:00:39.655644 ACC: [8, 9, 518]
12:00:39.709603 ALT: 0.73
12:00:39.709733 ATT: [1.0, -1.0, 274]
12:00:39.709976 ACC: [9, 9, 518]
12:00:39.767624 ALT: 0.73
12:00:39.768067 ATT: [1.0, -1.0, 274]
12:00:39.768509 ACC: [8, 9, 518]
12:00:39.818022 ALT: 0.73
12:00:39.818123 ATT: [1.0, -1.0, 274]
12:00:39.818294 ACC: [9, 10, 518]
12:00:39.863642 ALT: 0.73
12:00:39.863820 ATT: [1.0, -1.0, 274]
12:00:39.864034 ACC: [9, 9, 519]
12:00:39.911599 ALT: 0.73
12:00:39.911787 ATT: [1.0, -1.0, 274]
12:00:39.911998 ACC: [9, 10, 518]
12:00:39.960027 ALT: 0.73
12:00:39.960426 ATT: [1.0, -1.0, 274]
12:00:39.960753 ACC: [9, 9, 518]
12:00:40.008282 ALT: 0.73
12:00:40.008739 ATT: [1.0, -1.0, 274]
12:00:40.009271 ACC: [9, 9, 518]
12:00:40.055865 ALT: 0.73
12:00:40.056079 ATT: [1.0, -1.0, 274]
12:00:40.056393 ACC: [9, 10, 518]
12:00:40.103631 ALT: 0.73
12:00:40.103809 ATT: [1.0, -1.0, 274]
12:00:40.104100 ACC: [9, 10, 518]
12:00:40.151562 ALT: 0.73
12:00:40.151670 ATT: [1.0, -1.0, 274]
12:00:40.151885 ACC: [9, 9, 518]
12:00:40.199551 ALT: 0.73
12:00:40.199648 ATT: [1.0, -1.0, 274]
12:00:40.199926 ACC: [8, 10, 518]
12:00:40.248179 ALT: 0.73
12:00:40.248275 ATT: [1.0, -1.0, 274]
12:00:40.248421 ACC: [9, 9, 518]
12:00:40.295822 ALT: 0.73
12:00:40.295958 ATT: [1.0, -1.0, 274]
12:00:40.296156 ACC: [9, 9, 518]
12:00:40.344192 ALT: 0.73
12:00:40.344309 ATT: [1.0, -1.0, 274]
12:00:40.344527 ACC: [9, 10, 518]
12:00:40.392099 ALT: 0.73
12:00:40.392346 ATT: [1.0, -1.0, 274]
12:00:40.392614 ACC: [9, 10, 517]
12:00:40.439559 ALT: 0.73
12:00:40.439667 ATT: [1.0, -1.0, 274]
12:00:40.439874 ACC: [9, 10, 517]
12:00:40.488225 ALT: 0.73
12:00:40.488387 ATT: [1.0, -1.0, 274]
12:00:40.488643 ACC: [9, 10, 518]
12:00:40.535661 ALT: 0.73
12:00:40.535911 ATT: [1.0, -1.0, 274]
12:00:40.536204 ACC: [8, 10, 517]
12:00:40.584234 ALT: 0.73
12:00:40.584343 ATT: [1.0, -1.0, 274]
12:00:40.584507 ACC: [9, 10, 518]
12:00:40.633406 ALT: 0.73
12:00:40.633501 ATT: [1.0, -1.0, 274]
12:00:40.633647 ACC: [9, 10, 518]
12:00:40.679854 ALT: 0.73
12:00:40.680200 ATT: [1.1, -1.0, 274]
12:00:40.680414 ACC: [8, 10, 517]
12:00:40.727613 ALT: 0.73
12:00:40.727734 ATT: [1.1, -1.0, 274]
12:00:40.727969 ACC: [9, 9, 518]
12:00:40.775980 ALT: 0.73
12:00:40.776139 ATT: [1.0, -1.0, 274]
12:00:40.776357 ACC: [9, 9, 518]
12:00:40.827963 ALT: 0.73
12:00:40.828084 ATT: [1.0, -1.0, 274]
12:00:40.828261 ACC: [8, 10, 518]
12:00:40.871986 ALT: 0.73
12:00:40.872085 ATT: [1.0, -1.0, 274]
12:00:40.872226 ACC: [9, 10, 518]
12:00:40.919984 ALT: 0.73
12:00:40.920187 ATT: [1.0, -0.9, 275]
12:00:40.920568 ACC: [8, 10, 518]
12:00:40.969745 ALT: 0.73
12:00:40.970152 ATT: [1.0, -1.0, 275]
12:00:40.970692 ACC: [9, 9, 518]
12:00:41.016746 ALT: 0.73
12:00:41.017033 ATT: [1.0, -1.0, 275]
12:00:41.017576 ACC: [9, 9, 518]
12:00:41.065340 ALT: 0.73
12:00:41.065458 ATT: [1.0, -1.0, 275]
12:00:41.065657 ACC: [9, 10, 518]
12:00:41.115181 ALT: 0.73
12:00:41.115347 ATT: [1.0, -1.0, 275]
12:00:41.116084 ACC: [9, 9, 518]
12:00:41.159830 ALT: 0.73
12:00:41.160149 ATT: [1.0, -0.9, 275]
12:00:41.160316 ACC: [8, 9, 518]
12:00:41.207621 ALT: 0.73
12:00:41.207735 ATT: [1.0, -1.0, 275]
12:00:41.208023 ACC: [9, 9, 519]
12:00:41.255607 ALT: 0.73
12:00:41.255711 ATT: [1.0, -0.9, 275]
12:00:41.255881 ACC: [9, 10, 518]
12:00:41.303703 ALT: 0.73
12:00:41.303847 ATT: [1.0, -0.9, 274]
12:00:41.304000 ACC: [8, 9, 518]
12:00:41.352211 ALT: 0.73
12:00:41.352314 ATT: [1.0, -0.9, 274]
12:00:41.352461 ACC: [9, 10, 518]
12:00:41.399777 ALT: 0.73
12:00:41.400024 ATT: [1.0, -0.9, 274]
12:00:41.400563 ACC: [8, 9, 519]
12:00:41.448057 ALT: 0.73
12:00:41.448178 ATT: [1.0, -1.0, 274]
12:00:41.448537 ACC: [9, 9, 519]
12:00:41.495728 ALT: 0.73
12:00:41.495887 ATT: [1.0, -1.0, 274]
12:00:41.496073 ACC: [9, 10, 519]
12:00:41.560017 ALT: 0.73
12:00:41.560179 ATT: [1.0, -1.0, 275]
12:00:41.560417 ACC: [9, 10, 519]
12:00:41.607880 ALT: 0.73
12:00:41.608013 ATT: [1.0, -1.0, 275]
12:00:41.608192 ACC: [8, 10, 518]
12:00:41.655875 ALT: 0.73
12:00:41.655977 ATT: [1.0, -0.9, 275]
12:00:41.656145 ACC: [8, 9, 518]
12:00:41.703770 ALT: 0.73
12:00:41.703895 ATT: [1.0, -1.0, 275]
12:00:41.704052 ACC: [9, 10, 518]
12:00:41.752076 ALT: 0.73
12:00:41.752174 ATT: [1.0, -1.0, 275]
12:00:41.752322 ACC: [9, 9, 519]
12:00:41.800056 ALT: 0.73
12:00:41.800348 ATT: [1.0, -1.0, 275]
12:00:41.800579 ACC: [8, 9, 518]
12:00:41.848146 ALT: 0.73
12:00:41.848244 ATT: [1.0, -0.9, 275]
12:00:41.848410 ACC: [8, 9, 518]
12:00:41.900599 ALT: 0.73
12:00:41.900709 ATT: [1.0, -0.9, 275]
12:00:41.900869 ACC: [9, 9, 519]
12:00:41.948898 ALT: 0.73
12:00:41.949035 ATT: [1.0, -0.9, 275]
12:00:41.949149 ACC: [9, 9, 518]
12:00:41.995150 ALT: 0.73
12:00:41.995259 ATT: [1.0, -1.0, 275]
12:00:41.995419 ACC: [9, 9, 518]
12:00:42.039674 ALT: 0.73
12:00:42.039837 ATT: [1.0, -1.0, 275]
12:00:42.040000 ACC: [9, 10, 518]
12:00:42.087881 ALT: 0.73
12:00:42.087984 ATT: [1.0, -1.0, 275]
12:00:42.088135 ACC: [9, 9, 518]
12:00:42.135851 ALT: 0.73
12:00:42.135945 ATT: [1.0, -1.0, 275]
12:00:42.136088 ACC: [9, 10, 519]
12:00:42.183923 ALT: 0.73
12:00:42.184027 ATT: [1.0, -1.0, 275]
12:00:42.184184 ACC: [9, 9, 519]
12:00:42.231868 ALT: 0.79
12:00:42.232232 ATT: [1.0, -1.0, 275]
12:00:42.232796 ACC: [2406, 2304, 1536]
12:00:42.279915 ALT: 0.81
12:00:42.280051 ATT: [1.0, -1.0, 275]
12:00:42.280244 ACC: [9, 10, 518]
12:00:42.331333 ALT: 0.81
12:00:42.331441 ATT: [1.0, -1.0, 275]
12:00:42.331612 ACC: [8, 10, 518]
12:00:42.376020 ALT: 0.81
12:00:42.376147 ATT: [1.0, -1.0, 275]
12:00:42.376416 ACC: [9, 9, 518]
12:00:42.423855 ALT: 0.81
12:00:42.423969 ATT: [1.0, -1.0, 275]
12:00:42.424159 ACC: [9, 10, 518]
12:00:42.472057 ALT: 0.81
12:00:42.472156 ATT: [1.0, -1.0, 275]
12:00:42.472372 ACC: [9, 9, 518]
12:00:42.519925 ALT: 0.81
12:00:42.520025 ATT: [1.0, -1.0, 275]
12:00:42.520175 ACC: [9, 10, 518]
12:00:42.568183 ALT: 0.81
12:00:42.568316 ATT: [1.0, -1.0, 275]
12:00:42.569828 ACC: [8, 9, 519]
12:00:42.616128 ALT: 0.81
12:00:42.616247 ATT: [1.0, -1.0, 275]
12:00:42.616765 ACC: [9, 10, 518]
12:00:42.663951 ALT: 0.81
12:00:42.664070 ATT: [1.0, -1.0, 275]
12:00:42.664237 ACC: [9, 10, 518]
12:00:42.712588 ALT: 0.81
12:00:42.712887 ATT: [1.0, -1.0, 275]
12:00:42.713088 ACC: [9, 9, 518]
12:00:42.760490 ALT: 0.81
12:00:42.760739 ATT: [1.0, -1.0, 275]
12:00:42.761072 ACC: [9, 9, 518]
12:00:42.807986 ALT: 0.81
12:00:42.808100 ATT: [1.0, -1.0, 275]
12:00:42.808279 ACC: [8, 10, 519]
12:00:42.856166 ALT: 0.81
12:00:42.856279 ATT: [1.0, -1.0, 275]
12:00:42.856469 ACC: [9, 10, 519]
12:00:42.903948 ALT: 0.81
12:00:42.904044 ATT: [1.0, -1.0, 275]
12:00:42.904187 ACC: [9, 10, 519]
12:00:42.952631 ALT: 0.81
12:00:42.952728 ATT: [1.0, -0.9, 275]
12:00:42.952877 ACC: [8, 10, 519]
12:00:43.001460 ALT: 0.81
12:00:43.001583 ATT: [1.0, -1.0, 275]
12:00:43.001748 ACC: [9, 9, 519]
12:00:43.049465 ALT: 0.81
12:00:43.049599 ATT: [1.0, -1.0, 275]
12:00:43.049822 ACC: [8, 9, 518]
12:00:43.096043 ALT: 0.81
12:00:43.096172 ATT: [1.0, -1.0, 275]
12:00:43.096343 ACC: [9, 10, 518]
12:00:43.144394 ALT: 0.81
12:00:43.144538 ATT: [1.0, -1.0, 275]
12:00:43.144829 ACC: [9, 9, 518]
12:00:43.192163 ALT: 0.81
12:00:43.192267 ATT: [1.0, -0.9, 275]
12:00:43.192427 ACC: [9, 9, 518]
12:00:43.239874 ALT: 0.78
12:00:43.239974 ATT: [1.0, -0.9, 275]
12:00:43.240128 ACC: [8, 9, 518]
12:00:43.288038 ALT: 0.75
12:00:43.288136 ATT: [1.0, -0.9, 275]
12:00:43.288285 ACC: [9, 9, 518]
12:00:43.336110 ALT: 0.75
12:00:43.336228 ATT: [1.0, -1.0, 275]
12:00:43.336454 ACC: [9, 9, 518]
12:00:43.384651 ALT: 0.75
12:00:43.384763 ATT: [1.0, -1.0, 275]
12:00:43.384940 ACC: [9, 9, 518]
12:00:43.432353 ALT: 0.75
12:00:43.432546 ATT: [1.0, -1.0, 275]
12:00:43.432790 ACC: [8, 10, 518]
12:00:43.480256 ALT: 0.75
12:00:43.480367 ATT: [1.0, -1.0, 275]
12:00:43.480536 ACC: [8, 9, 519]
12:00:43.528366 ALT: 0.75
12:00:43.528544 ATT: [1.0, -1.0, 275]
12:00:43.529009 ACC: [9, 9, 519]
12:00:43.592206 ALT: 0.75
12:00:43.592312 ATT: [1.0, -1.0, 275]
12:00:43.592492 ACC: [9, 10, 518]
12:00:43.640007 ALT: 0.78
12:00:43.640125 ATT: [1.0, -1.0, 275]
12:00:43.640297 ACC: [9, 9, 518]
12:00:43.688357 ALT: 0.8
12:00:43.688464 ATT: [1.0, -1.0, 275]
12:00:43.688615 ACC: [9, 10, 518]
12:00:43.736112 ALT: 0.81
12:00:43.736212 ATT: [1.0, -1.0, 275]
12:00:43.736365 ACC: [9, 9, 518]
12:00:43.784235 ALT: 0.81
12:00:43.784349 ATT: [1.0, -0.9, 275]
12:00:43.784507 ACC: [8, 10, 518]
12:00:43.832383 ALT: 0.81
12:00:43.832531 ATT: [1.0, -0.9, 275]
12:00:43.832714 ACC: [9, 9, 518]
12:00:43.880217 ALT: 0.81
12:00:43.880361 ATT: [1.0, -1.0, 275]
12:00:43.880542 ACC: [9, 9, 518]
12:00:43.928666 ALT: 0.81
12:00:43.928768 ATT: [1.0, -1.0, 275]
12:00:43.928944 ACC: [9, 9, 518]
12:00:43.976409 ALT: 0.81
12:00:43.976574 ATT: [1.0, -1.0, 275]
12:00:43.976772 ACC: [8, 9, 518]
12:00:44.024097 ALT: 0.81
12:00:44.024226 ATT: [1.0, -1.0, 275]
12:00:44.024416 ACC: [9, 10, 518]
12:00:44.072144 ALT: 0.81
12:00:44.072247 ATT: [1.0, -1.0, 275]
12:00:44.072449 ACC: [9, 9, 519]
12:00:44.120100 ALT: 0.81
12:00:44.120201 ATT: [1.0, -1.0, 275]
12:00:44.120432 ACC: [9, 11, 518]
12:00:44.168296 ALT: 0.81
12:00:44.168578 ATT: [1.0, -1.0, 275]
12:00:44.169215 ACC: [9, 9, 518]
12:00:44.217652 ALT: 0.81
12:00:44.217751 ATT: [1.0, -1.0, 275]
12:00:44.218008 ACC: [9, 10, 518]
12:00:44.264258 ALT: 0.81
12:00:44.264370 ATT: [1.0, -1.0, 275]
12:00:44.264544 ACC: [8, 10, 517]
12:00:44.315201 ALT: 0.81
12:00:44.315350 ATT: [1.0, -1.0, 275]
12:00:44.315611 ACC: [9, 9, 518]
12:00:44.360890 ALT: 0.76
12:00:44.361077 ATT: [1.0, -1.0, 275]
12:00:44.361464 ACC: [9, 10, 518]
12:00:44.408345 ALT: 0.75
12:00:44.408467 ATT: [1.0, -0.9, 275]
12:00:44.408655 ACC: [8, 10, 518]
12:00:44.456148 ALT: 0.75
12:00:44.456261 ATT: [1.0, -0.9, 275]
12:00:44.456419 ACC: [9, 10, 518]
12:00:44.504159 ALT: 0.75
12:00:44.504259 ATT: [1.0, -1.0, 275]
12:00:44.504422 ACC: [9, 10, 518]
12:00:44.552275 ALT: 0.75
12:00:44.552379 ATT: [1.0, -1.0, 275]
12:00:44.552534 ACC: [8, 10, 519]
12:00:44.600771 ALT: 0.75
12:00:44.600921 ATT: [1.0, -0.9, 275]
12:00:44.601196 ACC: [9, 9, 518]
12:00:44.648369 ALT: 0.75
12:00:44.648757 ATT: [1.0, -0.9, 275]
12:00:44.648953 ACC: [8, 9, 518]
12:00:44.696833 ALT: 0.75
12:00:44.697043 ATT: [1.0, -1.0, 275]
12:00:44.697229 ACC: [9, 10, 518]
12:00:44.744598 ALT: 0.75
12:00:44.744826 ATT: [1.0, -1.0, 275]
12:00:44.745194 ACC: [9, 9, 517]
12:00:44.795898 ALT: 0.75
12:00:44.796010 ATT: [1.0, -1.0, 275]
12:00:44.796194 ACC: [9, 9, 517]
12:00:44.840173 ALT: 0.75
12:00:44.840279 ATT: [1.0, -1.0, 275]
12:00:44.840426 ACC: [8, 10, 518]
12:00:44.888424 ALT: 0.75
12:00:44.888573 ATT: [1.0, -1.0, 275]
12:00:44.888752 ACC: [9, 10, 518]
12:00:44.936723 ALT: 0.75
12:00:44.936826 ATT: [1.0, -1.0, 275]
12:00:44.936992 ACC: [9, 9, 518]
12:00:44.984376 ALT: 0.75
12:00:44.984565 ATT: [1.0, -1.0, 274]
12:00:44.984847 ACC: [9, 10, 518]
12:00:45.034878 ALT: 0.75
12:00:45.035029 ATT: [1.0, -1.0, 274]
12:00:45.035214 ACC: [9, 10, 518]
12:00:45.082703 ALT: 0.75
12:00:45.082806 ATT: [1.0, -1.0, 274]
12:00:45.082957 ACC: [9, 9, 518]
12:00:45.128452 ALT: 0.75
12:00:45.128560 ATT: [1.0, -1.0, 274]
12:00:45.128738 ACC: [9, 10, 518]
12:00:45.176501 ALT: 0.75
12:00:45.176669 ATT: [1.0, -1.0, 274]
12:00:45.176904 ACC: [9, 10, 518]
12:00:45.224342 ALT: 0.75
12:00:45.224467 ATT: [1.0, -1.0, 274]
12:00:45.224647 ACC: [8, 10, 518]
12:00:45.272802 ALT: 0.75
12:00:45.272903 ATT: [1.0, -1.0, 274]
12:00:45.273063 ACC: [8, 10, 518]
12:00:45.321851 ALT: 0.75
12:00:45.321952 ATT: [1.0, -1.0, 274]
12:00:45.322105 ACC: [9, 9, 518]
12:00:45.368579 ALT: 0.75
12:00:45.368679 ATT: [1.0, -1.0, 274]
12:00:45.368869 ACC: [9, 9, 518]
12:00:45.416408 ALT: 0.75
12:00:45.416509 ATT: [1.0, -1.0, 274]
12:00:45.416667 ACC: [8, 9, 518]
12:00:45.464670 ALT: 0.75
12:00:45.464790 ATT: [1.0, -1.0, 274]
12:00:45.464981 ACC: [9, 10, 517]
12:00:45.512256 ALT: 0.75
12:00:45.512368 ATT: [1.0, -1.0, 274]
12:00:45.512551 ACC: [9, 10, 518]
12:00:45.564785 ALT: 0.75
12:00:45.564906 ATT: [1.0, -1.0, 274]
12:00:45.565079 ACC: [9, 9, 518]
12:00:45.608558 ALT: 0.75
12:00:45.608670 ATT: [1.0, -1.0, 274]
12:00:45.609677 ACC: [9, 9, 517]
12:00:45.672335 ALT: 0.75
12:00:45.672439 ATT: [1.0, -1.0, 274]
12:00:45.672600 ACC: [8, 9, 518]
12:00:45.720304 ALT: 0.75
12:00:45.720406 ATT: [1.0, -1.0, 274]
12:00:45.720564 ACC: [9, 10, 518]
12:00:45.768704 ALT: 0.75
12:00:45.769109 ATT: [1.0, -1.0, 274]
12:00:45.769560 ACC: [8, 10, 518]
12:00:45.816416 ALT: 0.75
12:00:45.816565 ATT: [1.0, -1.0, 274]
12:00:45.816831 ACC: [9, 9, 518]
12:00:45.864382 ALT: 0.75
12:00:45.864496 ATT: [1.0, -1.0, 274]
12:00:45.864683 ACC: [9, 9, 518]
12:00:45.916199 ALT: 0.75
12:00:45.916341 ATT: [1.0, -1.0, 274]
12:00:45.916667 ACC: [8, 10, 518]
12:00:45.960269 ALT: 0.75
12:00:45.960379 ATT: [1.0, -1.0, 274]
12:00:45.960537 ACC: [9, 9, 518]
12:00:46.008285 ALT: 0.75
12:00:46.008397 ATT: [1.0, -1.0, 274]
12:00:46.008924 ACC: [9, 10, 518]
12:00:46.056364 ALT: 0.75
12:00:46.056461 ATT: [1.0, -1.0, 274]
12:00:46.056604 ACC: [9, 9, 518]
12:00:46.104345 ALT: 0.75
12:00:46.104448 ATT: [1.0, -1.0, 274]
12:00:46.104669 ACC: [9, 9, 518]
12:00:46.152374 ALT: 0.75
12:00:46.152477 ATT: [1.0, -1.0, 274]
12:00:46.152627 ACC: [9, 10, 517]
12:00:46.200377 ALT: 0.75
12:00:46.200514 ATT: [1.0, -1.0, 274]
12:00:46.200730 ACC: [9, 9, 518]
12:00:46.248769 ALT: 0.75
12:00:46.249167 ATT: [1.0, -1.0, 274]
12:00:46.249464 ACC: [9, 10, 518]
12:00:46.298105 ALT: 0.75
12:00:46.298277 ATT: [1.0, -1.0, 274]
12:00:46.299415 ACC: [8, 10, 518]
12:00:46.344542 ALT: 0.75
12:00:46.344658 ATT: [1.0, -1.0, 274]
12:00:46.344891 ACC: [9, 10, 518]
12:00:46.392446 ALT: 0.75
12:00:46.392557 ATT: [1.0, -1.0, 274]
12:00:46.392730 ACC: [8, 9, 518]
12:00:46.440331 ALT: 0.75
12:00:46.440446 ATT: [1.0, -0.9, 274]
12:00:46.440629 ACC: [9, 9, 519]
12:00:46.488424 ALT: 0.75
12:00:46.488521 ATT: [1.0, -1.0, 274]
12:00:46.488660 ACC: [9, 10, 518]
12:00:46.537194 ALT: 0.75
12:00:46.537335 ATT: [1.0, -1.0, 274]
12:00:46.537532 ACC: [9, 10, 518]
12:00:46.584665 ALT: 0.75
12:00:46.584772 ATT: [1.0, -1.0, 274]
12:00:46.584927 ACC: [9, 10, 518]
12:00:46.632393 ALT: 0.75
12:00:46.632540 ATT: [1.0, -1.0, 274]
12:00:46.632785 ACC: [9, 10, 518]
12:00:46.681015 ALT: 0.75
12:00:46.681125 ATT: [1.0, -1.0, 274]
12:00:46.681288 ACC: [9, 10, 518]
12:00:46.729654 ALT: 0.75
12:00:46.729871 ATT: [1.0, -1.0, 274]
12:00:46.730142 ACC: [8, 10, 518]
12:00:46.776370 ALT: 0.75
12:00:46.776489 ATT: [1.0, -1.0, 274]
12:00:46.776681 ACC: [8, 10, 518]
12:00:46.824588 ALT: 0.75
12:00:46.824698 ATT: [1.0, -1.0, 274]
12:00:46.824866 ACC: [9, 10, 518]
12:00:46.872537 ALT: 0.75
12:00:46.872641 ATT: [1.0, -1.0, 274]
12:00:46.872798 ACC: [9, 9, 519]
12:00:46.920491 ALT: 0.75
12:00:46.920698 ATT: [1.0, -1.0, 274]
12:00:46.920882 ACC: [8, 9, 518]
12:00:46.968615 ALT: 0.75
12:00:46.968756 ATT: [1.0, -1.0, 274]
12:00:46.968974 ACC: [9, 9, 518]
12:00:47.016560 ALT: 0.75
12:00:47.016718 ATT: [1.0, -1.0, 274]
12:00:47.017030 ACC: [9, 9, 518]
12:00:47.065274 ALT: 0.75
12:00:47.065504 ATT: [1.0, -1.0, 274]
12:00:47.065672 ACC: [9, 10, 518]
12:00:47.113003 ALT: 0.75
12:00:47.113184 ATT: [1.0, -1.0, 274]
12:00:47.113385 ACC: [9, 9, 518]
12:00:47.160520 ALT: 0.75
12:00:47.160635 ATT: [1.0, -1.0, 274]
12:00:47.160821 ACC: [9, 9, 518]
12:00:47.208561 ALT: 0.75
12:00:47.208679 ATT: [1.0, -1.0, 274]
12:00:47.208863 ACC: [8, 10, 518]
12:00:47.256610 ALT: 0.75
12:00:47.256721 ATT: [1.0, -1.0, 274]
12:00:47.256940 ACC: [9, 9, 517]
12:00:47.304563 ALT: 0.75
12:00:47.304660 ATT: [1.0, -1.0, 274]
12:00:47.304814 ACC: [9, 9, 518]
12:00:47.353123 ALT: 0.75
12:00:47.353242 ATT: [1.0, -1.0, 274]
12:00:47.353416 ACC: [8, 10, 518]
12:00:47.400685 ALT: 0.75
12:00:47.400791 ATT: [1.0, -1.0, 274]
12:00:47.400954 ACC: [9, 9, 518]
12:00:47.448887 ALT: 0.75
12:00:47.448999 ATT: [1.0, -1.0, 274]
12:00:47.449227 ACC: [9, 10, 518]
12:00:47.497858 ALT: 0.75
12:00:47.498170 ATT: [1.0, -1.0, 274]
12:00:47.498411 ACC: [9, 10, 519]
12:00:47.560638 ALT: 0.75
12:00:47.560752 ATT: [1.0, -1.0, 274]
12:00:47.561013 ACC: [9, 9, 518]
12:00:47.608610 ALT: 0.75
12:00:47.608710 ATT: [1.0, -1.0, 274]
12:00:47.608866 ACC: [9, 10, 518]
12:00:47.656578 ALT: 0.75
12:00:47.656674 ATT: [1.0, -1.0, 274]
12:00:47.656816 ACC: [8, 10, 518]
12:00:47.704541 ALT: 0.75
12:00:47.704643 ATT: [1.0, -1.0, 274]
12:00:47.704798 ACC: [9, 9, 517]
12:00:47.768858 ALT: 0.75
12:00:47.768990 ATT: [1.0, -1.0, 274]
12:00:47.769205 ACC: [9, 9, 518]
12:00:47.816658 ALT: 0.75
12:00:47.816764 ATT: [1.0, -1.0, 274]
12:00:47.816918 ACC: [9, 10, 518]
12:00:47.864827 ALT: 0.75
12:00:47.864934 ATT: [1.0, -1.0, 274]
12:00:47.865161 ACC: [9, 9, 518]
12:00:47.915427 ALT: 0.75
12:00:47.915536 ATT: [1.0, -1.0, 274]
12:00:47.915704 ACC: [9, 9, 518]
12:00:47.965241 ALT: 0.75
12:00:47.965350 ATT: [1.0, -1.0, 274]
12:00:47.965625 ACC: [9, 9, 518]
12:00:48.008902 ALT: 0.75
12:00:48.009008 ATT: [1.0, -1.0, 274]
12:00:48.009172 ACC: [9, 10, 518]
12:00:48.056652 ALT: 0.75
12:00:48.056752 ATT: [1.0, -1.0, 274]
12:00:48.056899 ACC: [9, 10, 519]
12:00:48.104662 ALT: 0.75
12:00:48.104755 ATT: [1.0, -1.0, 274]
12:00:48.104938 ACC: [9, 10, 518]
12:00:48.152896 ALT: 0.75
12:00:48.153045 ATT: [1.0, -1.0, 274]
12:00:48.153266 ACC: [9, 10, 517]
12:00:48.201282 ALT: 0.75
12:00:48.201522 ATT: [1.0, -1.0, 274]
12:00:48.201881 ACC: [9, 10, 518]
12:00:48.249231 ALT: 0.75
12:00:48.249612 ATT: [1.0, -1.0, 274]
12:00:48.249870 ACC: [9, 10, 518]
12:00:48.297531 ALT: 0.75
12:00:48.297626 ATT: [1.0, -1.0, 274]
12:00:48.297755 ACC: [9, 10, 518]
12:00:48.345507 ALT: 0.75
12:00:48.345610 ATT: [1.0, -1.0, 274]
12:00:48.345772 ACC: [9, 10, 518]
12:00:48.392625 ALT: 0.75
12:00:48.392733 ATT: [1.0, -1.0, 274]
12:00:48.392898 ACC: [9, 10, 518]
12:00:48.440791 ALT: 0.75
12:00:48.440893 ATT: [1.1, -1.0, 274]
12:00:48.441051 ACC: [9, 10, 518]
12:00:48.488728 ALT: 0.75
12:00:48.488826 ATT: [1.0, -1.0, 274]
12:00:48.488985 ACC: [9, 10, 518]
12:00:48.536942 ALT: 0.75
12:00:48.537119 ATT: [1.1, -1.0, 274]
12:00:48.537318 ACC: [8, 10, 518]
12:00:48.585418 ALT: 0.75
12:00:48.585516 ATT: [1.0, -1.0, 274]
12:00:48.585665 ACC: [9, 9, 518]
12:00:48.632823 ALT: 0.75
12:00:48.633119 ATT: [1.0, -1.0, 274]
12:00:48.633674 ACC: [9, 10, 518]
12:00:48.681234 ALT: 0.75
12:00:48.681384 ATT: [1.0, -1.0, 274]
12:00:48.681563 ACC: [9, 10, 518]
12:00:48.729695 ALT: 0.75
12:00:48.729783 ATT: [1.0, -1.0, 274]
12:00:48.729897 ACC: [8, 9, 518]
12:00:48.776685 ALT: 0.8
12:00:48.776793 ATT: [1.0, -1.0, 274]
12:00:48.776967 ACC: [9, 10, 518]
12:00:48.824813 ALT: 0.81
12:00:48.824921 ATT: [1.0, -1.0, 274]
12:00:48.825091 ACC: [9, 10, 518]
12:00:48.872869 ALT: 0.81
12:00:48.872977 ATT: [1.0, -1.0, 274]
12:00:48.873290 ACC: [9, 9, 518]
12:00:48.921244 ALT: 0.81
12:00:48.921340 ATT: [1.0, -1.0, 274]
12:00:48.921482 ACC: [9, 10, 519]
12:00:48.970741 ALT: 0.81
12:00:48.970837 ATT: [1.0, -1.0, 274]
12:00:48.971030 ACC: [9, 10, 518]
12:00:49.017112 ALT: 0.81
12:00:49.017383 ATT: [1.0, -1.0, 274]
12:00:49.018155 ACC: [9, 9, 518]
12:00:49.065674 ALT: 0.81
12:00:49.065922 ATT: [1.0, -1.0, 274]
12:00:49.066114 ACC: [9, 9, 518]
12:00:49.113473 ALT: 0.81
12:00:49.113593 ATT: [1.0, -1.0, 274]
12:00:49.113849 ACC: [9, 9, 518]
12:00:49.160707 ALT: 0.81
12:00:49.160814 ATT: [1.0, -1.0, 274]
12:00:49.160976 ACC: [8, 9, 518]
12:00:49.208947 ALT: 0.81
12:00:49.209058 ATT: [1.0, -1.0, 274]
12:00:49.209229 ACC: [9, 10, 518]
12:00:49.256818 ALT: 0.81
12:00:49.256924 ATT: [1.0, -1.0, 274]
12:00:49.257088 ACC: [9, 9, 518]
12:00:49.305285 ALT: 0.81
12:00:49.305479 ATT: [1.0, -1.0, 274]
12:00:49.305680 ACC: [9, 10, 518]
12:00:49.353286 ALT: 0.81
12:00:49.353464 ATT: [1.0, -1.0, 274]
12:00:49.353744 ACC: [8, 9, 518]
12:00:49.401209 ALT: 0.81
12:00:49.401601 ATT: [1.0, -1.0, 274]
12:00:49.402076 ACC: [9, 9, 518]
12:00:49.449000 ALT: 0.81
12:00:49.449114 ATT: [1.0, -1.0, 274]
12:00:49.449286 ACC: [9, 9, 518]
12:00:49.496938 ALT: 0.81
12:00:49.497060 ATT: [1.0, -1.0, 274]
12:00:49.497229 ACC: [8, 9, 518]
12:00:49.545535 ALT: 0.81
12:00:49.545926 ATT: [1.0, -1.0, 274]
12:00:49.547511 ACC: [9, 9, 518]
12:00:49.592892 ALT: 0.81
12:00:49.593017 ATT: [1.0, -1.0, 274]
12:00:49.593208 ACC: [8, 10, 518]
12:00:49.640992 ALT: 0.81
12:00:49.641119 ATT: [1.0, -1.0, 274]
12:00:49.641364 ACC: [9, 10, 517]
12:00:49.689301 ALT: 0.81
12:00:49.689426 ATT: [1.0, -1.0, 274]
12:00:49.689610 ACC: [9, 10, 518]
12:00:49.737822 ALT: 0.81
12:00:49.737947 ATT: [1.0, -1.0, 274]
12:00:49.738130 ACC: [8, 10, 518]
12:00:49.802447 ALT: 0.81
12:00:49.803090 ATT: [1.0, -1.0, 274]
12:00:49.803353 ACC: [8, 9, 517]
12:00:49.849502 ALT: 0.81
12:00:49.849661 ATT: [1.0, -1.0, 274]
12:00:49.849957 ACC: [9, 10, 518]
12:00:49.897359 ALT: 0.81
12:00:49.897460 ATT: [1.0, -1.0, 274]
12:00:49.897654 ACC: [9, 10, 518]
12:00:49.946387 ALT: 0.81
12:00:49.947381 ATT: [1.0, -1.0, 274]
12:00:49.947616 ACC: [9, 9, 518]
12:00:49.992853 ALT: 0.81
12:00:49.992973 ATT: [1.0, -1.0, 274]
12:00:49.993138 ACC: [9, 10, 518]
12:00:50.041010 ALT: 0.81
12:00:50.041132 ATT: [1.0, -1.0, 274]
12:00:50.041333 ACC: [9, 10, 518]
12:00:50.089360 ALT: 0.81
12:00:50.089983 ATT: [1.0, -1.0, 274]
12:00:50.090483 ACC: [9, 10, 517]
12:00:50.137128 ALT: 0.81
12:00:50.137238 ATT: [1.0, -1.0, 274]
12:00:50.137399 ACC: [9, 10, 517]
12:00:50.185667 ALT: 0.81
12:00:50.185773 ATT: [1.0, -1.0, 274]
12:00:50.185942 ACC: [9, 10, 517]
12:00:50.233176 ALT: 0.81
12:00:50.233288 ATT: [1.0, -1.0, 274]
12:00:50.233510 ACC: [9, 10, 518]
12:00:50.281463 ALT: 0.81
12:00:50.281560 ATT: [1.0, -1.0, 274]
12:00:50.281708 ACC: [8, 10, 518]
12:00:50.329309 ALT: 0.81
12:00:50.329409 ATT: [1.0, -1.0, 274]
12:00:50.329564 ACC: [9, 9, 518]
12:00:50.377161 ALT: 0.81
12:00:50.377266 ATT: [1.0, -1.0, 274]
12:00:50.377433 ACC: [9, 9, 518]
12:00:50.425225 ALT: 0.81
12:00:50.425328 ATT: [1.0, -1.0, 274]
12:00:50.425486 ACC: [8, 10, 518]
12:00:50.472998 ALT: 0.81
12:00:50.473101 ATT: [1.0, -1.0, 274]
12:00:50.473311 ACC: [8, 10, 518]
12:00:50.521307 ALT: 0.81
12:00:50.521406 ATT: [1.0, -1.0, 274]
12:00:50.521562 ACC: [9, 9, 518]
12:00:50.569482 ALT: 0.81
12:00:50.569981 ATT: [1.0, -1.0, 274]
12:00:50.570163 ACC: [9, 9, 518]
12:00:50.617515 ALT: 0.81
12:00:50.617693 ATT: [1.0, -1.0, 274]
12:00:50.617904 ACC: [8, 10, 518]
12:00:50.665126 ALT: 0.81
12:00:50.665230 ATT: [1.0, -1.0, 274]
12:00:50.665403 ACC: [9, 9, 518]
12:00:50.714071 ALT: 0.81
12:00:50.714192 ATT: [1.0, -1.0, 274]
12:00:50.714427 ACC: [9, 9, 517]
12:00:50.761312 ALT: 0.81
12:00:50.761410 ATT: [1.0, -1.0, 274]
12:00:50.761557 ACC: [8, 10, 518]
12:00:50.809219 ALT: 0.81
12:00:50.809332 ATT: [1.0, -1.0, 274]
12:00:50.809526 ACC: [9, 9, 518]
12:00:50.857189 ALT: 0.81
12:00:50.857308 ATT: [1.0, -1.0, 274]
12:00:50.857508 ACC: [9, 10, 518]
12:00:50.906012 ALT: 0.81
12:00:50.906134 ATT: [1.0, -1.0, 274]
12:00:50.906352 ACC: [9, 10, 518]
12:00:50.953773 ALT: 0.81
12:00:50.954116 ATT: [1.0, -1.0, 274]
12:00:50.956049 ACC: [9, 9, 518]
12:00:51.002209 ALT: 0.81
12:00:51.002312 ATT: [1.0, -1.0, 274]
12:00:51.002469 ACC: [9, 10, 518]
12:00:51.049301 ALT: 0.81
12:00:51.049711 ATT: [1.0, -1.0, 274]
12:00:51.050045 ACC: [9, 9, 518]
12:00:51.097613 ALT: 0.81
12:00:51.097745 ATT: [1.0, -1.0, 274]
12:00:51.097948 ACC: [9, 10, 518]
12:00:51.145240 ALT: 0.81
12:00:51.145350 ATT: [1.0, -1.0, 274]
12:00:51.145552 ACC: [9, 9, 518]
12:00:51.192981 ALT: 0.81
12:00:51.193095 ATT: [1.0, -1.0, 274]
12:00:51.193265 ACC: [9, 9, 518]
12:00:51.241185 ALT: 0.81
12:00:51.241311 ATT: [1.0, -1.0, 274]
12:00:51.241568 ACC: [9, 10, 518]
12:00:51.289921 ALT: 0.81
12:00:51.290053 ATT: [1.0, -1.0, 274]
12:00:51.290252 ACC: [9, 10, 518]
12:00:51.338324 ALT: 0.81
12:00:51.338434 ATT: [1.0, -1.0, 274]
12:00:51.338610 ACC: [8, 10, 519]
12:00:51.385540 ALT: 0.81
12:00:51.385921 ATT: [1.0, -1.0, 274]
12:00:51.386754 ACC: [9, 9, 518]
12:00:51.433673 ALT: 0.81
12:00:51.433784 ATT: [1.0, -1.0, 274]
12:00:51.433950 ACC: [8, 9, 518]
12:00:51.482065 ALT: 0.81
12:00:51.482286 ATT: [1.0, -1.0, 274]
12:00:51.482580 ACC: [9, 10, 519]
12:00:51.529872 ALT: 0.81
12:00:51.530216 ATT: [1.0, -1.0, 274]
12:00:51.530408 ACC: [8, 10, 518]
12:00:51.577264 ALT: 0.81
12:00:51.577380 ATT: [1.0, -1.0, 274]
12:00:51.577567 ACC: [9, 9, 517]
12:00:51.625325 ALT: 0.81
12:00:51.625444 ATT: [1.0, -1.0, 274]
12:00:51.625634 ACC: [9, 10, 518]
12:00:51.673198 ALT: 0.81
12:00:51.673299 ATT: [1.0, -1.0, 274]
12:00:51.673462 ACC: [9, 9, 518]
12:00:51.721301 ALT: 0.81
12:00:51.721404 ATT: [1.0, -1.0, 274]
12:00:51.721563 ACC: [9, 10, 518]
12:00:51.769361 ALT: 0.81
12:00:51.769708 ATT: [1.0, -1.0, 274]
12:00:51.770085 ACC: [9, 10, 518]
12:00:51.817758 ALT: 0.81
12:00:51.817880 ATT: [1.0, -1.0, 274]
12:00:51.818071 ACC: [9, 9, 518]
12:00:51.881348 ALT: 0.81
12:00:51.881449 ATT: [1.0, -1.0, 274]
12:00:51.881604 ACC: [8, 9, 518]
12:00:51.930426 ALT: 0.81
12:00:51.930913 ATT: [1.0, -1.0, 274]
12:00:51.932158 ACC: [9, 10, 519]
12:00:51.977207 ALT: 0.81
12:00:51.977326 ATT: [1.0, -1.0, 274]
12:00:51.977534 ACC: [9, 10, 518]
12:00:52.025387 ALT: 0.81
12:00:52.025503 ATT: [1.0, -1.0, 274]
12:00:52.025694 ACC: [8, 10, 518]
12:00:52.073261 ALT: 0.81
12:00:52.073412 ATT: [1.0, -1.0, 274]
12:00:52.073581 ACC: [9, 9, 519]
12:00:52.121305 ALT: 0.81
12:00:52.121401 ATT: [1.0, -1.0, 274]
12:00:52.121548 ACC: [9, 9, 518]
12:00:52.169334 ALT: 0.81
12:00:52.169456 ATT: [1.0, -1.0, 274]
12:00:52.169730 ACC: [9, 9, 518]
12:00:52.217988 ALT: 0.81
12:00:52.218090 ATT: [1.0, -1.0, 274]
12:00:52.218370 ACC: [9, 9, 518]
12:00:52.267316 ALT: 0.81
12:00:52.267414 ATT: [1.0, -1.0, 274]
12:00:52.267566 ACC: [9, 10, 518]
12:00:52.313556 ALT: 0.81
12:00:52.313720 ATT: [1.0, -1.0, 274]
12:00:52.313838 ACC: [9, 9, 518]
12:00:52.362014 ALT: 0.81
12:00:52.362189 ATT: [1.0, -1.0, 274]
12:00:52.362394 ACC: [9, 9, 518]
12:00:52.409261 ALT: 0.81
12:00:52.409372 ATT: [1.0, -1.0, 274]
12:00:52.409536 ACC: [9, 9, 518]
12:00:52.457276 ALT: 0.81
12:00:52.457384 ATT: [1.0, -1.0, 274]
12:00:52.457540 ACC: [8, 9, 518]
12:00:52.505783 ALT: 0.81
12:00:52.505879 ATT: [1.0, -1.0, 274]
12:00:52.506102 ACC: [8, 9, 518]
12:00:52.554303 ALT: 0.81
12:00:52.554515 ATT: [1.0, -1.0, 274]
12:00:52.554706 ACC: [9, 9, 518]
12:00:52.601443 ALT: 0.81
12:00:52.601696 ATT: [1.0, -1.0, 274]
12:00:52.602404 ACC: [8, 10, 518]
12:00:52.650423 ALT: 0.81
12:00:52.650532 ATT: [1.0, -1.0, 274]
12:00:52.650693 ACC: [9, 9, 517]
12:00:52.697592 ALT: 0.81
12:00:52.697691 ATT: [1.0, -1.0, 274]
12:00:52.697851 ACC: [9, 9, 518]
12:00:52.746192 ALT: 0.81
12:00:52.746289 ATT: [1.0, -0.9, 274]
12:00:52.746400 ACC: [8, 10, 518]
12:00:52.793256 ALT: 0.81
12:00:52.793373 ATT: [1.0, -1.0, 274]
12:00:52.793572 ACC: [9, 9, 518]
12:00:52.841255 ALT: 0.81
12:00:52.841353 ATT: [1.0, -1.0, 274]
12:00:52.841514 ACC: [9, 10, 518]
12:00:52.889596 ALT: 0.81
12:00:52.889690 ATT: [1.0, -1.0, 274]
12:00:52.889828 ACC: [8, 9, 518]
12:00:52.937739 ALT: 0.81
12:00:52.938046 ATT: [1.0, -1.0, 274]
12:00:52.938323 ACC: [9, 9, 518]
12:00:52.985884 ALT: 0.81
12:00:52.986102 ATT: [1.0, -1.0, 274]
12:00:52.986311 ACC: [9, 9, 518]
12:00:53.033811 ALT: 0.81
12:00:53.033929 ATT: [1.0, -1.0, 274]
12:00:53.034190 ACC: [9, 10, 518]
12:00:53.081658 ALT: 0.81
12:00:53.081754 ATT: [1.0, -1.0, 274]
12:00:53.082132 ACC: [9, 9, 517]
12:00:53.129979 ALT: 0.81
12:00:53.130076 ATT: [1.0, -1.0, 274]
12:00:53.130223 ACC: [9, 10, 517]
12:00:53.177356 ALT: 0.81
12:00:53.177468 ATT: [1.0, -1.0, 274]
12:00:53.177644 ACC: [8, 10, 517]
12:00:53.225403 ALT: 0.81
12:00:53.225517 ATT: [1.0, -1.0, 274]
12:00:53.225695 ACC: [8, 9, 518]
12:00:53.273314 ALT: 0.81
12:00:53.273411 ATT: [1.0, -1.0, 274]
12:00:53.273562 ACC: [8, 9, 519]
12:00:53.321571 ALT: 0.81
12:00:53.321803 ATT: [1.0, -1.0, 274]
12:00:53.322120 ACC: [9, 9, 519]
12:00:53.369640 ALT: 0.81
12:00:53.369758 ATT: [1.0, -1.0, 274]
12:00:53.369925 ACC: [9, 9, 518]
12:00:53.417722 ALT: 0.81
12:00:53.417832 ATT: [1.0, -1.0, 274]
12:00:53.417978 ACC: [9, 10, 518]
12:00:53.466319 ALT: 0.81
12:00:53.466419 ATT: [1.0, -1.0, 274]
12:00:53.466571 ACC: [8, 9, 518]
12:00:53.513759 ALT: 0.81
12:00:53.513863 ATT: [1.0, -1.0, 274]
12:00:53.514025 ACC: [9, 9, 517]
12:00:53.561758 ALT: 0.81
12:00:53.561956 ATT: [1.0, -1.0, 274]
12:00:53.562143 ACC: [8, 10, 518]
12:00:53.609405 ALT: 0.81
12:00:53.609514 ATT: [1.0, -1.0, 274]
12:00:53.609676 ACC: [9, 9, 517]
12:00:53.657382 ALT: 0.81
12:00:53.657494 ATT: [1.0, -1.0, 274]
12:00:53.657952 ACC: [9, 10, 517]
12:00:53.705755 ALT: 0.76
12:00:53.705893 ATT: [1.0, -1.0, 274]
12:00:53.706057 ACC: [9, 9, 518]
12:00:53.753668 ALT: 0.75
12:00:53.753775 ATT: [1.0, -1.0, 273]
12:00:53.753942 ACC: [9, 10, 518]
12:00:53.803283 ALT: 0.75
12:00:53.803390 ATT: [1.0, -1.0, 273]
12:00:53.803551 ACC: [8, 9, 518]
12:00:53.850160 ALT: 0.75
12:00:53.850269 ATT: [1.0, -1.0, 273]
12:00:53.850936 ACC: [9, 9, 518]
12:00:53.898323 ALT: 0.75
12:00:53.898631 ATT: [1.0, -1.0, 273]
12:00:53.898843 ACC: [8, 10, 518]
12:00:53.962515 ALT: 0.75
12:00:53.962665 ATT: [1.0, -1.0, 273]
12:00:53.962934 ACC: [9, 9, 518]
12:00:54.009546 ALT: 0.75
12:00:54.009656 ATT: [1.0, -1.0, 273]
12:00:54.009826 ACC: [9, 9, 519]
12:00:54.057506 ALT: 0.8
12:00:54.057613 ATT: [1.0, -1.0, 273]
12:00:54.057766 ACC: [9, 9, 517]
12:00:54.106055 ALT: 0.81
12:00:54.106405 ATT: [1.0, -1.0, 273]
12:00:54.106662 ACC: [9, 9, 518]
