Waiting for MSP_API_VERSION reply...
Waiting for MSP_FC_VARIANT reply...
{'apiVersion': '1.44.0', 'flightControllerIdentifier': 'BTFL', 'flightControllerVersion': '4.3.2', 'version': 0, 'buildInfo': 'Apr  7 2023 03:15:27', 'multiType': 0, 'msp_version': 0, 'capability': 0, 'cycleTime': 315, 'i2cError': 0, 'activeSensors': 39, 'mode': 2, 'profile': 0, 'uid': [4653116, 1345409042, 540357454], 'accelerometerTrims': [0, 0], 'name': '', 'displayName': 'BOARD MODULE', 'numProfiles': 3, 'rateProfile': 0, 'boardType': 2, 'armingDisableCount': 26, 'armingDisableFlags': 4, 'armingDisabled': False, 'runawayTakeoffPreventionDisabled': False, 'boardIdentifier': 'SBF4', 'boardVersion': 0, 'commCapabilities': 3, 'targetName': 'SPEEDYBEEF405V3', 'boardName': 'SPEEDYBEEF405V3', 'manufacturerId': '', 'signature': [0, 0, 0, 0, 0, 0, 0, 0, 0, 0, 0, 0, 0, 0, 0, 0, 0, 0, 0, 0, 0, 0, 0, 0, 0, 0, 0, 0, 0, 0, 0, 0], 'cpuload': 39, 'mcuTypeId': 3, 'mspProtocolVersion': 0, 'flightModeFlags': []}
11:03:07.028964 ALT: 0.54
11:03:07.029135 ATT: [2.9, -0.9, 320]
11:03:07.029611 ACC: [8, 27, 518]
11:03:07.076974 ALT: 0.54
11:03:07.077127 ATT: [2.9, -0.9, 320]
11:03:07.077641 ACC: [8, 27, 518]
Easycap format used: ImageFormat(type=<BufType.VIDEO_CAPTURE: 1>, description='YUYV 4:2:2', flags=<ImageFormatFlag.0: 0>, pixel_format=<PixelFormat.YUYV: 1448695129>)
Easycap format used: ImageFormat(type=<BufType.VIDEO_CAPTURE: 1>, description='Motion-JPEG', flags=<ImageFormatFlag.COMPRESSED: 1>, pixel_format=<PixelFormat.MJPEG: 1196444237>)
11:03:07.124919 ALT: 0.54
11:03:07.125026 ATT: [2.9, -0.9, 320]
11:03:07.125230 ACC: [9, 26, 518]
11:03:07.172993 ALT: 0.54
11:03:07.173102 ATT: [2.9, -0.9, 320]
11:03:07.173338 ACC: [9, 27, 518]
11:03:07.223548 ALT: 0.54
11:03:07.223663 ATT: [2.9, -0.9, 320]
11:03:07.223863 ACC: [8, 26, 519]
11:03:07.269136 ALT: 0.58
11:03:07.269292 ATT: [2.9, -0.9, 320]
11:03:07.269497 ACC: [9, 26, 518]
11:03:07.317542 ALT: 0.61
11:03:07.317633 ATT: [2.9, -0.9, 320]
11:03:07.317773 ACC: [8, 27, 518]
11:03:07.365266 ALT: 0.62
11:03:07.365390 ATT: [2.9, -0.9, 320]
11:03:07.365660 ACC: [8, 26, 518]
11:03:07.412998 ALT: 0.62
11:03:07.413108 ATT: [2.9, -0.9, 320]
11:03:07.413412 ACC: [8, 27, 518]
11:03:07.461243 ALT: 0.62
11:03:07.461407 ATT: [2.9, -0.9, 320]
11:03:07.461667 ACC: [8, 27, 518]
Initialize navigation params:
Delay=0.03, Kp=40.0, Ki=0.0, Kd=40.0
Starting Main workflow
11:03:07.522892 Starting ALT HOLD mode
Desired ALT is 50
11:03:07.531843 ALT: 0.62
11:03:07.531953 ATT: [2.9, -0.9, 320]
11:03:07.532288 ACC: [8, 27, 517]
11:03:07.533642 Navigation got ALT: 0.54
[1499, 1500, 1600, 1499, 988, 950, 988, 1600, 1001, 1001, 1001, 1001, 1500, 1500, 1500, 1500]
[1499, 1500, 1600, 1499, 988, 950, 988, 1600, 1001, 1001, 1001, 1001, 1500, 1500, 1500, 1500]
[1499, 1500, 1600, 1499, 988, 950, 988, 1600, 1001, 1001, 1001, 1001, 1500, 1500, 1500, 1500]
[1499, 1500, 1600, 1499, 988, 950, 988, 1600, 1001, 1001, 1001, 1001, 1500, 1500, 1500, 1500]
[1499, 1500, 1600, 1499, 988, 950, 988, 1600, 1001, 1001, 1001, 1001, 1500, 1500, 1500, 1500]
[1499, 1500, 1600, 1499, 988, 950, 988, 1600, 1001, 1001, 1001, 1001, 1500, 1500, 1500, 1500]
[1499, 1500, 1600, 1499, 988, 950, 988, 1600, 1001, 1001, 1001, 1001, 1500, 1500, 1500, 1500]
[1499, 1500, 1600, 1499, 988, 950, 988, 1600, 1001, 1001, 1001, 1001, 1500, 1500, 1500, 1500]
11:03:07.569247 Navigation got ALT: 0.62
[1500, 1500, 1600, 1499, 988, 950, 988, 1600, 1001, 1001, 1001, 1001, 1500, 1500, 1500, 1500]
[1500, 1500, 1600, 1499, 988, 950, 988, 1600, 1001, 1001, 1001, 1001, 1500, 1500, 1500, 1500]
11:03:07.575077 ALT: 0.62
11:03:07.575282 ATT: [2.9, -0.9, 320]
11:03:07.575855 ACC: [8, 26, 518]
[1500, 1500, 1600, 1499, 988, 950, 988, 1600, 1001, 1001, 1001, 1001, 1500, 1500, 1500, 1500]
[1500, 1500, 1600, 1499, 988, 950, 988, 1600, 1001, 1001, 1001, 1001, 1500, 1500, 1500, 1500]
[1500, 1500, 1600, 1499, 988, 950, 988, 1600, 1001, 1001, 1001, 1001, 1500, 1500, 1500, 1500]
11:03:07.600503 Navigation got ALT: 0.62
[1500, 1500, 1600, 1500, 988, 950, 988, 1600, 1001, 1001, 1001, 1001, 1500, 1500, 1500, 1500]
[1500, 1500, 1600, 1500, 988, 950, 988, 1600, 1001, 1001, 1001, 1001, 1500, 1500, 1500, 1500]
11:03:07.621101 ALT: 0.62
11:03:07.621260 ATT: [2.9, -0.9, 320]
11:03:07.621691 ACC: [8, 26, 518]
[1500, 1500, 1600, 1500, 988, 950, 988, 1600, 1001, 1001, 1001, 1001, 1500, 1500, 1500, 1500]
[1500, 1500, 1600, 1500, 988, 950, 988, 1600, 1001, 1001, 1001, 1001, 1500, 1500, 1500, 1500]
[1500, 1500, 1600, 1500, 988, 950, 988, 1600, 1001, 1001, 1001, 1001, 1500, 1500, 1500, 1500]
11:03:07.636526 Navigation got ALT: 0.62
[1500, 1500, 1600, 1500, 988, 950, 988, 1600, 1001, 1001, 1001, 1001, 1500, 1500, 1500, 1500]
[1500, 1500, 1600, 1500, 988, 950, 988, 1600, 1001, 1001, 1001, 1001, 1500, 1500, 1500, 1500]
[1500, 1500, 1600, 1500, 988, 950, 988, 1600, 1001, 1001, 1001, 1001, 1500, 1500, 1500, 1500]
[1500, 1500, 1600, 1500, 988, 950, 988, 1600, 1001, 1001, 1001, 1001, 1500, 1500, 1500, 1500]
[1500, 1500, 1600, 1500, 988, 950, 988, 1600, 1001, 1001, 1001, 1001, 1500, 1500, 1500, 1500]
11:03:07.670047 ALT: 0.62
11:03:07.670143 ATT: [2.9, -0.9, 320]
11:03:07.670405 ACC: [8, 27, 518]
11:03:07.671124 Navigation got ALT: 0.62
[1500, 1500, 1600, 1500, 988, 950, 988, 1600, 1001, 1001, 1001, 1001, 1500, 1500, 1500, 1500]
[1500, 1500, 1600, 1500, 988, 950, 988, 1600, 1001, 1001, 1001, 1001, 1500, 1500, 1500, 1500]
[1500, 1500, 1600, 1500, 988, 950, 988, 1600, 1001, 1001, 1001, 1001, 1500, 1500, 1500, 1500]
[1500, 1500, 1600, 1500, 988, 950, 988, 1600, 1001, 1001, 1001, 1001, 1500, 1500, 1500, 1500]
[1500, 1500, 1600, 1500, 988, 950, 988, 1600, 1001, 1001, 1001, 1001, 1500, 1500, 1500, 1500]
[1500, 1500, 1600, 1500, 988, 950, 988, 1600, 1001, 1001, 1001, 1001, 1500, 1500, 1500, 1500]
11:03:07.709774 Navigation got ALT: 0.62
[1500, 1500, 1600, 1500, 988, 950, 988, 1600, 1001, 1001, 1001, 1001, 1500, 1500, 1500, 1500]
[1500, 1500, 1600, 1500, 988, 950, 988, 1600, 1001, 1001, 1001, 1001, 1500, 1500, 1500, 1500]
11:03:07.717489 ALT: 0.62
11:03:07.717595 ATT: [2.9, -0.9, 320]
11:03:07.718055 ACC: [9, 26, 517]
[1500, 1500, 1600, 1500, 988, 950, 988, 1600, 1001, 1001, 1001, 1001, 1500, 1500, 1500, 1500]
[1500, 1500, 1600, 1500, 988, 950, 988, 1600, 1001, 1001, 1001, 1001, 1500, 1500, 1500, 1500]
[1500, 1500, 1600, 1500, 988, 950, 988, 1600, 1001, 1001, 1001, 1001, 1500, 1500, 1500, 1500]
11:03:07.740287 Navigation got ALT: 0.62
[1500, 1500, 1600, 1500, 988, 950, 988, 1598, 1001, 1001, 1001, 1001, 1500, 1500, 1500, 1500]
[1500, 1500, 1600, 1500, 988, 950, 988, 1598, 1001, 1001, 1001, 1001, 1500, 1500, 1500, 1500]
[1500, 1500, 1600, 1500, 988, 950, 988, 1598, 1001, 1001, 1001, 1001, 1500, 1500, 1500, 1500]
[1500, 1500, 1600, 1500, 988, 950, 988, 1598, 1001, 1001, 1001, 1001, 1500, 1500, 1500, 1500]
11:03:07.766102 ALT: 0.62
11:03:07.766222 ATT: [2.9, -0.9, 320]
11:03:07.766572 ACC: [9, 27, 518]
11:03:07.770588 Navigation got ALT: 0.62
[1500, 1500, 1600, 1500, 988, 950, 988, 1598, 1001, 1001, 1001, 1001, 1500, 1500, 1500, 1500]
[1500, 1500, 1600, 1500, 988, 950, 988, 1598, 1001, 1001, 1001, 1001, 1500, 1500, 1500, 1500]
[1500, 1500, 1600, 1500, 988, 950, 988, 1598, 1001, 1001, 1001, 1001, 1500, 1500, 1500, 1500]
[1500, 1500, 1600, 1500, 988, 950, 988, 1598, 1001, 1001, 1001, 1001, 1500, 1500, 1500, 1500]
[1500, 1500, 1600, 1500, 988, 950, 988, 1598, 1001, 1001, 1001, 1001, 1500, 1500, 1500, 1500]
11:03:07.805853 Navigation got ALT: 0.62
[1500, 1500, 1600, 1500, 988, 950, 988, 1600, 1001, 1001, 1001, 1001, 1500, 1500, 1500, 1500]
[1500, 1500, 1600, 1500, 988, 950, 988, 1600, 1001, 1001, 1001, 1001, 1500, 1500, 1500, 1500]
11:03:07.816947 ALT: 0.62
11:03:07.817054 ATT: [2.9, -0.9, 320]
11:03:07.819995 ACC: [8, 26, 519]
[1500, 1500, 1600, 1500, 988, 950, 988, 1600, 1001, 1001, 1001, 1001, 1500, 1500, 1500, 1500]
[1500, 1500, 1600, 1500, 988, 950, 988, 1600, 1001, 1001, 1001, 1001, 1500, 1500, 1500, 1500]
[1500, 1500, 1600, 1500, 988, 950, 988, 1600, 1001, 1001, 1001, 1001, 1500, 1500, 1500, 1500]
11:03:07.836797 Navigation got ALT: 0.62
[1500, 1499, 1600, 1500, 988, 950, 988, 1600, 1001, 1001, 1001, 1001, 1500, 1500, 1500, 1500]
[1500, 1499, 1600, 1500, 988, 950, 988, 1600, 1001, 1001, 1001, 1001, 1500, 1500, 1500, 1500]
[1500, 1499, 1600, 1500, 988, 950, 988, 1600, 1001, 1001, 1001, 1001, 1500, 1500, 1500, 1500]
[1500, 1499, 1600, 1500, 988, 950, 988, 1600, 1001, 1001, 1001, 1001, 1500, 1500, 1500, 1500]
[1500, 1499, 1600, 1500, 988, 950, 988, 1600, 1001, 1001, 1001, 1001, 1500, 1500, 1500, 1500]
11:03:07.862212 ALT: 0.62
11:03:07.862389 ATT: [2.9, -0.9, 320]
11:03:07.862914 ACC: [8, 26, 519]
11:03:07.872644 Navigation got ALT: 0.62
[1499, 1500, 1600, 1499, 988, 950, 988, 1598, 1001, 1001, 1001, 1001, 1500, 1500, 1500, 1500]
[1499, 1500, 1600, 1499, 988, 950, 988, 1598, 1001, 1001, 1001, 1001, 1500, 1500, 1500, 1500]
[1499, 1500, 1600, 1499, 988, 950, 988, 1598, 1001, 1001, 1001, 1001, 1500, 1500, 1500, 1500]
[1499, 1500, 1600, 1499, 988, 950, 988, 1598, 1001, 1001, 1001, 1001, 1500, 1500, 1500, 1500]
[1499, 1500, 1600, 1499, 988, 950, 988, 1598, 1001, 1001, 1001, 1001, 1500, 1500, 1500, 1500]
[1499, 1500, 1600, 1499, 988, 950, 988, 1598, 1001, 1001, 1001, 1001, 1500, 1500, 1500, 1500]
11:03:07.906829 Navigation got ALT: 0.62
[1500, 1500, 1600, 1500, 988, 950, 988, 1600, 1001, 1001, 1001, 1001, 1500, 1500, 1500, 1500]
11:03:07.909061 ALT: 0.62
11:03:07.909177 ATT: [2.9, -0.9, 320]
11:03:07.909478 ACC: [8, 27, 517]
[1500, 1500, 1600, 1500, 988, 950, 988, 1600, 1001, 1001, 1001, 1001, 1500, 1500, 1500, 1500]
[1500, 1500, 1600, 1500, 988, 950, 988, 1600, 1001, 1001, 1001, 1001, 1500, 1500, 1500, 1500]
[1500, 1500, 1600, 1500, 988, 950, 988, 1600, 1001, 1001, 1001, 1001, 1500, 1500, 1500, 1500]
[1500, 1500, 1600, 1500, 988, 950, 988, 1600, 1001, 1001, 1001, 1001, 1500, 1500, 1500, 1500]
11:03:07.940223 Navigation got ALT: 0.62
[1500, 1500, 1600, 1500, 988, 950, 988, 1598, 1001, 1001, 1001, 1001, 1500, 1500, 1500, 1500]
[1500, 1500, 1600, 1500, 988, 950, 988, 1598, 1001, 1001, 1001, 1001, 1500, 1500, 1500, 1500]
[1500, 1500, 1600, 1500, 988, 950, 988, 1598, 1001, 1001, 1001, 1001, 1500, 1500, 1500, 1500]
11:03:07.957026 ALT: 0.62
11:03:07.957120 ATT: [2.9, -0.9, 320]
11:03:07.957506 ACC: [9, 26, 517]
[1500, 1500, 1600, 1500, 988, 950, 988, 1598, 1001, 1001, 1001, 1001, 1500, 1500, 1500, 1500]
[1500, 1500, 1600, 1500, 988, 950, 988, 1598, 1001, 1001, 1001, 1001, 1500, 1500, 1500, 1500]
11:03:07.973656 Navigation got ALT: 0.62
[1500, 1500, 1600, 1500, 988, 950, 988, 1600, 1001, 1001, 1001, 1001, 1500, 1500, 1500, 1500]
[1500, 1500, 1600, 1500, 988, 950, 988, 1600, 1001, 1001, 1001, 1001, 1500, 1500, 1500, 1500]
[1500, 1500, 1600, 1500, 988, 950, 988, 1600, 1001, 1001, 1001, 1001, 1500, 1500, 1500, 1500]
[1500, 1500, 1600, 1500, 988, 950, 988, 1600, 1001, 1001, 1001, 1001, 1500, 1500, 1500, 1500]
11:03:08.007148 Navigation got ALT: 0.62
[1500, 1500, 1600, 1500, 988, 950, 988, 1600, 1001, 1001, 1001, 1001, 1500, 1500, 1500, 1500]
[1500, 1500, 1600, 1500, 988, 950, 988, 1600, 1001, 1001, 1001, 1001, 1500, 1500, 1500, 1500]
11:03:08.011816 ALT: 0.62
11:03:08.011953 ATT: [2.9, -0.9, 319]
11:03:08.012303 ACC: [8, 27, 518]
[1500, 1500, 1600, 1500, 988, 950, 988, 1600, 1001, 1001, 1001, 1001, 1500, 1500, 1500, 1500]
[1500, 1500, 1600, 1500, 988, 950, 988, 1600, 1001, 1001, 1001, 1001, 1500, 1500, 1500, 1500]
[1500, 1500, 1600, 1500, 988, 950, 988, 1600, 1001, 1001, 1001, 1001, 1500, 1500, 1500, 1500]
[1500, 1500, 1600, 1500, 988, 950, 988, 1600, 1001, 1001, 1001, 1001, 1500, 1500, 1500, 1500]
11:03:08.040264 Navigation got ALT: 0.62
[1500, 1500, 1600, 1500, 988, 950, 988, 1600, 1001, 1001, 1001, 1001, 1500, 1500, 1500, 1500]
[1500, 1500, 1600, 1500, 988, 950, 988, 1600, 1001, 1001, 1001, 1001, 1500, 1500, 1500, 1500]
11:03:08.052966 ALT: 0.62
11:03:08.053058 ATT: [2.9, -0.9, 319]
11:03:08.053454 ACC: [9, 26, 518]
[1500, 1500, 1600, 1500, 988, 950, 988, 1600, 1001, 1001, 1001, 1001, 1500, 1500, 1500, 1500]
[1500, 1500, 1600, 1500, 988, 950, 988, 1600, 1001, 1001, 1001, 1001, 1500, 1500, 1500, 1500]
[1500, 1500, 1600, 1500, 988, 950, 988, 1600, 1001, 1001, 1001, 1001, 1500, 1500, 1500, 1500]
11:03:08.073510 Navigation got ALT: 0.62
[1500, 1500, 1600, 1500, 988, 950, 988, 1598, 1001, 1001, 1001, 1001, 1500, 1500, 1500, 1500]
[1500, 1500, 1600, 1500, 988, 950, 988, 1598, 1001, 1001, 1001, 1001, 1500, 1500, 1500, 1500]
[1500, 1500, 1600, 1500, 988, 950, 988, 1598, 1001, 1001, 1001, 1001, 1500, 1500, 1500, 1500]
[1500, 1500, 1600, 1500, 988, 950, 988, 1598, 1001, 1001, 1001, 1001, 1500, 1500, 1500, 1500]
[1500, 1500, 1600, 1500, 988, 950, 988, 1598, 1001, 1001, 1001, 1001, 1500, 1500, 1500, 1500]
11:03:08.101491 ALT: 0.62
11:03:08.101576 ATT: [2.9, -0.9, 319]
11:03:08.101844 ACC: [8, 26, 518]
11:03:08.106847 Navigation got ALT: 0.62
[1500, 1499, 1600, 1500, 988, 950, 988, 1598, 1001, 1001, 1001, 1001, 1500, 1500, 1500, 1500]
[1500, 1499, 1600, 1500, 988, 950, 988, 1598, 1001, 1001, 1001, 1001, 1500, 1500, 1500, 1500]
[1500, 1499, 1600, 1500, 988, 950, 988, 1598, 1001, 1001, 1001, 1001, 1500, 1500, 1500, 1500]
[1500, 1499, 1600, 1500, 988, 950, 988, 1598, 1001, 1001, 1001, 1001, 1500, 1500, 1500, 1500]
[1500, 1499, 1600, 1500, 988, 950, 988, 1598, 1001, 1001, 1001, 1001, 1500, 1500, 1500, 1500]
11:03:08.140218 Navigation got ALT: 0.62
[1500, 1500, 1600, 1500, 988, 950, 988, 1598, 1001, 1001, 1001, 1001, 1500, 1500, 1500, 1500]
[1500, 1500, 1600, 1500, 988, 950, 988, 1598, 1001, 1001, 1001, 1001, 1500, 1500, 1500, 1500]
11:03:08.149201 ALT: 0.62
11:03:08.149290 ATT: [2.9, -0.9, 319]
11:03:08.149545 ACC: [8, 27, 517]
[1500, 1500, 1600, 1500, 988, 950, 988, 1598, 1001, 1001, 1001, 1001, 1500, 1500, 1500, 1500]
[1500, 1500, 1600, 1500, 988, 950, 988, 1598, 1001, 1001, 1001, 1001, 1500, 1500, 1500, 1500]
[1500, 1500, 1600, 1500, 988, 950, 988, 1598, 1001, 1001, 1001, 1001, 1500, 1500, 1500, 1500]
11:03:08.173989 Navigation got ALT: 0.62
[1500, 1500, 1600, 1500, 988, 951, 988, 1600, 1001, 1001, 1001, 1001, 1500, 1500, 1500, 1500]
[1500, 1500, 1600, 1500, 988, 951, 988, 1600, 1001, 1001, 1001, 1001, 1500, 1500, 1500, 1500]
[1500, 1500, 1600, 1500, 988, 951, 988, 1600, 1001, 1001, 1001, 1001, 1500, 1500, 1500, 1500]
[1500, 1500, 1600, 1500, 988, 951, 988, 1600, 1001, 1001, 1001, 1001, 1500, 1500, 1500, 1500]
11:03:08.197117 ALT: 0.62
11:03:08.197275 ATT: [2.9, -0.9, 319]
11:03:08.197652 ACC: [8, 26, 518]
[1500, 1500, 1600, 1500, 988, 951, 988, 1600, 1001, 1001, 1001, 1001, 1500, 1500, 1500, 1500]
11:03:08.206854 Navigation got ALT: 0.62
[1500, 1499, 1600, 1500, 988, 949, 988, 1600, 1001, 1001, 1001, 1001, 1500, 1500, 1500, 1500]
[1500, 1499, 1600, 1500, 988, 949, 988, 1600, 1001, 1001, 1001, 1001, 1500, 1500, 1500, 1500]
[1500, 1499, 1600, 1500, 988, 949, 988, 1600, 1001, 1001, 1001, 1001, 1500, 1500, 1500, 1500]
[1500, 1499, 1600, 1500, 988, 949, 988, 1600, 1001, 1001, 1001, 1001, 1500, 1500, 1500, 1500]
[1500, 1499, 1600, 1500, 988, 949, 988, 1600, 1001, 1001, 1001, 1001, 1500, 1500, 1500, 1500]
11:03:08.240199 Navigation got ALT: 0.62
[1499, 1500, 1600, 1500, 988, 950, 988, 1600, 1001, 1001, 1001, 1001, 1500, 1500, 1500, 1500]
11:03:08.245294 ALT: 0.62
11:03:08.245439 ATT: [2.9, -0.9, 319]
11:03:08.245894 ACC: [8, 26, 518]
[1499, 1500, 1600, 1500, 988, 950, 988, 1600, 1001, 1001, 1001, 1001, 1500, 1500, 1500, 1500]
[1499, 1500, 1600, 1500, 988, 950, 988, 1600, 1001, 1001, 1001, 1001, 1500, 1500, 1500, 1500]
[1499, 1500, 1600, 1500, 988, 950, 988, 1600, 1001, 1001, 1001, 1001, 1500, 1500, 1500, 1500]
[1499, 1500, 1600, 1500, 988, 950, 988, 1600, 1001, 1001, 1001, 1001, 1500, 1500, 1500, 1500]
11:03:08.273579 Navigation got ALT: 0.62
[1500, 1500, 1600, 1500, 988, 950, 988, 1600, 1001, 1001, 1001, 1001, 1500, 1500, 1500, 1500]
[1500, 1500, 1600, 1500, 988, 950, 988, 1600, 1001, 1001, 1001, 1001, 1500, 1500, 1500, 1500]
[1500, 1500, 1600, 1500, 988, 950, 988, 1600, 1001, 1001, 1001, 1001, 1500, 1500, 1500, 1500]
11:03:08.292997 ALT: 0.62
11:03:08.293089 ATT: [2.9, -0.9, 319]
11:03:08.293422 ACC: [9, 26, 518]
[1500, 1500, 1600, 1500, 988, 950, 988, 1600, 1001, 1001, 1001, 1001, 1500, 1500, 1500, 1500]
[1500, 1500, 1600, 1500, 988, 950, 988, 1600, 1001, 1001, 1001, 1001, 1500, 1500, 1500, 1500]
11:03:08.306954 Navigation got ALT: 0.62
[1500, 1500, 1600, 1500, 988, 950, 988, 1600, 1001, 1001, 1001, 1001, 1500, 1500, 1500, 1500]
[1500, 1500, 1600, 1500, 988, 950, 988, 1600, 1001, 1001, 1001, 1001, 1500, 1500, 1500, 1500]
[1500, 1500, 1600, 1500, 988, 950, 988, 1600, 1001, 1001, 1001, 1001, 1500, 1500, 1500, 1500]
[1500, 1500, 1600, 1500, 988, 950, 988, 1600, 1001, 1001, 1001, 1001, 1500, 1500, 1500, 1500]
[1500, 1500, 1600, 1500, 988, 950, 988, 1600, 1001, 1001, 1001, 1001, 1500, 1500, 1500, 1500]
11:03:08.340169 Navigation got ALT: 0.62
[1500, 1500, 1600, 1500, 988, 950, 988, 1600, 1001, 1001, 1001, 1001, 1500, 1500, 1500, 1500]
11:03:08.341080 ALT: 0.62
11:03:08.341184 ATT: [2.9, -0.9, 319]
11:03:08.341447 ACC: [8, 27, 518]
[1500, 1500, 1600, 1500, 988, 950, 988, 1600, 1001, 1001, 1001, 1001, 1500, 1500, 1500, 1500]
[1500, 1500, 1600, 1500, 988, 950, 988, 1600, 1001, 1001, 1001, 1001, 1500, 1500, 1500, 1500]
[1500, 1500, 1600, 1500, 988, 950, 988, 1600, 1001, 1001, 1001, 1001, 1500, 1500, 1500, 1500]
[1500, 1500, 1600, 1500, 988, 950, 988, 1600, 1001, 1001, 1001, 1001, 1500, 1500, 1500, 1500]
11:03:08.373927 Navigation got ALT: 0.62
[1499, 1500, 1600, 1500, 988, 950, 988, 1600, 1001, 1001, 1001, 1001, 1500, 1500, 1500, 1500]
[1499, 1500, 1600, 1500, 988, 950, 988, 1600, 1001, 1001, 1001, 1001, 1500, 1500, 1500, 1500]
[1499, 1500, 1600, 1500, 988, 950, 988, 1600, 1001, 1001, 1001, 1001, 1500, 1500, 1500, 1500]
11:03:08.389135 ALT: 0.62
11:03:08.389278 ATT: [2.9, -0.9, 319]
11:03:08.389650 ACC: [8, 27, 518]
[1499, 1500, 1600, 1500, 988, 950, 988, 1600, 1001, 1001, 1001, 1001, 1500, 1500, 1500, 1500]
[1499, 1500, 1600, 1500, 988, 950, 988, 1600, 1001, 1001, 1001, 1001, 1500, 1500, 1500, 1500]
11:03:08.406791 Navigation got ALT: 0.62
[1499, 1499, 1600, 1500, 988, 950, 988, 1598, 1001, 1001, 1001, 1001, 1500, 1500, 1500, 1500]
[1499, 1499, 1600, 1500, 988, 950, 988, 1598, 1001, 1001, 1001, 1001, 1500, 1500, 1500, 1500]
[1499, 1499, 1600, 1500, 988, 950, 988, 1598, 1001, 1001, 1001, 1001, 1500, 1500, 1500, 1500]
[1499, 1499, 1600, 1500, 988, 950, 988, 1598, 1001, 1001, 1001, 1001, 1500, 1500, 1500, 1500]
[1499, 1499, 1600, 1500, 988, 950, 988, 1598, 1001, 1001, 1001, 1001, 1500, 1500, 1500, 1500]
11:03:08.437089 ALT: 0.62
11:03:08.437213 ATT: [2.9, -0.9, 319]
11:03:08.437475 ACC: [8, 26, 518]
11:03:08.440233 Navigation got ALT: 0.62
[1499, 1500, 1600, 1500, 988, 950, 988, 1598, 1001, 1001, 1001, 1001, 1500, 1500, 1500, 1500]
[1499, 1500, 1600, 1500, 988, 950, 988, 1598, 1001, 1001, 1001, 1001, 1500, 1500, 1500, 1500]
[1499, 1500, 1600, 1500, 988, 950, 988, 1598, 1001, 1001, 1001, 1001, 1500, 1500, 1500, 1500]
[1499, 1500, 1600, 1500, 988, 950, 988, 1598, 1001, 1001, 1001, 1001, 1500, 1500, 1500, 1500]
[1499, 1500, 1600, 1500, 988, 950, 988, 1598, 1001, 1001, 1001, 1001, 1500, 1500, 1500, 1500]
11:03:08.477114 Navigation got ALT: 0.62
[1500, 1500, 1600, 1500, 989, 949, 988, 1600, 1001, 1001, 1001, 1001, 1500, 1500, 1500, 1500]
[1500, 1500, 1600, 1500, 989, 949, 988, 1600, 1001, 1001, 1001, 1001, 1500, 1500, 1500, 1500]
11:03:08.485456 ALT: 0.62
11:03:08.485596 ATT: [2.9, -0.9, 319]
11:03:08.486138 ACC: [8, 26, 518]
[1500, 1500, 1600, 1500, 989, 949, 988, 1600, 1001, 1001, 1001, 1001, 1500, 1500, 1500, 1500]
[1500, 1500, 1600, 1500, 989, 949, 988, 1600, 1001, 1001, 1001, 1001, 1500, 1500, 1500, 1500]
[1500, 1500, 1600, 1500, 989, 949, 988, 1600, 1001, 1001, 1001, 1001, 1500, 1500, 1500, 1500]
11:03:08.507345 Navigation got ALT: 0.62
[1500, 1500, 1600, 1500, 988, 950, 988, 1600, 1001, 1001, 1001, 1001, 1500, 1500, 1500, 1500]
[1500, 1500, 1600, 1500, 988, 950, 988, 1600, 1001, 1001, 1001, 1001, 1500, 1500, 1500, 1500]
[1500, 1500, 1600, 1500, 988, 950, 988, 1600, 1001, 1001, 1001, 1001, 1500, 1500, 1500, 1500]
[1500, 1500, 1600, 1500, 988, 950, 988, 1600, 1001, 1001, 1001, 1001, 1500, 1500, 1500, 1500]
11:03:08.533426 ALT: 0.62
11:03:08.533517 ATT: [2.9, -0.9, 319]
11:03:08.533809 ACC: [8, 27, 518]
[1500, 1500, 1600, 1500, 988, 950, 988, 1600, 1001, 1001, 1001, 1001, 1500, 1500, 1500, 1500]
11:03:08.541777 Navigation got ALT: 0.62
[1500, 1499, 1600, 1500, 988, 950, 988, 1598, 1001, 1001, 1001, 1001, 1500, 1500, 1500, 1500]
[1500, 1499, 1600, 1500, 988, 950, 988, 1598, 1001, 1001, 1001, 1001, 1500, 1500, 1500, 1500]
[1500, 1499, 1600, 1500, 988, 950, 988, 1598, 1001, 1001, 1001, 1001, 1500, 1500, 1500, 1500]
[1500, 1499, 1600, 1500, 988, 950, 988, 1598, 1001, 1001, 1001, 1001, 1500, 1500, 1500, 1500]
[1500, 1499, 1600, 1500, 988, 950, 988, 1598, 1001, 1001, 1001, 1001, 1500, 1500, 1500, 1500]
11:03:08.574077 Navigation got ALT: 0.62
[1500, 1499, 1600, 1500, 989, 949, 988, 1600, 1001, 1001, 1001, 1001, 1500, 1500, 1500, 1500]
[1500, 1499, 1600, 1500, 989, 949, 988, 1600, 1001, 1001, 1001, 1001, 1500, 1500, 1500, 1500]
11:03:08.581456 ALT: 0.62
11:03:08.581578 ATT: [2.9, -0.9, 319]
11:03:08.582029 ACC: [8, 26, 517]
[1500, 1499, 1600, 1500, 989, 949, 988, 1600, 1001, 1001, 1001, 1001, 1500, 1500, 1500, 1500]
[1500, 1499, 1600, 1500, 989, 949, 988, 1600, 1001, 1001, 1001, 1001, 1500, 1500, 1500, 1500]
[1500, 1499, 1600, 1500, 989, 949, 988, 1600, 1001, 1001, 1001, 1001, 1500, 1500, 1500, 1500]
11:03:08.615406 Navigation got ALT: 0.62
[1500, 1500, 1600, 1500, 988, 950, 988, 1600, 1001, 1001, 1001, 1001, 1500, 1500, 1500, 1500]
[1500, 1500, 1600, 1500, 988, 950, 988, 1600, 1001, 1001, 1001, 1001, 1500, 1500, 1500, 1500]
[1500, 1500, 1600, 1500, 988, 950, 988, 1600, 1001, 1001, 1001, 1001, 1500, 1500, 1500, 1500]
11:03:08.629291 ALT: 0.62
11:03:08.629499 ATT: [2.9, -0.9, 319]
11:03:08.630686 ACC: [8, 26, 518]
[1500, 1500, 1600, 1500, 988, 950, 988, 1600, 1001, 1001, 1001, 1001, 1500, 1500, 1500, 1500]
11:03:08.647204 Navigation got ALT: 0.62
[1499, 1500, 1600, 1500, 988, 950, 988, 1600, 1001, 1001, 1001, 1001, 1500, 1500, 1500, 1500]
[1499, 1500, 1600, 1500, 988, 950, 988, 1600, 1001, 1001, 1001, 1001, 1500, 1500, 1500, 1500]
[1499, 1500, 1600, 1500, 988, 950, 988, 1600, 1001, 1001, 1001, 1001, 1500, 1500, 1500, 1500]
[1499, 1500, 1600, 1500, 988, 950, 988, 1600, 1001, 1001, 1001, 1001, 1500, 1500, 1500, 1500]
[1499, 1500, 1600, 1500, 988, 950, 988, 1600, 1001, 1001, 1001, 1001, 1500, 1500, 1500, 1500]
[1499, 1500, 1600, 1500, 988, 950, 988, 1600, 1001, 1001, 1001, 1001, 1500, 1500, 1500, 1500]
[1499, 1500, 1600, 1500, 988, 950, 988, 1600, 1001, 1001, 1001, 1001, 1500, 1500, 1500, 1500]
11:03:08.677127 ALT: 0.62
11:03:08.677275 ATT: [2.9, -0.9, 319]
11:03:08.677586 ACC: [8, 26, 518]
11:03:08.680304 Navigation got ALT: 0.62
[1499, 1500, 1600, 1500, 988, 950, 989, 1598, 1001, 1001, 1001, 1001, 1500, 1500, 1500, 1500]
[1499, 1500, 1600, 1500, 988, 950, 989, 1598, 1001, 1001, 1001, 1001, 1500, 1500, 1500, 1500]
[1499, 1500, 1600, 1500, 988, 950, 989, 1598, 1001, 1001, 1001, 1001, 1500, 1500, 1500, 1500]
[1499, 1500, 1600, 1500, 988, 950, 989, 1598, 1001, 1001, 1001, 1001, 1500, 1500, 1500, 1500]
[1499, 1500, 1600, 1500, 988, 950, 989, 1598, 1001, 1001, 1001, 1001, 1500, 1500, 1500, 1500]
11:03:08.713686 Navigation got ALT: 0.62
[1500, 1500, 1600, 1500, 988, 950, 988, 1600, 1001, 1001, 1001, 1001, 1500, 1500, 1500, 1500]
[1500, 1500, 1600, 1500, 988, 950, 988, 1600, 1001, 1001, 1001, 1001, 1500, 1500, 1500, 1500]
11:03:08.725416 ALT: 0.62
11:03:08.725518 ATT: [2.9, -0.9, 319]
11:03:08.726097 ACC: [8, 27, 518]
[1500, 1500, 1600, 1500, 988, 950, 988, 1600, 1001, 1001, 1001, 1001, 1500, 1500, 1500, 1500]
[1500, 1500, 1600, 1500, 988, 950, 988, 1600, 1001, 1001, 1001, 1001, 1500, 1500, 1500, 1500]
[1500, 1500, 1600, 1500, 988, 950, 988, 1600, 1001, 1001, 1001, 1001, 1500, 1500, 1500, 1500]
11:03:08.747238 Navigation got ALT: 0.62
[1499, 1500, 1600, 1500, 988, 950, 988, 1598, 1001, 1001, 1001, 1001, 1500, 1500, 1500, 1500]
[1499, 1500, 1600, 1500, 988, 950, 988, 1598, 1001, 1001, 1001, 1001, 1500, 1500, 1500, 1500]
[1499, 1500, 1600, 1500, 988, 950, 988, 1598, 1001, 1001, 1001, 1001, 1500, 1500, 1500, 1500]
[1499, 1500, 1600, 1500, 988, 950, 988, 1598, 1001, 1001, 1001, 1001, 1500, 1500, 1500, 1500]
11:03:08.773672 ALT: 0.62
11:03:08.773806 ATT: [2.9, -0.9, 319]
11:03:08.774825 ACC: [9, 26, 518]
[1499, 1500, 1600, 1500, 988, 950, 988, 1598, 1001, 1001, 1001, 1001, 1500, 1500, 1500, 1500]
11:03:08.780304 Navigation got ALT: 0.62
[1500, 1500, 1600, 1500, 988, 950, 988, 1600, 1001, 1001, 1001, 1001, 1500, 1500, 1500, 1500]
[1500, 1500, 1600, 1500, 988, 950, 988, 1600, 1001, 1001, 1001, 1001, 1500, 1500, 1500, 1500]
[1500, 1500, 1600, 1500, 988, 950, 988, 1600, 1001, 1001, 1001, 1001, 1500, 1500, 1500, 1500]
[1500, 1500, 1600, 1500, 988, 950, 988, 1600, 1001, 1001, 1001, 1001, 1500, 1500, 1500, 1500]
[1500, 1500, 1600, 1500, 988, 950, 988, 1600, 1001, 1001, 1001, 1001, 1500, 1500, 1500, 1500]
11:03:08.813659 Navigation got ALT: 0.62
[1500, 1500, 1600, 1499, 988, 950, 988, 1600, 1001, 1001, 1001, 1001, 1500, 1500, 1500, 1500]
[1500, 1500, 1600, 1499, 988, 950, 988, 1600, 1001, 1001, 1001, 1001, 1500, 1500, 1500, 1500]
[1500, 1500, 1600, 1499, 988, 950, 988, 1600, 1001, 1001, 1001, 1001, 1500, 1500, 1500, 1500]
[1500, 1500, 1600, 1499, 988, 950, 988, 1600, 1001, 1001, 1001, 1001, 1500, 1500, 1500, 1500]
11:03:08.837470 ALT: 0.62
11:03:08.837668 ATT: [2.9, -0.9, 319]
11:03:08.838207 ACC: [8, 27, 518]
[1500, 1500, 1600, 1499, 988, 950, 988, 1600, 1001, 1001, 1001, 1001, 1500, 1500, 1500, 1500]
11:03:08.846869 Navigation got ALT: 0.62
[1500, 1500, 1600, 1499, 988, 950, 988, 1598, 1001, 1001, 1001, 1001, 1500, 1500, 1500, 1500]
[1500, 1500, 1600, 1499, 988, 950, 988, 1598, 1001, 1001, 1001, 1001, 1500, 1500, 1500, 1500]
[1500, 1500, 1600, 1499, 988, 950, 988, 1598, 1001, 1001, 1001, 1001, 1500, 1500, 1500, 1500]
[1500, 1500, 1600, 1499, 988, 950, 988, 1598, 1001, 1001, 1001, 1001, 1500, 1500, 1500, 1500]
[1500, 1500, 1600, 1499, 988, 950, 988, 1598, 1001, 1001, 1001, 1001, 1500, 1500, 1500, 1500]
11:03:08.880527 Navigation got ALT: 0.62
[1500, 1499, 1600, 1500, 988, 951, 988, 1600, 1001, 1001, 1001, 1001, 1500, 1500, 1500, 1500]
11:03:08.885541 ALT: 0.62
11:03:08.885799 ATT: [2.9, -0.9, 319]
11:03:08.886554 ACC: [8, 26, 518]
[1500, 1499, 1600, 1500, 988, 951, 988, 1600, 1001, 1001, 1001, 1001, 1500, 1500, 1500, 1500]
[1500, 1499, 1600, 1500, 988, 951, 988, 1600, 1001, 1001, 1001, 1001, 1500, 1500, 1500, 1500]
[1500, 1499, 1600, 1500, 988, 951, 988, 1600, 1001, 1001, 1001, 1001, 1500, 1500, 1500, 1500]
[1500, 1499, 1600, 1500, 988, 951, 988, 1600, 1001, 1001, 1001, 1001, 1500, 1500, 1500, 1500]
11:03:08.914327 Navigation got ALT: 0.62
[1500, 1500, 1600, 1500, 988, 950, 988, 1600, 1001, 1001, 1001, 1001, 1500, 1500, 1500, 1500]
[1500, 1500, 1600, 1500, 988, 950, 988, 1600, 1001, 1001, 1001, 1001, 1500, 1500, 1500, 1500]
[1500, 1500, 1600, 1500, 988, 950, 988, 1600, 1001, 1001, 1001, 1001, 1500, 1500, 1500, 1500]
11:03:08.933413 ALT: 0.57
11:03:08.933534 ATT: [2.9, -0.9, 319]
[1500, 1500, 1600, 1500, 988, 950, 988, 1600, 1001, 1001, 1001, 1001, 1500, 1500, 1500, 1500]
11:03:08.934617 ACC: [9, 26, 518]
[1500, 1500, 1600, 1500, 988, 950, 988, 1600, 1001, 1001, 1001, 1001, 1500, 1500, 1500, 1500]
11:03:08.947525 Navigation got ALT: 0.57
[1500, 1500, 1600, 1500, 988, 950, 988, 1600, 1001, 1001, 1001, 1001, 1500, 1500, 1500, 1500]
[1500, 1500, 1600, 1500, 988, 950, 988, 1600, 1001, 1001, 1001, 1001, 1500, 1500, 1500, 1500]
[1500, 1500, 1600, 1500, 988, 950, 988, 1600, 1001, 1001, 1001, 1001, 1500, 1500, 1500, 1500]
[1500, 1500, 1600, 1500, 988, 950, 988, 1600, 1001, 1001, 1001, 1001, 1500, 1500, 1500, 1500]
[1500, 1500, 1600, 1500, 988, 950, 988, 1600, 1001, 1001, 1001, 1001, 1500, 1500, 1500, 1500]
11:03:08.980282 Navigation got ALT: 0.57
[1500, 1500, 1600, 1500, 988, 950, 988, 1600, 1001, 1001, 1001, 1001, 1500, 1500, 1500, 1500]
11:03:08.981983 ALT: 0.56
11:03:08.982272 ATT: [2.9, -0.9, 319]
11:03:08.983574 ACC: [8, 27, 518]
[1500, 1500, 1600, 1500, 988, 950, 988, 1600, 1001, 1001, 1001, 1001, 1500, 1500, 1500, 1500]
[1500, 1500, 1600, 1500, 988, 950, 988, 1600, 1001, 1001, 1001, 1001, 1500, 1500, 1500, 1500]
[1500, 1500, 1600, 1500, 988, 950, 988, 1600, 1001, 1001, 1001, 1001, 1500, 1500, 1500, 1500]
[1500, 1500, 1600, 1500, 988, 950, 988, 1600, 1001, 1001, 1001, 1001, 1500, 1500, 1500, 1500]
11:03:09.014072 Navigation got ALT: 0.56
[1501, 1497, 1600, 1500, 988, 950, 988, 1600, 1001, 1001, 1001, 1001, 1500, 1500, 1500, 1500]
[1501, 1497, 1600, 1500, 988, 950, 988, 1600, 1001, 1001, 1001, 1001, 1500, 1500, 1500, 1500]
[1501, 1497, 1600, 1500, 988, 950, 988, 1600, 1001, 1001, 1001, 1001, 1500, 1500, 1500, 1500]
11:03:09.029268 ALT: 0.56
11:03:09.029378 ATT: [2.9, -0.9, 319]
11:03:09.032267 ACC: [8, 26, 518]
[1501, 1497, 1600, 1500, 988, 950, 988, 1600, 1001, 1001, 1001, 1001, 1500, 1500, 1500, 1500]
[1501, 1497, 1600, 1500, 988, 950, 988, 1600, 1001, 1001, 1001, 1001, 1500, 1500, 1500, 1500]
11:03:09.047344 Navigation got ALT: 0.56
[1499, 1500, 1600, 1500, 988, 950, 988, 1600, 1001, 1001, 1001, 1001, 1500, 1500, 1500, 1500]
[1499, 1500, 1600, 1500, 988, 950, 988, 1600, 1001, 1001, 1001, 1001, 1500, 1500, 1500, 1500]
[1499, 1500, 1600, 1500, 988, 950, 988, 1600, 1001, 1001, 1001, 1001, 1500, 1500, 1500, 1500]
[1499, 1500, 1600, 1500, 988, 950, 988, 1600, 1001, 1001, 1001, 1001, 1500, 1500, 1500, 1500]
[1499, 1500, 1600, 1500, 988, 950, 988, 1600, 1001, 1001, 1001, 1001, 1500, 1500, 1500, 1500]
11:03:09.077298 ALT: 0.56
11:03:09.077407 ATT: [2.9, -0.9, 319]
11:03:09.077814 ACC: [8, 27, 518]
11:03:09.080788 Navigation got ALT: 0.56
[1500, 1500, 1600, 1500, 988, 950, 988, 1600, 1001, 1001, 1001, 1001, 1500, 1500, 1500, 1500]
[1500, 1500, 1600, 1500, 988, 950, 988, 1600, 1001, 1001, 1001, 1001, 1500, 1500, 1500, 1500]
[1500, 1500, 1600, 1500, 988, 950, 988, 1600, 1001, 1001, 1001, 1001, 1500, 1500, 1500, 1500]
[1500, 1500, 1600, 1500, 988, 950, 988, 1600, 1001, 1001, 1001, 1001, 1500, 1500, 1500, 1500]
[1500, 1500, 1600, 1500, 988, 950, 988, 1600, 1001, 1001, 1001, 1001, 1500, 1500, 1500, 1500]
11:03:09.113693 Navigation got ALT: 0.56
[1500, 1500, 1600, 1500, 988, 950, 986, 1598, 1001, 1001, 1001, 1001, 1500, 1500, 1500, 1500]
11:03:09.126573 ALT: 0.59
11:03:09.126883 ATT: [2.9, -0.9, 319]
11:03:09.128457 ACC: [9, 26, 518]
[1500, 1500, 1600, 1500, 988, 950, 986, 1598, 1001, 1001, 1001, 1001, 1500, 1500, 1500, 1500]
[1500, 1500, 1600, 1500, 988, 950, 986, 1598, 1001, 1001, 1001, 1001, 1500, 1500, 1500, 1500]
[1500, 1500, 1600, 1500, 988, 950, 986, 1598, 1001, 1001, 1001, 1001, 1500, 1500, 1500, 1500]
[1500, 1500, 1600, 1500, 988, 950, 986, 1598, 1001, 1001, 1001, 1001, 1500, 1500, 1500, 1500]
11:03:09.147546 Navigation got ALT: 0.59
[1500, 1500, 1600, 1500, 988, 950, 988, 1600, 1001, 1001, 1001, 1001, 1500, 1500, 1500, 1500]
[1500, 1500, 1600, 1500, 988, 950, 988, 1600, 1001, 1001, 1001, 1001, 1500, 1500, 1500, 1500]
[1500, 1500, 1600, 1500, 988, 950, 988, 1600, 1001, 1001, 1001, 1001, 1500, 1500, 1500, 1500]
[1500, 1500, 1600, 1500, 988, 950, 988, 1600, 1001, 1001, 1001, 1001, 1500, 1500, 1500, 1500]
11:03:09.173055 ALT: 0.62
11:03:09.173176 ATT: [2.9, -0.9, 319]
11:03:09.173495 ACC: [8, 27, 518]
[1500, 1500, 1600, 1500, 988, 950, 988, 1600, 1001, 1001, 1001, 1001, 1500, 1500, 1500, 1500]
11:03:09.180304 Navigation got ALT: 0.62
[1500, 1500, 1600, 1499, 988, 950, 989, 1598, 1001, 1001, 1001, 1001, 1500, 1500, 1500, 1500]
[1500, 1500, 1600, 1499, 988, 950, 989, 1598, 1001, 1001, 1001, 1001, 1500, 1500, 1500, 1500]
[1500, 1500, 1600, 1499, 988, 950, 989, 1598, 1001, 1001, 1001, 1001, 1500, 1500, 1500, 1500]
[1500, 1500, 1600, 1499, 988, 950, 989, 1598, 1001, 1001, 1001, 1001, 1500, 1500, 1500, 1500]
[1500, 1500, 1600, 1499, 988, 950, 989, 1598, 1001, 1001, 1001, 1001, 1500, 1500, 1500, 1500]
11:03:09.213564 Navigation got ALT: 0.62
[1500, 1500, 1600, 1500, 986, 950, 988, 1598, 1001, 1001, 1001, 1001, 1500, 1500, 1500, 1500]
[1500, 1500, 1600, 1500, 986, 950, 988, 1598, 1001, 1001, 1001, 1001, 1500, 1500, 1500, 1500]
11:03:09.221185 ALT: 0.62
11:03:09.221300 ATT: [2.9, -0.9, 319]
11:03:09.221646 ACC: [9, 27, 518]
[1500, 1500, 1600, 1500, 986, 950, 988, 1598, 1001, 1001, 1001, 1001, 1500, 1500, 1500, 1500]
[1500, 1500, 1600, 1500, 986, 950, 988, 1598, 1001, 1001, 1001, 1001, 1500, 1500, 1500, 1500]
[1500, 1500, 1600, 1500, 986, 950, 988, 1598, 1001, 1001, 1001, 1001, 1500, 1500, 1500, 1500]
11:03:09.246935 Navigation got ALT: 0.62
[1500, 1500, 1600, 1500, 988, 950, 989, 1598, 1001, 1001, 1001, 1001, 1500, 1500, 1500, 1500]
[1500, 1500, 1600, 1500, 988, 950, 989, 1598, 1001, 1001, 1001, 1001, 1500, 1500, 1500, 1500]
[1500, 1500, 1600, 1500, 988, 950, 989, 1598, 1001, 1001, 1001, 1001, 1500, 1500, 1500, 1500]
[1500, 1500, 1600, 1500, 988, 950, 989, 1598, 1001, 1001, 1001, 1001, 1500, 1500, 1500, 1500]
11:03:09.269216 ALT: 0.62
11:03:09.269328 ATT: [2.9, -0.9, 319]
11:03:09.269748 ACC: [8, 26, 517]
[1500, 1500, 1600, 1500, 988, 950, 989, 1598, 1001, 1001, 1001, 1001, 1500, 1500, 1500, 1500]
11:03:09.280224 Navigation got ALT: 0.62
[1500, 1500, 1600, 1500, 988, 950, 988, 1600, 1001, 1001, 1001, 1001, 1500, 1500, 1500, 1500]
[1500, 1500, 1600, 1500, 988, 950, 988, 1600, 1001, 1001, 1001, 1001, 1500, 1500, 1500, 1500]
[1500, 1500, 1600, 1500, 988, 950, 988, 1600, 1001, 1001, 1001, 1001, 1500, 1500, 1500, 1500]
[1500, 1500, 1600, 1500, 988, 950, 988, 1600, 1001, 1001, 1001, 1001, 1500, 1500, 1500, 1500]
[1500, 1500, 1600, 1500, 988, 950, 988, 1600, 1001, 1001, 1001, 1001, 1500, 1500, 1500, 1500]
11:03:09.313645 Navigation got ALT: 0.62
[1500, 1499, 1600, 1499, 988, 950, 988, 1598, 1001, 1001, 1001, 1001, 1500, 1500, 1500, 1500]
11:03:09.317559 ALT: 0.62
11:03:09.317677 ATT: [2.9, -0.9, 319]
11:03:09.318095 ACC: [8, 26, 517]
[1500, 1499, 1600, 1499, 988, 950, 988, 1598, 1001, 1001, 1001, 1001, 1500, 1500, 1500, 1500]
[1500, 1499, 1600, 1499, 988, 950, 988, 1598, 1001, 1001, 1001, 1001, 1500, 1500, 1500, 1500]
[1500, 1499, 1600, 1499, 988, 950, 988, 1598, 1001, 1001, 1001, 1001, 1500, 1500, 1500, 1500]
[1500, 1499, 1600, 1499, 988, 950, 988, 1598, 1001, 1001, 1001, 1001, 1500, 1500, 1500, 1500]
11:03:09.347083 Navigation got ALT: 0.62
[1500, 1500, 1600, 1500, 988, 950, 988, 1600, 1001, 1001, 1001, 1001, 1500, 1500, 1500, 1500]
[1500, 1500, 1600, 1500, 988, 950, 988, 1600, 1001, 1001, 1001, 1001, 1500, 1500, 1500, 1500]
[1500, 1500, 1600, 1500, 988, 950, 988, 1600, 1001, 1001, 1001, 1001, 1500, 1500, 1500, 1500]
11:03:09.365548 ALT: 0.62
11:03:09.365700 ATT: [2.9, -0.9, 319]
[1500, 1500, 1600, 1500, 988, 950, 988, 1600, 1001, 1001, 1001, 1001, 1500, 1500, 1500, 1500]
11:03:09.368326 ACC: [9, 26, 519]
[1500, 1500, 1600, 1500, 988, 950, 988, 1600, 1001, 1001, 1001, 1001, 1500, 1500, 1500, 1500]
11:03:09.380244 Navigation got ALT: 0.62
[1499, 1500, 1600, 1501, 985, 950, 988, 1600, 1001, 1001, 1001, 1001, 1500, 1500, 1500, 1500]
[1499, 1500, 1600, 1501, 985, 950, 988, 1600, 1001, 1001, 1001, 1001, 1500, 1500, 1500, 1500]
[1499, 1500, 1600, 1501, 985, 950, 988, 1600, 1001, 1001, 1001, 1001, 1500, 1500, 1500, 1500]
[1499, 1500, 1600, 1501, 985, 950, 988, 1600, 1001, 1001, 1001, 1001, 1500, 1500, 1500, 1500]
[1499, 1500, 1600, 1501, 985, 950, 988, 1600, 1001, 1001, 1001, 1001, 1500, 1500, 1500, 1500]
11:03:09.413865 ALT: 0.62
11:03:09.413982 ATT: [2.9, -0.9, 319]
11:03:09.414291 ACC: [8, 27, 518]
11:03:09.416628 Navigation got ALT: 0.62
[1500, 1500, 1600, 1500, 988, 950, 988, 1600, 1001, 1001, 1001, 1001, 1500, 1500, 1500, 1500]
[1500, 1500, 1600, 1500, 988, 950, 988, 1600, 1001, 1001, 1001, 1001, 1500, 1500, 1500, 1500]
[1500, 1500, 1600, 1500, 988, 950, 988, 1600, 1001, 1001, 1001, 1001, 1500, 1500, 1500, 1500]
[1500, 1500, 1600, 1500, 988, 950, 988, 1600, 1001, 1001, 1001, 1001, 1500, 1500, 1500, 1500]
11:03:09.446710 Navigation got ALT: 0.62
[1500, 1500, 1600, 1500, 988, 950, 988, 1598, 1001, 1001, 1001, 1001, 1500, 1500, 1500, 1500]
[1500, 1500, 1600, 1500, 988, 950, 988, 1598, 1001, 1001, 1001, 1001, 1500, 1500, 1500, 1500]
[1500, 1500, 1600, 1500, 988, 950, 988, 1598, 1001, 1001, 1001, 1001, 1500, 1500, 1500, 1500]
[1500, 1500, 1600, 1500, 988, 950, 988, 1598, 1001, 1001, 1001, 1001, 1500, 1500, 1500, 1500]
11:03:09.463736 ALT: 0.62
11:03:09.463848 ATT: [2.9, -0.9, 319]
11:03:09.464149 ACC: [8, 26, 518]
[1500, 1500, 1600, 1500, 988, 950, 988, 1598, 1001, 1001, 1001, 1001, 1500, 1500, 1500, 1500]
[1500, 1500, 1600, 1500, 988, 950, 988, 1598, 1001, 1001, 1001, 1001, 1500, 1500, 1500, 1500]
11:03:09.483635 Navigation got ALT: 0.62
[1500, 1500, 1600, 1500, 988, 950, 988, 1600, 1001, 1001, 1001, 1001, 1500, 1500, 1500, 1500]
[1500, 1500, 1600, 1500, 988, 950, 988, 1600, 1001, 1001, 1001, 1001, 1500, 1500, 1500, 1500]
[1500, 1500, 1600, 1500, 988, 950, 988, 1600, 1001, 1001, 1001, 1001, 1500, 1500, 1500, 1500]
[1500, 1500, 1600, 1500, 988, 950, 988, 1600, 1001, 1001, 1001, 1001, 1500, 1500, 1500, 1500]
[1500, 1500, 1600, 1500, 988, 950, 988, 1600, 1001, 1001, 1001, 1001, 1500, 1500, 1500, 1500]
11:03:09.509942 ALT: 0.62
11:03:09.510220 ATT: [2.9, -0.9, 319]
11:03:09.511374 ACC: [9, 26, 518]
11:03:09.515562 Navigation got ALT: 0.62
[1500, 1500, 1600, 1500, 988, 950, 988, 1600, 1001, 1001, 1001, 1001, 1500, 1500, 1500, 1500]
[1500, 1500, 1600, 1500, 988, 950, 988, 1600, 1001, 1001, 1001, 1001, 1500, 1500, 1500, 1500]
[1500, 1500, 1600, 1500, 988, 950, 988, 1600, 1001, 1001, 1001, 1001, 1500, 1500, 1500, 1500]
[1500, 1500, 1600, 1500, 988, 950, 988, 1600, 1001, 1001, 1001, 1001, 1500, 1500, 1500, 1500]
[1500, 1500, 1600, 1500, 988, 950, 988, 1600, 1001, 1001, 1001, 1001, 1500, 1500, 1500, 1500]
11:03:09.553948 Navigation got ALT: 0.62
[1500, 1500, 1600, 1499, 988, 950, 988, 1600, 1001, 1001, 1001, 1001, 1500, 1500, 1500, 1500]
[1500, 1500, 1600, 1499, 988, 950, 988, 1600, 1001, 1001, 1001, 1001, 1500, 1500, 1500, 1500]
11:03:09.558871 ALT: 0.62
11:03:09.559295 ATT: [2.9, -0.9, 319]
[1500, 1500, 1600, 1499, 988, 950, 988, 1600, 1001, 1001, 1001, 1001, 1500, 1500, 1500, 1500]
[1500, 1500, 1600, 1499, 988, 950, 988, 1600, 1001, 1001, 1001, 1001, 1500, 1500, 1500, 1500]
11:03:09.569800 ACC: [9, 27, 518]
[1500, 1500, 1600, 1499, 988, 950, 988, 1600, 1001, 1001, 1001, 1001, 1500, 1500, 1500, 1500]
[1500, 1500, 1600, 1499, 988, 950, 988, 1600, 1001, 1001, 1001, 1001, 1500, 1500, 1500, 1500]
11:03:09.586851 Navigation got ALT: 0.62
[1499, 1499, 1600, 1500, 988, 950, 988, 1600, 1001, 1001, 1001, 1001, 1500, 1500, 1500, 1500]
[1499, 1499, 1600, 1500, 988, 950, 988, 1600, 1001, 1001, 1001, 1001, 1500, 1500, 1500, 1500]
[1499, 1499, 1600, 1500, 988, 950, 988, 1600, 1001, 1001, 1001, 1001, 1500, 1500, 1500, 1500]
[1499, 1499, 1600, 1500, 988, 950, 988, 1600, 1001, 1001, 1001, 1001, 1500, 1500, 1500, 1500]
[1499, 1499, 1600, 1500, 988, 950, 988, 1600, 1001, 1001, 1001, 1001, 1500, 1500, 1500, 1500]
11:03:09.620272 Navigation got ALT: 0.62
[1500, 1500, 1600, 1500, 988, 950, 988, 1600, 1001, 1001, 1001, 1001, 1500, 1500, 1500, 1500]
11:03:09.621316 ALT: 0.62
11:03:09.621417 ATT: [2.9, -0.9, 319]
11:03:09.621694 ACC: [8, 26, 518]
[1500, 1500, 1600, 1500, 988, 950, 988, 1600, 1001, 1001, 1001, 1001, 1500, 1500, 1500, 1500]
[1500, 1500, 1600, 1500, 988, 950, 988, 1600, 1001, 1001, 1001, 1001, 1500, 1500, 1500, 1500]
[1500, 1500, 1600, 1500, 988, 950, 988, 1600, 1001, 1001, 1001, 1001, 1500, 1500, 1500, 1500]
[1500, 1500, 1600, 1500, 988, 950, 988, 1600, 1001, 1001, 1001, 1001, 1500, 1500, 1500, 1500]
11:03:09.656666 Navigation got ALT: 0.62
[1499, 1499, 1600, 1500, 988, 950, 988, 1600, 1001, 1001, 1001, 1001, 1500, 1500, 1500, 1500]
[1499, 1499, 1600, 1500, 988, 950, 988, 1600, 1001, 1001, 1001, 1001, 1500, 1500, 1500, 1500]
[1499, 1499, 1600, 1500, 988, 950, 988, 1600, 1001, 1001, 1001, 1001, 1500, 1500, 1500, 1500]
11:03:09.669948 ALT: 0.62
11:03:09.670349 ATT: [2.9, -0.9, 319]
11:03:09.670974 ACC: [8, 26, 518]
[1499, 1499, 1600, 1500, 988, 950, 988, 1600, 1001, 1001, 1001, 1001, 1500, 1500, 1500, 1500]
[1499, 1499, 1600, 1500, 988, 950, 988, 1600, 1001, 1001, 1001, 1001, 1500, 1500, 1500, 1500]
11:03:09.689585 Navigation got ALT: 0.62
[1499, 1500, 1600, 1500, 988, 950, 988, 1600, 1001, 1001, 1001, 1001, 1500, 1500, 1500, 1500]
[1499, 1500, 1600, 1500, 988, 950, 988, 1600, 1001, 1001, 1001, 1001, 1500, 1500, 1500, 1500]
[1499, 1500, 1600, 1500, 988, 950, 988, 1600, 1001, 1001, 1001, 1001, 1500, 1500, 1500, 1500]
[1499, 1500, 1600, 1500, 988, 950, 988, 1600, 1001, 1001, 1001, 1001, 1500, 1500, 1500, 1500]
11:03:09.717507 ALT: 0.62
11:03:09.717716 ATT: [2.9, -0.9, 319]
11:03:09.718245 ACC: [8, 26, 518]
11:03:09.720336 Navigation got ALT: 0.62
[1500, 1499, 1600, 1499, 988, 950, 988, 1600, 1001, 1001, 1001, 1001, 1500, 1500, 1500, 1500]
[1500, 1499, 1600, 1499, 988, 950, 988, 1600, 1001, 1001, 1001, 1001, 1500, 1500, 1500, 1500]
[1500, 1499, 1600, 1499, 988, 950, 988, 1600, 1001, 1001, 1001, 1001, 1500, 1500, 1500, 1500]
[1500, 1499, 1600, 1499, 988, 950, 988, 1600, 1001, 1001, 1001, 1001, 1500, 1500, 1500, 1500]
[1500, 1499, 1600, 1499, 988, 950, 988, 1600, 1001, 1001, 1001, 1001, 1500, 1500, 1500, 1500]
[1500, 1499, 1600, 1499, 988, 950, 988, 1600, 1001, 1001, 1001, 1001, 1500, 1500, 1500, 1500]
11:03:09.759513 Navigation got ALT: 0.62
[1499, 1500, 1600, 1500, 988, 950, 988, 1600, 1001, 1001, 1001, 1001, 1500, 1500, 1500, 1500]
[1499, 1500, 1600, 1500, 988, 950, 988, 1600, 1001, 1001, 1001, 1001, 1500, 1500, 1500, 1500]
[1499, 1500, 1600, 1500, 988, 950, 988, 1600, 1001, 1001, 1001, 1001, 1500, 1500, 1500, 1500]
[1499, 1500, 1600, 1500, 988, 950, 988, 1600, 1001, 1001, 1001, 1001, 1500, 1500, 1500, 1500]
[1499, 1500, 1600, 1500, 988, 950, 988, 1600, 1001, 1001, 1001, 1001, 1500, 1500, 1500, 1500]
11:03:09.781607 ALT: 0.62
11:03:09.781770 ATT: [2.9, -0.9, 319]
11:03:09.782295 ACC: [9, 26, 518]
[1499, 1500, 1600, 1500, 988, 950, 988, 1600, 1001, 1001, 1001, 1001, 1500, 1500, 1500, 1500]
11:03:09.793810 Navigation got ALT: 0.62
[1500, 1500, 1600, 1500, 988, 950, 988, 1600, 1001, 1001, 1001, 1001, 1500, 1500, 1500, 1500]
[1500, 1500, 1600, 1500, 988, 950, 988, 1600, 1001, 1001, 1001, 1001, 1500, 1500, 1500, 1500]
[1500, 1500, 1600, 1500, 988, 950, 988, 1600, 1001, 1001, 1001, 1001, 1500, 1500, 1500, 1500]
[1500, 1500, 1600, 1500, 988, 950, 988, 1600, 1001, 1001, 1001, 1001, 1500, 1500, 1500, 1500]
[1500, 1500, 1600, 1500, 988, 950, 988, 1600, 1001, 1001, 1001, 1001, 1500, 1500, 1500, 1500]
11:03:09.827013 Navigation got ALT: 0.62
[1500, 1500, 1600, 1500, 988, 950, 988, 1600, 1001, 1001, 1001, 1001, 1500, 1500, 1500, 1500]
[1500, 1500, 1600, 1500, 988, 950, 988, 1600, 1001, 1001, 1001, 1001, 1500, 1500, 1500, 1500]
[1500, 1500, 1600, 1500, 988, 950, 988, 1600, 1001, 1001, 1001, 1001, 1500, 1500, 1500, 1500]
11:03:09.845513 ALT: 0.62
11:03:09.845645 ATT: [2.9, -0.9, 319]
[1500, 1500, 1600, 1500, 988, 950, 988, 1600, 1001, 1001, 1001, 1001, 1500, 1500, 1500, 1500]
11:03:09.847064 ACC: [8, 27, 518]
[1500, 1500, 1600, 1500, 988, 950, 988, 1600, 1001, 1001, 1001, 1001, 1500, 1500, 1500, 1500]
11:03:09.860937 Navigation got ALT: 0.62
[1500, 1500, 1600, 1500, 988, 950, 988, 1600, 1001, 1001, 1001, 1001, 1500, 1500, 1500, 1500]
[1500, 1500, 1600, 1500, 988, 950, 988, 1600, 1001, 1001, 1001, 1001, 1500, 1500, 1500, 1500]
[1500, 1500, 1600, 1500, 988, 950, 988, 1600, 1001, 1001, 1001, 1001, 1500, 1500, 1500, 1500]
[1500, 1500, 1600, 1500, 988, 950, 988, 1600, 1001, 1001, 1001, 1001, 1500, 1500, 1500, 1500]
[1500, 1500, 1600, 1500, 988, 950, 988, 1600, 1001, 1001, 1001, 1001, 1500, 1500, 1500, 1500]
11:03:09.893257 ALT: 0.62
11:03:09.893358 ATT: [2.9, -0.9, 319]
11:03:09.893688 ACC: [8, 26, 518]
11:03:09.894913 Navigation got ALT: 0.62
[1500, 1500, 1600, 1499, 988, 950, 988, 1600, 1001, 1001, 1001, 1001, 1500, 1500, 1500, 1500]
[1500, 1500, 1600, 1499, 988, 950, 988, 1600, 1001, 1001, 1001, 1001, 1500, 1500, 1500, 1500]
[1500, 1500, 1600, 1499, 988, 950, 988, 1600, 1001, 1001, 1001, 1001, 1500, 1500, 1500, 1500]
[1500, 1500, 1600, 1499, 988, 950, 988, 1600, 1001, 1001, 1001, 1001, 1500, 1500, 1500, 1500]
[1500, 1500, 1600, 1499, 988, 950, 988, 1600, 1001, 1001, 1001, 1001, 1500, 1500, 1500, 1500]
11:03:09.929312 Navigation got ALT: 0.62
[1497, 1500, 1600, 1500, 988, 950, 988, 1600, 1001, 1001, 1001, 1001, 1500, 1500, 1500, 1500]
[1497, 1500, 1600, 1500, 988, 950, 988, 1600, 1001, 1001, 1001, 1001, 1500, 1500, 1500, 1500]
11:03:09.942234 ALT: 0.62
11:03:09.942343 ATT: [2.9, -0.9, 319]
11:03:09.942682 ACC: [8, 27, 518]
[1497, 1500, 1600, 1500, 988, 950, 988, 1600, 1001, 1001, 1001, 1001, 1500, 1500, 1500, 1500]
[1497, 1500, 1600, 1500, 988, 950, 988, 1600, 1001, 1001, 1001, 1001, 1500, 1500, 1500, 1500]
[1497, 1500, 1600, 1500, 988, 950, 988, 1600, 1001, 1001, 1001, 1001, 1500, 1500, 1500, 1500]
11:03:09.960922 Navigation got ALT: 0.62
[1500, 1500, 1600, 1500, 988, 950, 988, 1600, 1001, 1001, 1001, 1001, 1500, 1500, 1500, 1500]
[1500, 1500, 1600, 1500, 988, 950, 988, 1600, 1001, 1001, 1001, 1001, 1500, 1500, 1500, 1500]
[1500, 1500, 1600, 1500, 988, 950, 988, 1600, 1001, 1001, 1001, 1001, 1500, 1500, 1500, 1500]
[1500, 1500, 1600, 1500, 988, 950, 988, 1600, 1001, 1001, 1001, 1001, 1500, 1500, 1500, 1500]
11:03:09.989464 ALT: 0.62
11:03:09.989589 ATT: [2.9, -0.9, 319]
11:03:09.989990 ACC: [9, 26, 518]
11:03:09.991624 Navigation got ALT: 0.62
[1499, 1500, 1600, 1500, 988, 950, 988, 1600, 1001, 1001, 1001, 1001, 1500, 1500, 1500, 1500]
[1499, 1500, 1600, 1500, 988, 950, 988, 1600, 1001, 1001, 1001, 1001, 1500, 1500, 1500, 1500]
[1499, 1500, 1600, 1500, 988, 950, 988, 1600, 1001, 1001, 1001, 1001, 1500, 1500, 1500, 1500]
[1499, 1500, 1600, 1500, 988, 950, 988, 1600, 1001, 1001, 1001, 1001, 1500, 1500, 1500, 1500]
[1499, 1500, 1600, 1500, 988, 950, 988, 1600, 1001, 1001, 1001, 1001, 1500, 1500, 1500, 1500]
[1499, 1500, 1600, 1500, 988, 950, 988, 1600, 1001, 1001, 1001, 1001, 1500, 1500, 1500, 1500]
11:03:10.033061 Navigation got ALT: 0.62
[1499, 1500, 1600, 1499, 988, 950, 988, 1600, 1001, 1001, 1001, 1001, 1500, 1500, 1500, 1500]
11:03:10.039659 ALT: 0.62
11:03:10.039827 ATT: [2.9, -0.9, 319]
11:03:10.040176 ACC: [8, 26, 518]
[1499, 1500, 1600, 1499, 988, 950, 988, 1600, 1001, 1001, 1001, 1001, 1500, 1500, 1500, 1500]
[1499, 1500, 1600, 1499, 988, 950, 988, 1600, 1001, 1001, 1001, 1001, 1500, 1500, 1500, 1500]
[1499, 1500, 1600, 1499, 988, 950, 988, 1600, 1001, 1001, 1001, 1001, 1500, 1500, 1500, 1500]
[1499, 1500, 1600, 1499, 988, 950, 988, 1600, 1001, 1001, 1001, 1001, 1500, 1500, 1500, 1500]
[1499, 1500, 1600, 1499, 988, 950, 988, 1600, 1001, 1001, 1001, 1001, 1500, 1500, 1500, 1500]
11:03:10.067126 Navigation got ALT: 0.62
[1500, 1500, 1600, 1500, 988, 950, 988, 1600, 1001, 1001, 1001, 1001, 1500, 1500, 1500, 1500]
[1500, 1500, 1600, 1500, 988, 950, 988, 1600, 1001, 1001, 1001, 1001, 1500, 1500, 1500, 1500]
[1500, 1500, 1600, 1500, 988, 950, 988, 1600, 1001, 1001, 1001, 1001, 1500, 1500, 1500, 1500]
[1500, 1500, 1600, 1500, 988, 950, 988, 1600, 1001, 1001, 1001, 1001, 1500, 1500, 1500, 1500]
[1500, 1500, 1600, 1500, 988, 950, 988, 1600, 1001, 1001, 1001, 1001, 1500, 1500, 1500, 1500]
11:03:10.095108 ALT: 0.62
11:03:10.095196 ATT: [2.9, -0.9, 318]
11:03:10.095479 ACC: [8, 26, 518]
11:03:10.100656 Navigation got ALT: 0.62
[1500, 1500, 1600, 1500, 988, 950, 988, 1600, 1001, 1001, 1001, 1001, 1500, 1500, 1500, 1500]
[1500, 1500, 1600, 1500, 988, 950, 988, 1600, 1001, 1001, 1001, 1001, 1500, 1500, 1500, 1500]
[1500, 1500, 1600, 1500, 988, 950, 988, 1600, 1001, 1001, 1001, 1001, 1500, 1500, 1500, 1500]
[1500, 1500, 1600, 1500, 988, 950, 988, 1600, 1001, 1001, 1001, 1001, 1500, 1500, 1500, 1500]
[1500, 1500, 1600, 1500, 988, 950, 988, 1600, 1001, 1001, 1001, 1001, 1500, 1500, 1500, 1500]
11:03:10.134700 Navigation got ALT: 0.62
[1499, 1500, 1600, 1500, 988, 950, 988, 1600, 1001, 1001, 1001, 1001, 1500, 1500, 1500, 1500]
[1499, 1500, 1600, 1500, 988, 950, 988, 1600, 1001, 1001, 1001, 1001, 1500, 1500, 1500, 1500]
[1499, 1500, 1600, 1500, 988, 950, 988, 1600, 1001, 1001, 1001, 1001, 1500, 1500, 1500, 1500]
[1499, 1500, 1600, 1500, 988, 950, 988, 1600, 1001, 1001, 1001, 1001, 1500, 1500, 1500, 1500]
11:03:10.154194 ALT: 0.62
11:03:10.154519 ATT: [2.9, -0.9, 318]
11:03:10.155371 ACC: [9, 26, 518]
11:03:10.166388 Navigation got ALT: 0.62
[1500, 1499, 1600, 1500, 988, 950, 988, 1598, 1001, 1001, 1001, 1001, 1500, 1500, 1500, 1500]
[1500, 1499, 1600, 1500, 988, 950, 988, 1598, 1001, 1001, 1001, 1001, 1500, 1500, 1500, 1500]
[1500, 1499, 1600, 1500, 988, 950, 988, 1598, 1001, 1001, 1001, 1001, 1500, 1500, 1500, 1500]
[1500, 1499, 1600, 1500, 988, 950, 988, 1598, 1001, 1001, 1001, 1001, 1500, 1500, 1500, 1500]
[1500, 1499, 1600, 1500, 988, 950, 988, 1598, 1001, 1001, 1001, 1001, 1500, 1500, 1500, 1500]
[1500, 1499, 1600, 1500, 988, 950, 988, 1598, 1001, 1001, 1001, 1001, 1500, 1500, 1500, 1500]
11:03:10.203662 Navigation got ALT: 0.62
[1500, 1500, 1600, 1500, 988, 950, 988, 1598, 1001, 1001, 1001, 1001, 1500, 1500, 1500, 1500]
[1500, 1500, 1600, 1500, 988, 950, 988, 1598, 1001, 1001, 1001, 1001, 1500, 1500, 1500, 1500]
11:03:10.207941 ALT: 0.62
11:03:10.208083 ATT: [2.9, -0.9, 318]
11:03:10.209287 ACC: [9, 26, 518]
[1500, 1500, 1600, 1500, 988, 950, 988, 1598, 1001, 1001, 1001, 1001, 1500, 1500, 1500, 1500]
[1500, 1500, 1600, 1500, 988, 950, 988, 1598, 1001, 1001, 1001, 1001, 1500, 1500, 1500, 1500]
[1500, 1500, 1600, 1500, 988, 950, 988, 1598, 1001, 1001, 1001, 1001, 1500, 1500, 1500, 1500]
11:03:10.237729 Navigation got ALT: 0.62
[1500, 1500, 1600, 1499, 988, 950, 988, 1598, 1001, 1001, 1001, 1001, 1500, 1500, 1500, 1500]
[1500, 1500, 1600, 1499, 988, 950, 988, 1598, 1001, 1001, 1001, 1001, 1500, 1500, 1500, 1500]
11:03:10.246056 ALT: 0.62
11:03:10.246502 ATT: [2.9, -0.9, 318]
[1500, 1500, 1600, 1499, 988, 950, 988, 1598, 1001, 1001, 1001, 1001, 1500, 1500, 1500, 1500]
11:03:10.249088 ACC: [8, 27, 518]
[1500, 1500, 1600, 1499, 988, 950, 988, 1598, 1001, 1001, 1001, 1001, 1500, 1500, 1500, 1500]
11:03:10.267748 Navigation got ALT: 0.62
[1500, 1499, 1600, 1500, 988, 950, 988, 1600, 1001, 1001, 1001, 1001, 1500, 1500, 1500, 1500]
[1500, 1499, 1600, 1500, 988, 950, 988, 1600, 1001, 1001, 1001, 1001, 1500, 1500, 1500, 1500]
[1500, 1499, 1600, 1500, 988, 950, 988, 1600, 1001, 1001, 1001, 1001, 1500, 1500, 1500, 1500]
[1500, 1499, 1600, 1500, 988, 950, 988, 1600, 1001, 1001, 1001, 1001, 1500, 1500, 1500, 1500]
[1500, 1499, 1600, 1500, 988, 950, 988, 1600, 1001, 1001, 1001, 1001, 1500, 1500, 1500, 1500]
[1500, 1499, 1600, 1500, 988, 950, 988, 1600, 1001, 1001, 1001, 1001, 1500, 1500, 1500, 1500]
11:03:10.305455 Navigation got ALT: 0.62
[1499, 1500, 1600, 1500, 988, 950, 988, 1600, 1001, 1001, 1001, 1001, 1500, 1500, 1500, 1500]
[1499, 1500, 1600, 1500, 988, 950, 988, 1600, 1001, 1001, 1001, 1001, 1500, 1500, 1500, 1500]
11:03:10.310377 ALT: 0.62
11:03:10.310781 ATT: [2.9, -0.9, 318]
11:03:10.311549 ACC: [8, 26, 518]
[1499, 1500, 1600, 1500, 988, 950, 988, 1600, 1001, 1001, 1001, 1001, 1500, 1500, 1500, 1500]
[1499, 1500, 1600, 1500, 988, 950, 988, 1600, 1001, 1001, 1001, 1001, 1500, 1500, 1500, 1500]
[1499, 1500, 1600, 1500, 988, 950, 988, 1600, 1001, 1001, 1001, 1001, 1500, 1500, 1500, 1500]
11:03:10.335638 Navigation got ALT: 0.62
[1500, 1499, 1600, 1500, 988, 950, 988, 1600, 1001, 1001, 1001, 1001, 1500, 1500, 1500, 1500]
[1500, 1499, 1600, 1500, 988, 950, 988, 1600, 1001, 1001, 1001, 1001, 1500, 1500, 1500, 1500]
[1500, 1499, 1600, 1500, 988, 950, 988, 1600, 1001, 1001, 1001, 1001, 1500, 1500, 1500, 1500]
[1500, 1499, 1600, 1500, 988, 950, 988, 1600, 1001, 1001, 1001, 1001, 1500, 1500, 1500, 1500]
11:03:10.359770 ALT: 0.62
11:03:10.359910 ATT: [2.9, -0.9, 318]
11:03:10.360278 ACC: [9, 27, 519]
11:03:10.370226 Navigation got ALT: 0.62
[1499, 1500, 1600, 1500, 988, 950, 988, 1600, 1001, 1001, 1001, 1001, 1500, 1500, 1500, 1500]
[1499, 1500, 1600, 1500, 988, 950, 988, 1600, 1001, 1001, 1001, 1001, 1500, 1500, 1500, 1500]
[1499, 1500, 1600, 1500, 988, 950, 988, 1600, 1001, 1001, 1001, 1001, 1500, 1500, 1500, 1500]
[1499, 1500, 1600, 1500, 988, 950, 988, 1600, 1001, 1001, 1001, 1001, 1500, 1500, 1500, 1500]
11:03:10.400541 Navigation got ALT: 0.62
[1500, 1500, 1600, 1500, 988, 950, 988, 1600, 1001, 1001, 1001, 1001, 1500, 1500, 1500, 1500]
[1500, 1500, 1600, 1500, 988, 950, 988, 1600, 1001, 1001, 1001, 1001, 1500, 1500, 1500, 1500]
[1500, 1500, 1600, 1500, 988, 950, 988, 1600, 1001, 1001, 1001, 1001, 1500, 1500, 1500, 1500]
11:03:10.405643 ALT: 0.62
11:03:10.405850 ATT: [2.9, -0.9, 318]
11:03:10.406585 ACC: [9, 27, 518]
[1500, 1500, 1600, 1500, 988, 950, 988, 1600, 1001, 1001, 1001, 1001, 1500, 1500, 1500, 1500]
[1500, 1500, 1600, 1500, 988, 950, 988, 1600, 1001, 1001, 1001, 1001, 1500, 1500, 1500, 1500]
[1500, 1500, 1600, 1500, 988, 950, 988, 1600, 1001, 1001, 1001, 1001, 1500, 1500, 1500, 1500]
[1500, 1500, 1600, 1500, 988, 950, 988, 1600, 1001, 1001, 1001, 1001, 1500, 1500, 1500, 1500]
11:03:10.434860 Navigation got ALT: 0.62
[1500, 1500, 1600, 1500, 988, 950, 988, 1600, 1001, 1001, 1001, 1001, 1500, 1500, 1500, 1500]
[1500, 1500, 1600, 1500, 988, 950, 988, 1600, 1001, 1001, 1001, 1001, 1500, 1500, 1500, 1500]
[1500, 1500, 1600, 1500, 988, 950, 988, 1600, 1001, 1001, 1001, 1001, 1500, 1500, 1500, 1500]
[1500, 1500, 1600, 1500, 988, 950, 988, 1600, 1001, 1001, 1001, 1001, 1500, 1500, 1500, 1500]
[1500, 1500, 1600, 1500, 988, 950, 988, 1600, 1001, 1001, 1001, 1001, 1500, 1500, 1500, 1500]
11:03:10.461712 ALT: 0.62
11:03:10.461863 ATT: [2.9, -0.9, 318]
11:03:10.462211 ACC: [8, 26, 518]
11:03:10.467411 Navigation got ALT: 0.62
[1500, 1500, 1600, 1500, 988, 950, 988, 1600, 1001, 1001, 1001, 1001, 1500, 1500, 1500, 1500]
11:03:10.512041 Navigation got ALT: 0.62
[1500, 1500, 1600, 1500, 988, 950, 988, 1600, 1001, 1001, 1001, 1001, 1500, 1500, 1500, 1500]
[1500, 1500, 1600, 1500, 988, 950, 988, 1600, 1001, 1001, 1001, 1001, 1500, 1500, 1500, 1500]
[1500, 1500, 1600, 1500, 988, 950, 988, 1600, 1001, 1001, 1001, 1001, 1500, 1500, 1500, 1500]
[1500, 1500, 1600, 1500, 988, 950, 988, 1600, 1001, 1001, 1001, 1001, 1500, 1500, 1500, 1500]
[1500, 1500, 1600, 1500, 988, 950, 988, 1600, 1001, 1001, 1001, 1001, 1500, 1500, 1500, 1500]
[1500, 1500, 1600, 1500, 988, 950, 988, 1600, 1001, 1001, 1001, 1001, 1500, 1500, 1500, 1500]
11:03:10.526151 ALT: 0.62
11:03:10.526303 ATT: [2.9, -0.9, 318]
11:03:10.526702 ACC: [9, 26, 518]
[1500, 1500, 1600, 1500, 988, 950, 988, 1600, 1001, 1001, 1001, 1001, 1500, 1500, 1500, 1500]
[1500, 1500, 1600, 1500, 988, 950, 988, 1600, 1001, 1001, 1001, 1001, 1500, 1500, 1500, 1500]
[1500, 1500, 1600, 1500, 988, 950, 988, 1600, 1001, 1001, 1001, 1001, 1500, 1500, 1500, 1500]
11:03:10.550567 Navigation got ALT: 0.62
[1500, 1499, 1600, 1500, 988, 950, 988, 1600, 1001, 1001, 1001, 1001, 1500, 1500, 1500, 1500]
[1500, 1499, 1600, 1500, 988, 950, 988, 1600, 1001, 1001, 1001, 1001, 1500, 1500, 1500, 1500]
[1500, 1499, 1600, 1500, 988, 950, 988, 1600, 1001, 1001, 1001, 1001, 1500, 1500, 1500, 1500]
[1500, 1499, 1600, 1500, 988, 950, 988, 1600, 1001, 1001, 1001, 1001, 1500, 1500, 1500, 1500]
[1500, 1499, 1600, 1500, 988, 950, 988, 1600, 1001, 1001, 1001, 1001, 1500, 1500, 1500, 1500]
[1500, 1499, 1600, 1500, 988, 950, 988, 1600, 1001, 1001, 1001, 1001, 1500, 1500, 1500, 1500]
[1500, 1499, 1600, 1500, 988, 950, 988, 1600, 1001, 1001, 1001, 1001, 1500, 1500, 1500, 1500]
11:03:10.592493 Navigation got ALT: 0.62
[1500, 1500, 1600, 1501, 985, 950, 988, 1600, 1001, 1001, 1001, 1001, 1500, 1500, 1500, 1500]
[1500, 1500, 1600, 1501, 985, 950, 988, 1600, 1001, 1001, 1001, 1001, 1500, 1500, 1500, 1500]
[1500, 1500, 1600, 1501, 985, 950, 988, 1600, 1001, 1001, 1001, 1001, 1500, 1500, 1500, 1500]
11:03:10.605038 ALT: 0.62
11:03:10.605857 ATT: [2.9, -0.9, 318]
11:03:10.609368 ACC: [8, 26, 518]
11:03:10.622618 Navigation got ALT: 0.62
[1500, 1499, 1600, 1500, 988, 950, 988, 1600, 1001, 1001, 1001, 1001, 1500, 1500, 1500, 1500]
[1500, 1499, 1600, 1500, 988, 950, 988, 1600, 1001, 1001, 1001, 1001, 1500, 1500, 1500, 1500]
[1500, 1499, 1600, 1500, 988, 950, 988, 1600, 1001, 1001, 1001, 1001, 1500, 1500, 1500, 1500]
[1500, 1499, 1600, 1500, 988, 950, 988, 1600, 1001, 1001, 1001, 1001, 1500, 1500, 1500, 1500]
[1500, 1499, 1600, 1500, 988, 950, 988, 1600, 1001, 1001, 1001, 1001, 1500, 1500, 1500, 1500]
[1500, 1499, 1600, 1500, 988, 950, 988, 1600, 1001, 1001, 1001, 1001, 1500, 1500, 1500, 1500]
[1500, 1499, 1600, 1500, 988, 950, 988, 1600, 1001, 1001, 1001, 1001, 1500, 1500, 1500, 1500]
[1500, 1499, 1600, 1500, 988, 950, 988, 1600, 1001, 1001, 1001, 1001, 1500, 1500, 1500, 1500]
11:03:10.660469 Navigation got ALT: 0.62
[1500, 1500, 1600, 1500, 988, 950, 988, 1600, 1001, 1001, 1001, 1001, 1500, 1500, 1500, 1500]
11:03:10.681898 ALT: 0.62
11:03:10.682240 ATT: [2.9, -0.9, 318]
11:03:10.682809 ACC: [8, 27, 518]
[1500, 1500, 1600, 1500, 988, 950, 988, 1600, 1001, 1001, 1001, 1001, 1500, 1500, 1500, 1500]
11:03:10.691084 Navigation got ALT: 0.62
[1499, 1500, 1600, 1500, 988, 950, 988, 1600, 1001, 1001, 1001, 1001, 1500, 1500, 1500, 1500]
[1499, 1500, 1600, 1500, 988, 950, 988, 1600, 1001, 1001, 1001, 1001, 1500, 1500, 1500, 1500]
[1499, 1500, 1600, 1500, 988, 950, 988, 1600, 1001, 1001, 1001, 1001, 1500, 1500, 1500, 1500]
11:03:10.726719 Navigation got ALT: 0.62
[1499, 1500, 1600, 1500, 988, 950, 988, 1600, 1001, 1001, 1001, 1001, 1500, 1500, 1500, 1500]
[1499, 1500, 1600, 1500, 988, 950, 988, 1600, 1001, 1001, 1001, 1001, 1500, 1500, 1500, 1500]
[1499, 1500, 1600, 1500, 988, 950, 988, 1600, 1001, 1001, 1001, 1001, 1500, 1500, 1500, 1500]
[1499, 1500, 1600, 1500, 988, 950, 988, 1600, 1001, 1001, 1001, 1001, 1500, 1500, 1500, 1500]
[1499, 1500, 1600, 1500, 988, 950, 988, 1600, 1001, 1001, 1001, 1001, 1500, 1500, 1500, 1500]
[1499, 1500, 1600, 1500, 988, 950, 988, 1600, 1001, 1001, 1001, 1001, 1500, 1500, 1500, 1500]
11:03:10.760168 ALT: 0.62
11:03:10.760334 ATT: [2.9, -0.9, 318]
11:03:10.760710 ACC: [8, 26, 518]
11:03:10.768069 Navigation got ALT: 0.62
[1500, 1500, 1600, 1500, 988, 950, 988, 1600, 1001, 1001, 1001, 1001, 1500, 1500, 1500, 1500]
[1500, 1500, 1600, 1500, 988, 950, 988, 1600, 1001, 1001, 1001, 1001, 1500, 1500, 1500, 1500]
[1500, 1500, 1600, 1500, 988, 950, 988, 1600, 1001, 1001, 1001, 1001, 1500, 1500, 1500, 1500]
[1500, 1500, 1600, 1500, 988, 950, 988, 1600, 1001, 1001, 1001, 1001, 1500, 1500, 1500, 1500]
[1500, 1500, 1600, 1500, 988, 950, 988, 1600, 1001, 1001, 1001, 1001, 1500, 1500, 1500, 1500]
[1500, 1500, 1600, 1500, 988, 950, 988, 1600, 1001, 1001, 1001, 1001, 1500, 1500, 1500, 1500]
[1500, 1500, 1600, 1500, 988, 950, 988, 1600, 1001, 1001, 1001, 1001, 1500, 1500, 1500, 1500]
[1500, 1500, 1600, 1500, 988, 950, 988, 1600, 1001, 1001, 1001, 1001, 1500, 1500, 1500, 1500]
[1500, 1500, 1600, 1500, 988, 950, 988, 1600, 1001, 1001, 1001, 1001, 1500, 1500, 1500, 1500]
11:03:10.805722 ALT: 0.62
11:03:10.805952 ATT: [2.9, -0.9, 318]
11:03:10.806771 ACC: [9, 26, 518]
11:03:10.808914 Navigation got ALT: 0.62
[1499, 1500, 1600, 1500, 988, 950, 988, 1600, 1001, 1001, 1001, 1001, 1500, 1500, 1500, 1500]
[1499, 1500, 1600, 1500, 988, 950, 988, 1600, 1001, 1001, 1001, 1001, 1500, 1500, 1500, 1500]
[1499, 1500, 1600, 1500, 988, 950, 988, 1600, 1001, 1001, 1001, 1001, 1500, 1500, 1500, 1500]
[1499, 1500, 1600, 1500, 988, 950, 988, 1600, 1001, 1001, 1001, 1001, 1500, 1500, 1500, 1500]
11:03:10.842119 Navigation got ALT: 0.62
