Waiting for MSP_API_VERSION reply...
Waiting for MSP_FC_VARIANT reply...
{'apiVersion': '1.44.0', 'flightControllerIdentifier': 'BTFL', 'flightControllerVersion': '4.3.2', 'version': 0, 'buildInfo': 'Apr  7 2023 03:15:27', 'multiType': 0, 'msp_version': 0, 'capability': 0, 'cycleTime': 315, 'i2cError': 0, 'activeSensors': 39, 'mode': 2, 'profile': 0, 'uid': [4653116, 1345409042, 540357454], 'accelerometerTrims': [0, 0], 'name': '', 'displayName': 'BOARD MODULE', 'numProfiles': 3, 'rateProfile': 0, 'boardType': 2, 'armingDisableCount': 26, 'armingDisableFlags': 4, 'armingDisabled': False, 'runawayTakeoffPreventionDisabled': False, 'boardIdentifier': 'SBF4', 'boardVersion': 0, 'commCapabilities': 3, 'targetName': 'SPEEDYBEEF405V3', 'boardName': 'SPEEDYBEEF405V3', 'manufacturerId': '', 'signature': [0, 0, 0, 0, 0, 0, 0, 0, 0, 0, 0, 0, 0, 0, 0, 0, 0, 0, 0, 0, 0, 0, 0, 0, 0, 0, 0, 0, 0, 0, 0, 0], 'cpuload': 39, 'mcuTypeId': 3, 'mspProtocolVersion': 0, 'flightModeFlags': []}
12:01:51.075281 ALT: 0.19
12:01:51.075441 ATT: [1.1, -1.0, 273]
12:01:51.075892 ACC: [9, 9, 518]
12:01:51.132954 ALT: 0.19
12:01:51.133071 ATT: [1.1, -1.0, 273]
12:01:51.133294 ACC: [9, 10, 517]
12:01:51.189034 ALT: 0.19
12:01:51.189159 ATT: [1.1, -1.0, 273]
12:01:51.189358 ACC: [9, 10, 518]
12:01:51.267706 ALT: 0.19
12:01:51.267846 ATT: [1.1, -1.0, 273]
12:01:51.268092 ACC: [9, 10, 518]
12:01:51.335371 ALT: 0.19
12:01:51.335508 ATT: [1.1, -1.0, 273]
12:01:51.335816 ACC: [9, 10, 518]
12:01:51.381355 ALT: 0.19
12:01:51.381555 ATT: [1.1, -1.0, 273]
12:01:51.382017 ACC: [9, 10, 517]
12:01:51.429203 ALT: 0.14
12:01:51.429320 ATT: [1.1, -1.0, 273]
12:01:51.429514 ACC: [9, 9, 517]
12:01:51.477590 ALT: 0.13
12:01:51.477708 ATT: [1.1, -1.0, 273]
12:01:51.477904 ACC: [9, 10, 518]
12:01:51.524461 ALT: 0.12
12:01:51.524636 ATT: [1.1, -1.0, 273]
12:01:51.524866 ACC: [9, 9, 518]
12:01:51.571322 ALT: 0.12
12:01:51.571449 ATT: [1.1, -1.0, 273]
12:01:51.571671 ACC: [10, 10, 518]
12:01:51.619318 ALT: 0.12
12:01:51.619427 ATT: [1.1, -1.0, 273]
12:01:51.619610 ACC: [8, 10, 518]
12:01:51.667267 ALT: 0.12
12:01:51.667386 ATT: [1.1, -1.0, 273]
12:01:51.667584 ACC: [10, 10, 518]
12:01:51.715239 ALT: 0.12
12:01:51.715334 ATT: [1.1, -1.0, 273]
12:01:51.715488 ACC: [10, 9, 518]
12:01:51.763558 ALT: 0.12
12:01:51.763679 ATT: [1.1, -1.0, 273]
12:01:51.763868 ACC: [8, 10, 518]
12:01:51.811297 ALT: 0.12
12:01:51.811424 ATT: [1.1, -1.0, 273]
12:01:51.811683 ACC: [10, 9, 517]
12:01:51.859319 ALT: 0.12
12:01:51.859419 ATT: [1.1, -1.0, 273]
12:01:51.859578 ACC: [9, 10, 517]
12:01:51.907675 ALT: 0.12
12:01:51.907836 ATT: [1.1, -1.0, 273]
12:01:51.908120 ACC: [8, 11, 518]
12:01:51.955473 ALT: 0.12
12:01:51.955582 ATT: [1.1, -1.0, 273]
12:01:51.955768 ACC: [10, 9, 518]
12:01:52.003702 ALT: 0.12
12:01:52.003812 ATT: [1.1, -1.0, 273]
12:01:52.003994 ACC: [9, 9, 518]
12:01:52.051898 ALT: 0.12
12:01:52.052013 ATT: [1.1, -1.0, 273]
12:01:52.052238 ACC: [9, 11, 518]
12:01:52.099362 ALT: 0.12
12:01:52.099513 ATT: [1.1, -1.0, 273]
12:01:52.099736 ACC: [9, 9, 518]
12:01:52.147318 ALT: 0.12
12:01:52.147483 ATT: [1.1, -1.0, 273]
12:01:52.147679 ACC: [9, 9, 518]
12:01:52.195354 ALT: 0.12
12:01:52.195466 ATT: [1.1, -1.0, 273]
12:01:52.195663 ACC: [9, 10, 519]
12:01:52.243418 ALT: 0.12
12:01:52.243545 ATT: [1.1, -1.0, 273]
12:01:52.243768 ACC: [9, 9, 518]
12:01:52.291345 ALT: 0.12
12:01:52.291479 ATT: [1.1, -1.0, 273]
12:01:52.291709 ACC: [10, 10, 518]
12:01:52.339559 ALT: 0.12
12:01:52.339729 ATT: [1.1, -1.0, 273]
12:01:52.340022 ACC: [9, 10, 518]
12:01:52.387398 ALT: 0.12
12:01:52.387516 ATT: [1.1, -1.0, 273]
12:01:52.387737 ACC: [9, 10, 518]
12:01:52.435374 ALT: 0.12
12:01:52.435502 ATT: [1.1, -1.0, 273]
12:01:52.435747 ACC: [9, 9, 518]
12:01:52.483591 ALT: 0.12
12:01:52.483788 ATT: [1.1, -1.0, 273]
12:01:52.484065 ACC: [9, 10, 518]
12:01:52.531418 ALT: 0.12
12:01:52.531532 ATT: [1.1, -1.0, 273]
12:01:52.531733 ACC: [9, 10, 518]
12:01:52.579372 ALT: 0.12
12:01:52.579505 ATT: [1.1, -1.0, 273]
12:01:52.579739 ACC: [9, 9, 517]
12:01:52.627410 ALT: 0.12
12:01:52.627513 ATT: [1.1, -1.0, 273]
12:01:52.627671 ACC: [9, 10, 518]
12:01:52.675325 ALT: 0.12
12:01:52.675415 ATT: [1.1, -1.0, 273]
12:01:52.675561 ACC: [9, 9, 518]
12:01:52.723425 ALT: 0.12
12:01:52.723530 ATT: [1.1, -1.0, 273]
12:01:52.723696 ACC: [9, 9, 518]
12:01:52.771443 ALT: 0.12
12:01:52.771548 ATT: [1.1, -1.0, 273]
12:01:52.771723 ACC: [9, 10, 518]
12:01:52.819525 ALT: 0.12
12:01:52.819648 ATT: [1.1, -1.0, 273]
12:01:52.819841 ACC: [9, 10, 518]
12:01:52.867414 ALT: 0.12
12:01:52.867516 ATT: [1.1, -1.0, 273]
12:01:52.867690 ACC: [9, 9, 518]
12:01:52.933751 ALT: 0.12
12:01:52.933887 ATT: [1.1, -1.0, 273]
12:01:52.934104 ACC: [9, 10, 518]
12:01:52.980384 ALT: 0.12
12:01:52.980678 ATT: [1.1, -1.0, 273]
12:01:52.980925 ACC: [9, 10, 518]
12:01:53.027484 ALT: 0.17
12:01:53.027611 ATT: [1.1, -1.0, 273]
12:01:53.027822 ACC: [9, 10, 517]
12:01:53.075568 ALT: 0.19
12:01:53.075720 ATT: [1.1, -1.0, 273]
12:01:53.075997 ACC: [8, 10, 518]
12:01:53.123474 ALT: 0.19
12:01:53.123593 ATT: [1.1, -1.0, 273]
12:01:53.123787 ACC: [9, 10, 518]
12:01:53.171534 ALT: 0.19
12:01:53.171679 ATT: [1.1, -1.0, 273]
12:01:53.171916 ACC: [9, 9, 518]
12:01:53.219528 ALT: 0.19
12:01:53.219650 ATT: [1.1, -1.0, 273]
12:01:53.219866 ACC: [9, 10, 518]
12:01:53.267569 ALT: 0.19
12:01:53.267718 ATT: [1.1, -1.0, 273]
12:01:53.267907 ACC: [9, 11, 518]
12:01:53.315548 ALT: 0.19
12:01:53.315665 ATT: [1.1, -1.0, 273]
12:01:53.315848 ACC: [10, 9, 518]
12:01:53.363609 ALT: 0.19
12:01:53.363739 ATT: [1.1, -1.0, 273]
12:01:53.363956 ACC: [9, 10, 518]
12:01:53.411599 ALT: 0.19
12:01:53.411716 ATT: [1.1, -1.0, 273]
12:01:53.411932 ACC: [9, 10, 517]
12:01:53.460931 ALT: 0.19
12:01:53.461208 ATT: [1.1, -1.0, 273]
12:01:53.461478 ACC: [9, 9, 517]
12:01:53.507604 ALT: 0.19
12:01:53.507741 ATT: [1.1, -1.0, 273]
12:01:53.507999 ACC: [9, 11, 517]
12:01:53.555683 ALT: 0.19
12:01:53.555841 ATT: [1.1, -1.0, 273]
12:01:53.556104 ACC: [8, 10, 518]
12:01:53.603619 ALT: 0.19
12:01:53.603760 ATT: [1.1, -1.0, 273]
12:01:53.603976 ACC: [10, 10, 516]
12:01:53.651821 ALT: 0.19
12:01:53.651923 ATT: [1.1, -1.0, 273]
12:01:53.652175 ACC: [9, 10, 517]
12:01:53.699538 ALT: 0.19
12:01:53.699636 ATT: [1.1, -1.0, 273]
12:01:53.699788 ACC: [9, 10, 518]
12:01:53.747497 ALT: 0.19
12:01:53.747636 ATT: [1.1, -1.0, 273]
12:01:53.747778 ACC: [10, 9, 517]
12:01:53.795696 ALT: 0.19
12:01:53.795814 ATT: [1.1, -1.0, 273]
12:01:53.796003 ACC: [8, 10, 517]
12:01:53.843625 ALT: 0.19
12:01:53.843738 ATT: [1.1, -1.0, 273]
12:01:53.843940 ACC: [9, 11, 518]
12:01:53.891810 ALT: 0.19
12:01:53.891961 ATT: [1.1, -1.0, 273]
12:01:53.892189 ACC: [10, 9, 518]
12:01:53.940770 ALT: 0.19
12:01:53.940913 ATT: [1.1, -1.0, 273]
12:01:53.941199 ACC: [9, 10, 518]
12:01:53.987662 ALT: 0.19
12:01:53.987780 ATT: [1.1, -1.0, 273]
12:01:53.987972 ACC: [9, 9, 518]
12:01:54.038394 ALT: 0.19
12:01:54.038502 ATT: [1.1, -1.0, 273]
12:01:54.038671 ACC: [9, 9, 517]
12:01:54.083605 ALT: 0.14
12:01:54.083710 ATT: [1.1, -1.0, 273]
12:01:54.083884 ACC: [9, 11, 518]
12:01:54.131718 ALT: 0.12
12:01:54.131823 ATT: [1.1, -1.0, 273]
12:01:54.131994 ACC: [8, 9, 518]
12:01:54.179745 ALT: 0.12
12:01:54.179845 ATT: [1.1, -1.0, 273]
12:01:54.180012 ACC: [10, 10, 517]
12:01:54.227709 ALT: 0.17
12:01:54.227820 ATT: [1.1, -1.0, 273]
12:01:54.227997 ACC: [9, 11, 517]
12:01:54.275737 ALT: 0.19
12:01:54.275841 ATT: [1.1, -1.0, 273]
12:01:54.276072 ACC: [9, 10, 518]
12:01:54.323989 ALT: 0.14
12:01:54.324176 ATT: [1.1, -1.0, 273]
12:01:54.324360 ACC: [9, 10, 517]
12:01:54.371660 ALT: 0.12
12:01:54.371804 ATT: [1.1, -1.0, 273]
12:01:54.371987 ACC: [9, 10, 518]
12:01:54.419900 ALT: 0.12
12:01:54.420039 ATT: [1.1, -1.0, 273]
12:01:54.420224 ACC: [9, 9, 518]
12:01:54.467776 ALT: 0.12
12:01:54.467928 ATT: [1.1, -1.0, 273]
12:01:54.468160 ACC: [9, 9, 518]
12:01:54.515862 ALT: 0.12
12:01:54.515963 ATT: [1.1, -1.0, 273]
12:01:54.516117 ACC: [9, 10, 518]
12:01:54.563932 ALT: 0.12
12:01:54.564068 ATT: [1.1, -1.0, 273]
12:01:54.564296 ACC: [10, 10, 518]
12:01:54.611888 ALT: 0.15
12:01:54.611996 ATT: [1.1, -1.0, 273]
12:01:54.612251 ACC: [9, 9, 517]
12:01:54.660012 ALT: 0.18
12:01:54.660144 ATT: [1.1, -1.0, 273]
12:01:54.660427 ACC: [9, 10, 518]
12:01:54.708395 ALT: 0.19
12:01:54.708592 ATT: [1.1, -1.0, 273]
12:01:54.708776 ACC: [9, 9, 518]
12:01:54.755824 ALT: 0.19
12:01:54.756000 ATT: [1.1, -1.0, 273]
12:01:54.756252 ACC: [9, 10, 518]
12:01:54.803930 ALT: 0.19
12:01:54.804195 ATT: [1.1, -1.0, 273]
12:01:54.804472 ACC: [9, 10, 518]
12:01:54.851730 ALT: 0.19
12:01:54.851842 ATT: [1.1, -1.0, 273]
12:01:54.852016 ACC: [9, 9, 518]
12:01:54.899756 ALT: 0.19
12:01:54.899854 ATT: [1.1, -1.0, 273]
12:01:54.900015 ACC: [10, 10, 518]
12:01:54.947751 ALT: 0.19
12:01:54.947854 ATT: [1.1, -1.0, 273]
12:01:54.948030 ACC: [9, 10, 519]
12:01:55.012293 ALT: 0.19
12:01:55.012411 ATT: [1.1, -1.0, 273]
12:01:55.012666 ACC: [10, 10, 518]
12:01:55.059755 ALT: 0.19
12:01:55.059905 ATT: [1.1, -1.0, 273]
12:01:55.060144 ACC: [9, 9, 518]
12:01:55.109720 ALT: 0.19
12:01:55.109843 ATT: [1.1, -1.0, 273]
12:01:55.110070 ACC: [9, 10, 518]
12:01:55.155906 ALT: 0.19
12:01:55.156049 ATT: [1.1, -1.0, 273]
12:01:55.156247 ACC: [9, 9, 518]
12:01:55.203785 ALT: 0.19
12:01:55.203897 ATT: [1.1, -1.0, 273]
12:01:55.204080 ACC: [10, 9, 518]
12:01:55.251755 ALT: 0.19
12:01:55.251867 ATT: [1.1, -1.0, 273]
12:01:55.252059 ACC: [9, 10, 518]
12:01:55.299787 ALT: 0.19
12:01:55.299907 ATT: [1.1, -1.0, 273]
12:01:55.300076 ACC: [9, 9, 517]
12:01:55.347828 ALT: 0.19
12:01:55.347932 ATT: [1.1, -1.0, 273]
12:01:55.348112 ACC: [9, 11, 518]
12:01:55.395828 ALT: 0.19
12:01:55.395939 ATT: [1.1, -1.0, 273]
12:01:55.396120 ACC: [9, 10, 518]
12:01:55.443811 ALT: 0.19
12:01:55.443923 ATT: [1.1, -1.0, 273]
12:01:55.444105 ACC: [9, 10, 518]
12:01:55.492995 ALT: 0.19
12:01:55.493125 ATT: [1.1, -1.0, 273]
12:01:55.493405 ACC: [9, 10, 518]
12:01:55.539815 ALT: 0.19
12:01:55.539918 ATT: [1.1, -1.0, 273]
12:01:55.540073 ACC: [9, 10, 518]
12:01:55.587829 ALT: 0.19
12:01:55.587938 ATT: [1.1, -1.0, 273]
12:01:55.589003 ACC: [10, 10, 518]
12:01:55.635869 ALT: 0.19
12:01:55.635974 ATT: [1.1, -1.0, 273]
12:01:55.636193 ACC: [9, 10, 518]
12:01:55.684052 ALT: 0.19
12:01:55.684215 ATT: [1.1, -1.0, 273]
12:01:55.684454 ACC: [9, 9, 518]
12:01:55.731826 ALT: 0.19
12:01:55.731928 ATT: [1.1, -1.0, 273]
12:01:55.732110 ACC: [9, 9, 518]
12:01:55.780822 ALT: 0.19
12:01:55.780924 ATT: [1.1, -1.0, 273]
12:01:55.781079 ACC: [8, 10, 518]
12:01:55.827838 ALT: 0.19
12:01:55.827989 ATT: [1.1, -1.0, 273]
12:01:55.828213 ACC: [9, 10, 518]
12:01:55.875899 ALT: 0.19
12:01:55.876014 ATT: [1.1, -1.0, 273]
12:01:55.876241 ACC: [9, 10, 518]
12:01:55.924068 ALT: 0.19
12:01:55.924183 ATT: [1.1, -1.0, 273]
12:01:55.924396 ACC: [10, 9, 518]
12:01:55.971843 ALT: 0.19
12:01:55.971944 ATT: [1.1, -1.0, 273]
12:01:55.972097 ACC: [9, 10, 518]
12:01:56.019862 ALT: 0.19
12:01:56.019961 ATT: [1.1, -1.0, 273]
12:01:56.020128 ACC: [9, 10, 518]
12:01:56.067907 ALT: 0.19
12:01:56.068018 ATT: [1.1, -1.0, 273]
12:01:56.068175 ACC: [10, 9, 518]
12:01:56.116048 ALT: 0.19
12:01:56.116175 ATT: [1.1, -1.0, 273]
12:01:56.116353 ACC: [9, 9, 517]
12:01:56.164226 ALT: 0.19
12:01:56.164373 ATT: [1.1, -1.0, 273]
12:01:56.164630 ACC: [9, 10, 518]
12:01:56.212690 ALT: 0.19
12:01:56.213056 ATT: [1.1, -1.0, 273]
12:01:56.213732 ACC: [9, 10, 518]
12:01:56.259999 ALT: 0.19
12:01:56.260135 ATT: [1.1, -1.0, 273]
12:01:56.260348 ACC: [9, 10, 518]
12:01:56.308634 ALT: 0.19
12:01:56.308950 ATT: [1.1, -1.0, 273]
12:01:56.309671 ACC: [9, 10, 518]
12:01:56.356011 ALT: 0.19
12:01:56.356129 ATT: [1.1, -1.0, 273]
12:01:56.356292 ACC: [9, 9, 518]
12:01:56.403924 ALT: 0.19
12:01:56.404037 ATT: [1.1, -1.0, 273]
12:01:56.404216 ACC: [9, 10, 518]
12:01:56.452009 ALT: 0.19
12:01:56.452153 ATT: [1.1, -1.0, 273]
12:01:56.452372 ACC: [9, 10, 517]
12:01:56.499922 ALT: 0.19
12:01:56.500035 ATT: [1.1, -1.0, 273]
12:01:56.500216 ACC: [9, 10, 517]
12:01:56.547906 ALT: 0.19
12:01:56.547998 ATT: [1.1, -1.0, 273]
12:01:56.548147 ACC: [9, 9, 517]
12:01:56.595923 ALT: 0.19
12:01:56.596025 ATT: [1.1, -1.0, 273]
12:01:56.596180 ACC: [9, 10, 517]
12:01:56.643957 ALT: 0.19
12:01:56.644062 ATT: [1.1, -1.0, 273]
12:01:56.644226 ACC: [9, 10, 518]
12:01:56.692103 ALT: 0.19
12:01:56.692258 ATT: [1.1, -1.0, 273]
12:01:56.692624 ACC: [9, 9, 518]
12:01:56.739957 ALT: 0.19
12:01:56.740058 ATT: [1.1, -1.0, 273]
12:01:56.740231 ACC: [9, 10, 517]
12:01:56.788203 ALT: 0.19
12:01:56.788424 ATT: [1.1, -1.0, 273]
12:01:56.788628 ACC: [9, 10, 518]
12:01:56.835994 ALT: 0.19
12:01:56.836107 ATT: [1.1, -1.0, 274]
12:01:56.836268 ACC: [9, 10, 517]
12:01:56.883932 ALT: 0.19
12:01:56.884030 ATT: [1.1, -1.0, 274]
12:01:56.884224 ACC: [9, 9, 518]
12:01:56.932108 ALT: 0.19
12:01:56.932253 ATT: [1.1, -1.0, 274]
12:01:56.932440 ACC: [9, 10, 518]
12:01:56.980033 ALT: 0.19
12:01:56.980144 ATT: [1.1, -1.0, 274]
12:01:56.980314 ACC: [9, 10, 517]
12:01:57.044034 ALT: 0.19
12:01:57.044143 ATT: [1.1, -1.0, 274]
12:01:57.044309 ACC: [10, 10, 518]
12:01:57.092059 ALT: 0.19
12:01:57.092182 ATT: [1.1, -1.0, 274]
12:01:57.092389 ACC: [9, 10, 518]
12:01:57.140157 ALT: 0.19
12:01:57.140305 ATT: [1.1, -1.0, 273]
12:01:57.140621 ACC: [9, 10, 518]
12:01:57.188192 ALT: 0.19
12:01:57.188336 ATT: [1.1, -1.0, 273]
12:01:57.188666 ACC: [9, 10, 517]
12:01:57.236053 ALT: 0.19
12:01:57.236158 ATT: [1.1, -1.0, 273]
12:01:57.236318 ACC: [9, 10, 518]
12:01:57.284116 ALT: 0.19
12:01:57.284221 ATT: [1.1, -1.0, 273]
12:01:57.284365 ACC: [9, 9, 518]
12:01:57.332056 ALT: 0.19
12:01:57.332157 ATT: [1.1, -1.0, 273]
12:01:57.332319 ACC: [10, 10, 517]
12:01:57.380110 ALT: 0.19
12:01:57.380212 ATT: [1.1, -1.0, 273]
12:01:57.380371 ACC: [9, 10, 518]
12:01:57.428098 ALT: 0.19
12:01:57.428202 ATT: [1.1, -1.0, 273]
12:01:57.428355 ACC: [9, 9, 517]
12:01:57.476159 ALT: 0.19
12:01:57.476307 ATT: [1.1, -1.0, 273]
12:01:57.476523 ACC: [9, 10, 518]
12:01:57.524069 ALT: 0.19
12:01:57.524167 ATT: [1.1, -1.0, 273]
12:01:57.524306 ACC: [9, 10, 517]
12:01:57.571977 ALT: 0.19
12:01:57.572069 ATT: [1.1, -1.0, 273]
12:01:57.572205 ACC: [9, 10, 518]
12:01:57.619979 ALT: 0.19
12:01:57.620076 ATT: [1.1, -1.0, 273]
12:01:57.620212 ACC: [9, 10, 518]
12:01:57.667978 ALT: 0.19
12:01:57.668071 ATT: [1.1, -1.0, 273]
12:01:57.668212 ACC: [9, 10, 518]
12:01:57.715981 ALT: 0.19
12:01:57.716122 ATT: [1.1, -1.0, 273]
12:01:57.716254 ACC: [9, 10, 517]
12:01:57.764004 ALT: 0.19
12:01:57.764097 ATT: [1.1, -1.0, 273]
12:01:57.764234 ACC: [9, 10, 517]
12:01:57.812023 ALT: 0.19
12:01:57.812119 ATT: [1.1, -1.0, 273]
12:01:57.812256 ACC: [9, 10, 518]
12:01:57.860011 ALT: 0.19
12:01:57.860104 ATT: [1.1, -1.0, 273]
12:01:57.860240 ACC: [8, 10, 518]
12:01:57.908138 ALT: 0.19
12:01:57.908254 ATT: [1.1, -1.0, 273]
12:01:57.908428 ACC: [10, 10, 518]
12:01:57.956154 ALT: 0.19
12:01:57.956251 ATT: [1.1, -1.0, 273]
12:01:57.956391 ACC: [9, 9, 518]
12:01:58.004048 ALT: 0.19
12:01:58.004139 ATT: [1.1, -1.0, 273]
12:01:58.004271 ACC: [9, 10, 518]
12:01:58.052013 ALT: 0.19
12:01:58.052101 ATT: [1.1, -1.0, 273]
12:01:58.052235 ACC: [9, 9, 518]
12:01:58.100136 ALT: 0.19
12:01:58.100317 ATT: [1.1, -1.0, 273]
12:01:58.100511 ACC: [9, 9, 517]
12:01:58.148122 ALT: 0.19
12:01:58.148226 ATT: [1.1, -1.0, 273]
12:01:58.148384 ACC: [9, 10, 517]
12:01:58.196171 ALT: 0.19
12:01:58.196281 ATT: [1.1, -1.0, 273]
12:01:58.196457 ACC: [9, 10, 517]
12:01:58.244170 ALT: 0.19
12:01:58.244266 ATT: [1.1, -1.0, 273]
12:01:58.244408 ACC: [9, 9, 517]
12:01:58.292196 ALT: 0.14
12:01:58.292298 ATT: [1.1, -1.0, 273]
12:01:58.292454 ACC: [9, 10, 517]
12:01:58.340203 ALT: 0.12
12:01:58.340299 ATT: [1.1, -1.0, 273]
12:01:58.340457 ACC: [9, 10, 517]
12:01:58.388224 ALT: 0.12
12:01:58.388370 ATT: [1.1, -1.0, 273]
12:01:58.389157 ACC: [9, 10, 518]
12:01:58.436207 ALT: 0.12
12:01:58.436315 ATT: [1.1, -1.0, 273]
12:01:58.436555 ACC: [9, 10, 517]
12:01:58.484366 ALT: 0.12
12:01:58.484536 ATT: [1.1, -1.0, 273]
12:01:58.484740 ACC: [9, 9, 517]
12:01:58.532302 ALT: 0.12
12:01:58.532417 ATT: [1.1, -1.0, 273]
12:01:58.532666 ACC: [9, 9, 517]
12:01:58.580218 ALT: 0.12
12:01:58.580315 ATT: [1.1, -1.0, 273]
12:01:58.580459 ACC: [9, 10, 518]
12:01:58.628319 ALT: 0.12
12:01:58.628433 ATT: [1.1, -1.0, 273]
12:01:58.628688 ACC: [9, 10, 517]
12:01:58.676311 ALT: 0.12
12:01:58.676421 ATT: [1.1, -1.0, 273]
12:01:58.676650 ACC: [9, 10, 518]
12:01:58.724311 ALT: 0.12
12:01:58.724407 ATT: [1.1, -1.0, 273]
12:01:58.724617 ACC: [9, 9, 517]
12:01:58.772250 ALT: 0.12
12:01:58.772351 ATT: [1.1, -1.0, 273]
12:01:58.772555 ACC: [9, 10, 518]
12:01:58.820289 ALT: 0.12
12:01:58.820425 ATT: [1.1, -1.0, 273]
12:01:58.820634 ACC: [9, 10, 517]
12:01:58.868294 ALT: 0.12
12:01:58.868447 ATT: [1.1, -1.0, 273]
12:01:58.868690 ACC: [9, 10, 517]
12:01:58.916424 ALT: 0.12
12:01:58.916629 ATT: [1.1, -1.0, 273]
12:01:58.916899 ACC: [9, 10, 518]
12:01:58.964366 ALT: 0.12
12:01:58.964553 ATT: [1.1, -1.0, 273]
12:01:58.964754 ACC: [9, 9, 517]
12:01:59.012339 ALT: 0.12
12:01:59.012447 ATT: [1.1, -1.0, 273]
12:01:59.012681 ACC: [10, 10, 518]
12:01:59.060386 ALT: 0.12
12:01:59.060521 ATT: [1.1, -1.0, 273]
12:01:59.060698 ACC: [9, 10, 517]
12:01:59.124386 ALT: 0.12
12:01:59.124525 ATT: [1.1, -1.0, 273]
12:01:59.124717 ACC: [10, 10, 518]
12:01:59.172341 ALT: 0.12
12:01:59.172448 ATT: [1.1, -1.0, 273]
12:01:59.172677 ACC: [9, 10, 517]
12:01:59.220376 ALT: 0.12
12:01:59.220518 ATT: [1.1, -1.0, 273]
12:01:59.220678 ACC: [9, 10, 517]
12:01:59.268388 ALT: 0.12
12:01:59.268544 ATT: [1.1, -1.0, 273]
12:01:59.269006 ACC: [9, 9, 517]
12:01:59.316409 ALT: 0.12
12:01:59.316553 ATT: [1.1, -1.0, 273]
12:01:59.316709 ACC: [9, 10, 517]
12:01:59.364332 ALT: 0.12
12:01:59.364437 ATT: [1.1, -1.0, 273]
12:01:59.364631 ACC: [10, 10, 518]
12:01:59.412395 ALT: 0.12
12:01:59.412550 ATT: [1.1, -1.0, 273]
12:01:59.412738 ACC: [9, 9, 518]
12:01:59.460414 ALT: 0.12
12:01:59.460564 ATT: [1.1, -1.0, 273]
12:01:59.460734 ACC: [9, 10, 518]
12:01:59.508340 ALT: 0.12
12:01:59.508436 ATT: [1.1, -1.0, 273]
12:01:59.508618 ACC: [9, 10, 518]
12:01:59.556391 ALT: 0.15
12:01:59.556533 ATT: [1.1, -1.0, 273]
12:01:59.556710 ACC: [9, 10, 518]
12:01:59.604405 ALT: 0.18
12:01:59.604558 ATT: [1.1, -1.0, 272]
12:01:59.604730 ACC: [9, 10, 518]
12:01:59.652408 ALT: 0.19
12:01:59.652557 ATT: [1.1, -1.0, 272]
12:01:59.652732 ACC: [9, 10, 518]
12:01:59.700463 ALT: 0.19
12:01:59.700617 ATT: [1.1, -1.0, 272]
12:01:59.700794 ACC: [9, 10, 518]
12:01:59.748393 ALT: 0.19
12:01:59.748526 ATT: [1.1, -1.0, 272]
12:01:59.748681 ACC: [9, 10, 518]
12:01:59.796394 ALT: 0.19
12:01:59.796535 ATT: [1.1, -1.0, 272]
12:01:59.796700 ACC: [9, 10, 518]
12:01:59.844399 ALT: 0.19
12:01:59.844532 ATT: [1.1, -1.0, 272]
12:01:59.844733 ACC: [9, 9, 519]
12:01:59.892572 ALT: 0.19
12:01:59.892673 ATT: [1.1, -1.0, 272]
12:01:59.892824 ACC: [9, 10, 518]
12:01:59.940421 ALT: 0.19
12:01:59.940537 ATT: [1.1, -1.0, 272]
12:01:59.940690 ACC: [9, 9, 518]
12:01:59.988589 ALT: 0.19
12:01:59.988692 ATT: [1.1, -1.0, 272]
12:01:59.988851 ACC: [9, 10, 517]
12:02:00.036532 ALT: 0.19
12:02:00.036648 ATT: [1.1, -1.0, 272]
12:02:00.036832 ACC: [9, 10, 518]
12:02:00.084533 ALT: 0.19
12:02:00.084647 ATT: [1.1, -1.0, 272]
12:02:00.084946 ACC: [9, 9, 518]
12:02:00.132469 ALT: 0.19
12:02:00.132584 ATT: [1.1, -1.0, 272]
12:02:00.132734 ACC: [9, 10, 518]
12:02:00.180472 ALT: 0.19
12:02:00.180614 ATT: [1.1, -1.0, 272]
12:02:00.180775 ACC: [9, 9, 519]
12:02:00.228544 ALT: 0.19
12:02:00.228640 ATT: [1.1, -1.0, 272]
12:02:00.228791 ACC: [9, 10, 518]
12:02:00.276509 ALT: 0.19
12:02:00.276614 ATT: [1.1, -1.0, 272]
12:02:00.276792 ACC: [9, 10, 518]
12:02:00.324648 ALT: 0.19
12:02:00.324760 ATT: [1.1, -1.0, 272]
12:02:00.324941 ACC: [9, 9, 518]
12:02:00.372518 ALT: 0.19
12:02:00.372618 ATT: [1.1, -1.0, 272]
12:02:00.372772 ACC: [9, 9, 518]
12:02:00.420536 ALT: 0.19
12:02:00.420639 ATT: [1.1, -1.0, 272]
12:02:00.420799 ACC: [9, 9, 517]
12:02:00.468532 ALT: 0.19
12:02:00.468637 ATT: [1.1, -1.0, 272]
12:02:00.468793 ACC: [9, 10, 518]
12:02:00.516584 ALT: 0.19
12:02:00.516684 ATT: [1.1, -1.0, 272]
12:02:00.516838 ACC: [10, 10, 518]
12:02:00.564552 ALT: 0.19
12:02:00.564648 ATT: [1.1, -1.0, 272]
12:02:00.564795 ACC: [9, 10, 518]
12:02:00.612658 ALT: 0.19
12:02:00.612767 ATT: [1.1, -1.0, 272]
12:02:00.613016 ACC: [9, 9, 518]
12:02:00.660658 ALT: 0.19
12:02:00.660759 ATT: [1.1, -1.0, 272]
12:02:00.660905 ACC: [9, 10, 518]
12:02:00.708665 ALT: 0.19
12:02:00.708803 ATT: [1.1, -1.0, 272]
12:02:00.709000 ACC: [9, 10, 518]
12:02:00.756655 ALT: 0.19
12:02:00.756778 ATT: [1.1, -1.0, 272]
12:02:00.756995 ACC: [9, 9, 517]
12:02:00.804660 ALT: 0.19
12:02:00.804780 ATT: [1.1, -1.0, 272]
12:02:00.804980 ACC: [9, 10, 518]
12:02:00.852732 ALT: 0.16
12:02:00.852852 ATT: [1.1, -1.0, 272]
12:02:00.853044 ACC: [9, 10, 517]
12:02:00.900731 ALT: 0.13
12:02:00.900857 ATT: [1.1, -1.0, 272]
12:02:00.901089 ACC: [9, 9, 518]
12:02:00.948812 ALT: 0.12
12:02:00.948932 ATT: [1.1, -1.0, 272]
12:02:00.949127 ACC: [10, 10, 518]
12:02:00.996752 ALT: 0.12
12:02:00.996886 ATT: [1.1, -1.0, 272]
12:02:00.997100 ACC: [9, 10, 518]
12:02:01.044864 ALT: 0.12
12:02:01.044978 ATT: [1.1, -1.0, 272]
12:02:01.045151 ACC: [9, 10, 518]
12:02:01.092888 ALT: 0.12
12:02:01.093028 ATT: [1.1, -1.0, 272]
12:02:01.093269 ACC: [9, 10, 517]
12:02:01.140730 ALT: 0.12
12:02:01.140855 ATT: [1.1, -1.0, 272]
12:02:01.141054 ACC: [9, 10, 518]
12:02:01.204788 ALT: 0.12
12:02:01.204908 ATT: [1.1, -1.0, 272]
12:02:01.205148 ACC: [9, 10, 517]
12:02:01.252818 ALT: 0.12
12:02:01.252938 ATT: [1.1, -1.0, 271]
12:02:01.253131 ACC: [9, 10, 518]
12:02:01.300745 ALT: 0.12
12:02:01.300866 ATT: [1.1, -1.0, 271]
12:02:01.301059 ACC: [9, 10, 518]
12:02:01.348789 ALT: 0.12
12:02:01.348908 ATT: [1.1, -1.0, 271]
12:02:01.349102 ACC: [9, 10, 518]
12:02:01.396790 ALT: 0.12
12:02:01.396931 ATT: [1.1, -1.0, 271]
12:02:01.397136 ACC: [10, 10, 518]
12:02:01.444667 ALT: 0.12
12:02:01.444766 ATT: [1.1, -1.0, 271]
12:02:01.444944 ACC: [9, 9, 518]
12:02:01.492675 ALT: 0.12
12:02:01.492769 ATT: [1.1, -1.0, 271]
12:02:01.492923 ACC: [9, 10, 518]
12:02:01.540705 ALT: 0.12
12:02:01.540806 ATT: [1.1, -1.0, 271]
12:02:01.540959 ACC: [9, 9, 518]
12:02:01.588791 ALT: 0.12
12:02:01.588909 ATT: [1.1, -1.0, 271]
12:02:01.589096 ACC: [9, 9, 518]
12:02:01.636752 ALT: 0.17
12:02:01.636860 ATT: [1.1, -1.0, 271]
12:02:01.637032 ACC: [9, 10, 518]
12:02:01.684821 ALT: 0.18
12:02:01.684929 ATT: [1.1, -1.0, 271]
12:02:01.685103 ACC: [9, 9, 518]
12:02:01.732823 ALT: 0.19
12:02:01.732936 ATT: [1.1, -1.0, 271]
12:02:01.733117 ACC: [10, 10, 518]
12:02:01.780851 ALT: 0.19
12:02:01.780970 ATT: [1.1, -1.0, 271]
12:02:01.781174 ACC: [9, 10, 518]
12:02:01.828878 ALT: 0.19
12:02:01.829010 ATT: [1.1, -1.0, 271]
12:02:01.829207 ACC: [9, 9, 518]
12:02:01.876896 ALT: 0.19
12:02:01.877015 ATT: [1.1, -1.0, 271]
12:02:01.877211 ACC: [9, 10, 517]
12:02:01.924913 ALT: 0.19
12:02:01.925038 ATT: [1.1, -1.0, 271]
12:02:01.925258 ACC: [9, 10, 518]
12:02:01.972799 ALT: 0.19
12:02:01.972912 ATT: [1.1, -1.0, 271]
12:02:01.973076 ACC: [9, 10, 518]
12:02:02.020820 ALT: 0.19
12:02:02.020930 ATT: [1.1, -1.0, 271]
12:02:02.021104 ACC: [9, 9, 517]
12:02:02.068777 ALT: 0.19
12:02:02.068877 ATT: [1.1, -1.0, 271]
12:02:02.069028 ACC: [9, 11, 518]
12:02:02.116766 ALT: 0.19
12:02:02.116868 ATT: [1.1, -1.0, 271]
12:02:02.117018 ACC: [9, 10, 517]
12:02:02.164778 ALT: 0.19
12:02:02.164919 ATT: [1.1, -1.0, 271]
12:02:02.165086 ACC: [9, 9, 517]
12:02:02.212787 ALT: 0.19
12:02:02.212891 ATT: [1.1, -1.0, 271]
12:02:02.213104 ACC: [9, 10, 518]
12:02:02.260831 ALT: 0.19
12:02:02.260942 ATT: [1.1, -1.0, 271]
12:02:02.261128 ACC: [9, 9, 518]
12:02:02.308869 ALT: 0.19
12:02:02.308975 ATT: [1.1, -1.0, 271]
12:02:02.309144 ACC: [10, 9, 517]
12:02:02.356861 ALT: 0.19
12:02:02.356974 ATT: [1.1, -1.0, 271]
12:02:02.357188 ACC: [9, 10, 518]
12:02:02.404854 ALT: 0.19
12:02:02.404989 ATT: [1.1, -1.0, 271]
12:02:02.405218 ACC: [9, 10, 518]
12:02:02.452995 ALT: 0.19
12:02:02.453134 ATT: [1.1, -1.0, 271]
12:02:02.453338 ACC: [10, 9, 518]
12:02:02.500885 ALT: 0.19
12:02:02.501005 ATT: [1.1, -1.0, 271]
12:02:02.501233 ACC: [9, 10, 517]
12:02:02.548905 ALT: 0.19
12:02:02.549005 ATT: [1.1, -1.0, 271]
12:02:02.549161 ACC: [9, 10, 518]
12:02:02.596862 ALT: 0.19
12:02:02.596969 ATT: [1.1, -1.0, 271]
12:02:02.597139 ACC: [9, 9, 518]
12:02:02.644851 ALT: 0.19
12:02:02.644949 ATT: [1.1, -1.0, 271]
12:02:02.645095 ACC: [9, 10, 518]
12:02:02.692875 ALT: 0.19
12:02:02.692968 ATT: [1.1, -1.0, 271]
12:02:02.693117 ACC: [9, 10, 518]
12:02:02.740908 ALT: 0.19
12:02:02.741028 ATT: [1.1, -1.0, 271]
12:02:02.741256 ACC: [9, 9, 519]
12:02:02.788889 ALT: 0.19
12:02:02.788999 ATT: [1.1, -1.0, 271]
12:02:02.789178 ACC: [9, 10, 518]
12:02:02.836855 ALT: 0.19
12:02:02.836984 ATT: [1.1, -1.0, 271]
12:02:02.837238 ACC: [9, 10, 518]
12:02:02.884948 ALT: 0.19
12:02:02.885070 ATT: [1.1, -1.0, 271]
12:02:02.885263 ACC: [9, 10, 518]
12:02:02.932987 ALT: 0.19
12:02:02.933099 ATT: [1.1, -1.0, 271]
12:02:02.933280 ACC: [9, 10, 518]
12:02:02.981017 ALT: 0.19
12:02:02.981156 ATT: [1.1, -1.0, 271]
12:02:02.981436 ACC: [9, 9, 518]
12:02:03.028946 ALT: 0.19
12:02:03.029105 ATT: [1.1, -1.0, 271]
12:02:03.029306 ACC: [9, 10, 518]
12:02:03.076990 ALT: 0.19
12:02:03.077106 ATT: [1.1, -1.0, 271]
12:02:03.077287 ACC: [9, 9, 518]
12:02:03.125027 ALT: 0.19
12:02:03.125147 ATT: [1.1, -1.0, 271]
12:02:03.125335 ACC: [9, 10, 518]
12:02:03.172950 ALT: 0.19
12:02:03.173072 ATT: [1.1, -1.0, 271]
12:02:03.173263 ACC: [9, 10, 518]
12:02:03.236970 ALT: 0.19
12:02:03.237087 ATT: [1.1, -1.0, 271]
12:02:03.237281 ACC: [9, 9, 518]
12:02:03.285031 ALT: 0.19
12:02:03.285160 ATT: [1.1, -1.0, 270]
12:02:03.285370 ACC: [9, 10, 518]
12:02:03.332968 ALT: 0.19
12:02:03.333352 ATT: [1.1, -1.0, 270]
12:02:03.333577 ACC: [9, 9, 518]
12:02:03.380956 ALT: 0.19
12:02:03.381069 ATT: [1.1, -1.0, 270]
12:02:03.381258 ACC: [9, 9, 518]
12:02:03.429042 ALT: 0.19
12:02:03.429169 ATT: [1.1, -1.0, 270]
12:02:03.429373 ACC: [9, 10, 518]
12:02:03.476983 ALT: 0.19
12:02:03.477100 ATT: [1.1, -1.0, 270]
12:02:03.477292 ACC: [9, 10, 517]
12:02:03.524989 ALT: 0.19
12:02:03.525105 ATT: [1.1, -1.0, 270]
12:02:03.525315 ACC: [9, 10, 517]
12:02:03.572986 ALT: 0.19
12:02:03.573093 ATT: [1.1, -1.0, 270]
12:02:03.573266 ACC: [9, 10, 517]
12:02:03.621115 ALT: 0.19
12:02:03.621244 ATT: [1.1, -1.0, 270]
12:02:03.621453 ACC: [9, 10, 517]
12:02:03.669073 ALT: 0.19
12:02:03.669200 ATT: [1.1, -1.0, 270]
12:02:03.669421 ACC: [9, 9, 517]
12:02:03.717072 ALT: 0.19
12:02:03.717192 ATT: [1.1, -1.0, 270]
12:02:03.717384 ACC: [9, 10, 517]
12:02:03.765064 ALT: 0.19
12:02:03.765177 ATT: [1.1, -1.0, 270]
12:02:03.765387 ACC: [9, 10, 517]
12:02:03.813067 ALT: 0.19
12:02:03.813236 ATT: [1.1, -1.0, 270]
12:02:03.813447 ACC: [10, 9, 518]
12:02:03.861084 ALT: 0.19
12:02:03.861207 ATT: [1.1, -1.0, 270]
12:02:03.861398 ACC: [10, 10, 518]
12:02:03.909092 ALT: 0.19
12:02:03.909224 ATT: [1.1, -1.0, 270]
12:02:03.909447 ACC: [9, 10, 518]
12:02:03.957162 ALT: 0.19
12:02:03.957353 ATT: [1.1, -1.0, 270]
12:02:03.957585 ACC: [9, 10, 518]
12:02:04.005040 ALT: 0.19
12:02:04.005145 ATT: [1.1, -1.0, 270]
12:02:04.005306 ACC: [9, 10, 518]
12:02:04.053089 ALT: 0.19
12:02:04.053195 ATT: [1.1, -1.0, 270]
12:02:04.053354 ACC: [10, 10, 517]
12:02:04.101029 ALT: 0.19
12:02:04.101135 ATT: [1.1, -1.0, 270]
12:02:04.101293 ACC: [9, 9, 518]
12:02:04.149060 ALT: 0.14
12:02:04.149163 ATT: [1.1, -1.0, 270]
12:02:04.149318 ACC: [10, 10, 517]
12:02:04.196996 ALT: 0.12
12:02:04.197088 ATT: [1.1, -1.0, 270]
12:02:04.197227 ACC: [10, 9, 517]
12:02:04.245168 ALT: 0.12
12:02:04.245290 ATT: [1.1, -1.0, 270]
12:02:04.245492 ACC: [8, 11, 518]
12:02:04.293224 ALT: 0.12
12:02:04.293368 ATT: [1.1, -1.0, 270]
12:02:04.293626 ACC: [11, 10, 518]
12:02:04.341120 ALT: 0.12
12:02:04.341253 ATT: [1.1, -1.0, 270]
12:02:04.341488 ACC: [9, 8, 517]
12:02:04.389262 ALT: 0.12
12:02:04.389408 ATT: [1.1, -1.0, 270]
12:02:04.389670 ACC: [9, 11, 518]
12:02:04.437059 ALT: 0.12
12:02:04.437158 ATT: [1.1, -1.0, 270]
12:02:04.437315 ACC: [9, 9, 518]
12:02:04.485287 ALT: 0.12
12:02:04.485437 ATT: [1.1, -1.0, 270]
12:02:04.485705 ACC: [10, 7, 517]
12:02:04.533031 ALT: 0.12
12:02:04.533133 ATT: [1.1, -1.0, 270]
12:02:04.533284 ACC: [9, 11, 518]
12:02:04.581229 ALT: 0.12
12:02:04.581377 ATT: [1.1, -1.0, 270]
12:02:04.581680 ACC: [9, 10, 518]
12:02:04.629204 ALT: 0.12
12:02:04.629370 ATT: [1.1, -1.0, 270]
12:02:04.629623 ACC: [10, 9, 517]
12:02:04.677248 ALT: 0.12
12:02:04.677392 ATT: [1.1, -1.0, 270]
12:02:04.677650 ACC: [8, 11, 518]
12:02:04.725308 ALT: 0.12
12:02:04.725445 ATT: [1.1, -1.0, 270]
12:02:04.725676 ACC: [8, 10, 517]
12:02:04.773059 ALT: 0.12
12:02:04.773154 ATT: [1.1, -1.0, 270]
12:02:04.773301 ACC: [10, 8, 517]
12:02:04.821397 ALT: 0.12
12:02:04.821557 ATT: [1.1, -1.0, 270]
12:02:04.821850 ACC: [9, 10, 517]
12:02:04.869176 ALT: 0.12
12:02:04.869302 ATT: [1.1, -1.0, 270]
12:02:04.869511 ACC: [9, 11, 517]
12:02:04.917328 ALT: 0.12
12:02:04.917477 ATT: [1.1, -1.0, 270]
12:02:04.917742 ACC: [10, 9, 517]
12:02:04.965265 ALT: 0.12
12:02:04.965410 ATT: [1.1, -1.0, 270]
12:02:04.965660 ACC: [9, 10, 517]
12:02:05.013406 ALT: 0.12
12:02:05.013557 ATT: [1.1, -1.0, 270]
12:02:05.013824 ACC: [10, 11, 517]
12:02:05.061272 ALT: 0.12
12:02:05.061381 ATT: [1.1, -1.0, 270]
12:02:05.061544 ACC: [9, 9, 517]
12:02:05.109199 ALT: 0.12
12:02:05.109303 ATT: [1.1, -1.0, 270]
12:02:05.109460 ACC: [9, 11, 517]
12:02:05.157203 ALT: 0.12
12:02:05.157308 ATT: [1.1, -1.0, 270]
12:02:05.157463 ACC: [9, 10, 518]
12:02:05.205194 ALT: 0.12
12:02:05.205301 ATT: [1.1, -1.0, 270]
12:02:05.205459 ACC: [10, 9, 517]
12:02:05.253344 ALT: 0.12
12:02:05.253487 ATT: [1.1, -1.0, 270]
12:02:05.253729 ACC: [9, 11, 518]
12:02:05.317501 ALT: 0.12
12:02:05.317653 ATT: [1.1, -1.0, 270]
12:02:05.317921 ACC: [9, 9, 518]
12:02:05.365415 ALT: 0.12
12:02:05.365570 ATT: [1.1, -1.0, 270]
12:02:05.365835 ACC: [10, 10, 517]
12:02:05.413446 ALT: 0.12
12:02:05.413669 ATT: [1.1, -1.0, 270]
12:02:05.413995 ACC: [8, 10, 518]
12:02:05.461394 ALT: 0.12
12:02:05.461550 ATT: [1.1, -1.0, 270]
12:02:05.461820 ACC: [10, 10, 517]
12:02:05.509452 ALT: 0.12
12:02:05.509571 ATT: [1.1, -1.0, 269]
12:02:05.509766 ACC: [9, 10, 517]
12:02:05.557591 ALT: 0.12
12:02:05.557753 ATT: [1.1, -1.0, 269]
12:02:05.558031 ACC: [9, 10, 518]
12:02:05.605834 ALT: 0.12
12:02:05.605988 ATT: [1.1, -1.0, 269]
12:02:05.606256 ACC: [10, 10, 517]
12:02:05.653395 ALT: 0.12
12:02:05.653542 ATT: [1.1, -1.0, 269]
12:02:05.653801 ACC: [9, 10, 517]
12:02:05.701346 ALT: 0.12
12:02:05.701491 ATT: [1.1, -1.0, 269]
12:02:05.701750 ACC: [10, 10, 518]
12:02:05.749448 ALT: 0.12
12:02:05.749594 ATT: [1.1, -1.0, 269]
12:02:05.749854 ACC: [9, 10, 518]
12:02:05.797324 ALT: 0.12
12:02:05.797448 ATT: [1.1, -1.0, 269]
12:02:05.797677 ACC: [9, 10, 518]
12:02:05.845356 ALT: 0.12
12:02:05.845500 ATT: [1.1, -1.0, 269]
12:02:05.845754 ACC: [9, 11, 518]
12:02:05.893325 ALT: 0.12
12:02:05.893433 ATT: [1.1, -1.0, 269]
12:02:05.893601 ACC: [9, 10, 517]
12:02:05.941379 ALT: 0.12
12:02:05.941503 ATT: [1.1, -1.0, 269]
12:02:05.941673 ACC: [9, 10, 517]
12:02:05.989338 ALT: 0.12
12:02:05.989442 ATT: [1.1, -1.0, 269]
12:02:05.989604 ACC: [9, 10, 517]
12:02:06.037556 ALT: 0.12
12:02:06.037724 ATT: [1.1, -1.0, 269]
12:02:06.038017 ACC: [9, 9, 517]
12:02:06.085475 ALT: 0.15
12:02:06.085627 ATT: [1.1, -1.0, 269]
12:02:06.085890 ACC: [9, 10, 517]
12:02:06.133514 ALT: 0.18
12:02:06.133662 ATT: [1.1, -1.0, 269]
12:02:06.133921 ACC: [9, 10, 517]
12:02:06.181401 ALT: 0.19
12:02:06.181535 ATT: [1.1, -1.0, 269]
12:02:06.181785 ACC: [9, 10, 517]
12:02:06.229286 ALT: 0.19
12:02:06.229379 ATT: [1.1, -1.0, 269]
12:02:06.229516 ACC: [9, 10, 517]
12:02:06.277499 ALT: 0.19
12:02:06.277649 ATT: [1.1, -1.0, 269]
12:02:06.277908 ACC: [9, 9, 517]
12:02:06.325596 ALT: 0.19
12:02:06.325745 ATT: [1.1, -1.0, 269]
12:02:06.326006 ACC: [9, 10, 517]
12:02:06.373461 ALT: 0.19
12:02:06.373607 ATT: [1.1, -1.0, 269]
12:02:06.373953 ACC: [9, 10, 517]
12:02:06.421553 ALT: 0.19
12:02:06.421770 ATT: [1.1, -1.0, 269]
12:02:06.422096 ACC: [9, 10, 517]
12:02:06.469319 ALT: 0.19
12:02:06.469412 ATT: [1.1, -1.0, 269]
12:02:06.469549 ACC: [9, 10, 517]
12:02:06.517563 ALT: 0.19
12:02:06.517716 ATT: [1.1, -1.0, 269]
12:02:06.517993 ACC: [9, 9, 517]
12:02:06.565504 ALT: 0.19
12:02:06.565651 ATT: [1.1, -1.0, 269]
12:02:06.565904 ACC: [9, 10, 517]
12:02:06.613496 ALT: 0.19
12:02:06.613612 ATT: [1.1, -1.0, 269]
12:02:06.613810 ACC: [9, 10, 517]
12:02:06.661398 ALT: 0.19
12:02:06.661492 ATT: [1.1, -1.0, 269]
12:02:06.661630 ACC: [9, 9, 517]
12:02:06.709554 ALT: 0.19
12:02:06.709690 ATT: [1.1, -1.0, 269]
12:02:06.709923 ACC: [9, 10, 517]
12:02:06.757601 ALT: 0.19
12:02:06.757750 ATT: [1.1, -1.0, 269]
12:02:06.758009 ACC: [9, 9, 517]
12:02:06.805620 ALT: 0.19
12:02:06.805769 ATT: [1.1, -1.0, 269]
12:02:06.806026 ACC: [10, 9, 518]
12:02:06.853605 ALT: 0.19
12:02:06.853752 ATT: [1.1, -1.0, 269]
12:02:06.854009 ACC: [9, 10, 518]
12:02:06.901555 ALT: 0.19
12:02:06.901704 ATT: [1.1, -1.0, 269]
12:02:06.901963 ACC: [9, 10, 518]
12:02:06.949466 ALT: 0.19
12:02:06.949565 ATT: [1.1, -1.0, 269]
12:02:06.949727 ACC: [9, 9, 517]
12:02:06.997469 ALT: 0.16
12:02:06.997571 ATT: [1.1, -1.0, 269]
12:02:06.997735 ACC: [9, 10, 518]
12:02:07.045469 ALT: 0.13
12:02:07.045565 ATT: [1.1, -1.0, 269]
12:02:07.045717 ACC: [10, 11, 518]
12:02:07.093461 ALT: 0.12
12:02:07.093558 ATT: [1.1, -1.0, 269]
12:02:07.093705 ACC: [9, 10, 517]
12:02:07.141458 ALT: 0.12
12:02:07.141554 ATT: [1.1, -1.0, 269]
12:02:07.141709 ACC: [9, 10, 518]
12:02:07.189463 ALT: 0.12
12:02:07.189555 ATT: [1.1, -1.0, 269]
12:02:07.189738 ACC: [9, 10, 517]
12:02:07.237499 ALT: 0.12
12:02:07.237597 ATT: [1.1, -1.0, 269]
12:02:07.237752 ACC: [9, 9, 517]
12:02:07.285488 ALT: 0.12
12:02:07.285582 ATT: [1.1, -1.0, 269]
12:02:07.285727 ACC: [9, 10, 518]
12:02:07.333501 ALT: 0.12
12:02:07.333597 ATT: [1.1, -1.0, 269]
12:02:07.334003 ACC: [9, 10, 518]
12:02:07.397506 ALT: 0.12
12:02:07.397597 ATT: [1.1, -1.0, 269]
12:02:07.397747 ACC: [9, 10, 517]
12:02:07.445523 ALT: 0.12
12:02:07.445621 ATT: [1.1, -1.0, 269]
12:02:07.445775 ACC: [9, 10, 517]
12:02:07.493549 ALT: 0.12
12:02:07.493647 ATT: [1.1, -1.0, 269]
12:02:07.493810 ACC: [10, 9, 517]
12:02:07.541526 ALT: 0.12
12:02:07.541620 ATT: [1.1, -1.0, 269]
12:02:07.541770 ACC: [9, 10, 518]
12:02:07.589544 ALT: 0.12
12:02:07.589642 ATT: [1.1, -1.0, 269]
12:02:07.589795 ACC: [9, 11, 518]
12:02:07.637583 ALT: 0.12
12:02:07.637689 ATT: [1.1, -1.0, 269]
12:02:07.637858 ACC: [9, 10, 518]
12:02:07.686075 ALT: 0.12
12:02:07.686198 ATT: [1.1, -1.0, 269]
12:02:07.686410 ACC: [9, 10, 518]
12:02:07.733861 ALT: 0.12
12:02:07.733979 ATT: [1.1, -1.0, 269]
12:02:07.734174 ACC: [9, 10, 517]
12:02:07.781590 ALT: 0.12
12:02:07.781748 ATT: [1.1, -1.0, 269]
12:02:07.781917 ACC: [9, 10, 517]
12:02:07.829558 ALT: 0.12
12:02:07.829651 ATT: [1.1, -1.0, 269]
12:02:07.829795 ACC: [9, 11, 517]
12:02:07.877880 ALT: 0.12
12:02:07.878049 ATT: [1.1, -1.0, 269]
12:02:07.878347 ACC: [9, 10, 517]
12:02:07.925627 ALT: 0.12
12:02:07.925743 ATT: [1.1, -1.0, 269]
12:02:07.925941 ACC: [10, 10, 518]
12:02:07.973604 ALT: 0.12
12:02:07.973734 ATT: [1.1, -1.0, 269]
12:02:07.973904 ACC: [9, 10, 518]
12:02:08.021684 ALT: 0.12
12:02:08.021776 ATT: [1.1, -1.0, 269]
12:02:08.021931 ACC: [9, 10, 518]
12:02:08.069602 ALT: 0.12
12:02:08.069691 ATT: [1.1, -1.0, 269]
12:02:08.069830 ACC: [8, 10, 517]
12:02:08.117624 ALT: 0.12
12:02:08.117731 ATT: [1.1, -1.0, 269]
12:02:08.117900 ACC: [9, 10, 518]
12:02:08.165596 ALT: 0.12
12:02:08.165688 ATT: [1.1, -1.0, 269]
12:02:08.165844 ACC: [9, 10, 518]
12:02:08.213913 ALT: 0.12
12:02:08.214043 ATT: [1.1, -1.0, 269]
12:02:08.214353 ACC: [10, 10, 518]
12:02:08.262202 ALT: 0.12
12:02:08.262465 ATT: [1.1, -1.0, 269]
12:02:08.262820 ACC: [9, 10, 517]
12:02:08.309666 ALT: 0.12
12:02:08.309796 ATT: [1.1, -1.0, 269]
12:02:08.309966 ACC: [9, 9, 518]
12:02:08.357800 ALT: 0.12
12:02:08.357906 ATT: [1.1, -1.0, 269]
12:02:08.358063 ACC: [10, 9, 518]
12:02:08.405852 ALT: 0.12
12:02:08.405983 ATT: [1.1, -1.0, 269]
12:02:08.406204 ACC: [9, 10, 517]
12:02:08.453705 ALT: 0.12
12:02:08.453804 ATT: [1.1, -1.0, 269]
12:02:08.453971 ACC: [10, 10, 517]
12:02:08.501721 ALT: 0.12
12:02:08.501820 ATT: [1.1, -1.0, 269]
12:02:08.501976 ACC: [9, 9, 517]
12:02:08.549712 ALT: 0.12
12:02:08.549830 ATT: [1.1, -1.0, 269]
12:02:08.550065 ACC: [9, 10, 518]
12:02:08.597685 ALT: 0.12
12:02:08.597785 ATT: [1.1, -1.0, 269]
12:02:08.597948 ACC: [9, 10, 517]
12:02:08.645798 ALT: 0.12
12:02:08.645930 ATT: [1.1, -1.0, 269]
12:02:08.646159 ACC: [10, 10, 517]
12:02:08.693651 ALT: 0.12
12:02:08.693748 ATT: [1.1, -1.0, 269]
12:02:08.693891 ACC: [9, 10, 517]
12:02:08.741789 ALT: 0.12
12:02:08.741938 ATT: [1.1, -1.0, 269]
12:02:08.742118 ACC: [9, 10, 517]
12:02:08.789739 ALT: 0.12
12:02:08.789844 ATT: [1.1, -1.0, 269]
12:02:08.790002 ACC: [9, 10, 517]
12:02:08.837732 ALT: 0.12
12:02:08.837843 ATT: [1.1, -1.0, 269]
12:02:08.838024 ACC: [9, 10, 517]
12:02:08.885802 ALT: 0.12
12:02:08.885929 ATT: [1.1, -1.0, 269]
12:02:08.886103 ACC: [9, 10, 517]
12:02:08.933725 ALT: 0.12
12:02:08.933818 ATT: [1.1, -1.0, 269]
12:02:08.933991 ACC: [9, 10, 518]
12:02:08.981734 ALT: 0.12
12:02:08.981827 ATT: [1.1, -1.0, 269]
12:02:08.981973 ACC: [9, 10, 518]
12:02:09.029836 ALT: 0.12
12:02:09.029947 ATT: [1.1, -1.0, 269]
12:02:09.030132 ACC: [9, 10, 518]
12:02:09.077900 ALT: 0.12
12:02:09.078013 ATT: [1.1, -1.0, 269]
12:02:09.078220 ACC: [9, 10, 517]
12:02:09.125746 ALT: 0.12
12:02:09.125843 ATT: [1.1, -1.0, 269]
12:02:09.126008 ACC: [9, 10, 517]
12:02:09.173862 ALT: 0.12
12:02:09.173978 ATT: [1.1, -1.0, 269]
12:02:09.174161 ACC: [9, 10, 518]
12:02:09.221806 ALT: 0.12
12:02:09.221904 ATT: [1.1, -1.0, 269]
12:02:09.222058 ACC: [10, 10, 517]
12:02:09.269797 ALT: 0.12
12:02:09.269900 ATT: [1.1, -1.0, 269]
12:02:09.270071 ACC: [9, 10, 518]
12:02:09.317842 ALT: 0.12
12:02:09.317959 ATT: [1.1, -1.0, 269]
12:02:09.318154 ACC: [9, 10, 518]
12:02:09.365881 ALT: 0.12
12:02:09.366001 ATT: [1.1, -1.0, 269]
12:02:09.366180 ACC: [9, 10, 518]
12:02:09.430012 ALT: 0.12
12:02:09.430179 ATT: [1.1, -1.0, 269]
12:02:09.430486 ACC: [9, 10, 518]
12:02:09.477963 ALT: 0.12
12:02:09.478103 ATT: [1.1, -1.0, 269]
12:02:09.478298 ACC: [9, 9, 517]
12:02:09.525925 ALT: 0.12
12:02:09.526044 ATT: [1.1, -1.0, 269]
12:02:09.526307 ACC: [9, 10, 517]
12:02:09.573884 ALT: 0.12
12:02:09.573987 ATT: [1.1, -1.0, 269]
12:02:09.574145 ACC: [8, 10, 518]
12:02:09.621921 ALT: 0.12
12:02:09.622030 ATT: [1.1, -1.0, 269]
12:02:09.622198 ACC: [9, 10, 518]
12:02:09.669958 ALT: 0.12
12:02:09.670097 ATT: [1.1, -1.0, 269]
12:02:09.670284 ACC: [9, 9, 518]
12:02:09.717901 ALT: 0.12
12:02:09.718014 ATT: [1.1, -1.0, 269]
12:02:09.718197 ACC: [9, 10, 518]
12:02:09.765944 ALT: 0.12
12:02:09.766069 ATT: [1.1, -1.0, 269]
12:02:09.766284 ACC: [9, 10, 517]
12:02:09.813879 ALT: 0.12
12:02:09.813984 ATT: [1.1, -1.0, 269]
12:02:09.814148 ACC: [9, 10, 517]
12:02:09.861936 ALT: 0.12
12:02:09.862055 ATT: [1.1, -1.0, 269]
12:02:09.862247 ACC: [9, 11, 517]
12:02:09.909888 ALT: 0.12
12:02:09.909995 ATT: [1.1, -1.0, 269]
12:02:09.910173 ACC: [9, 10, 517]
12:02:09.957942 ALT: 0.12
12:02:09.958066 ATT: [1.1, -1.0, 269]
12:02:09.958253 ACC: [9, 10, 517]
12:02:10.005867 ALT: 0.12
12:02:10.005960 ATT: [1.1, -1.0, 269]
12:02:10.006093 ACC: [9, 10, 517]
12:02:10.053911 ALT: 0.12
12:02:10.054012 ATT: [1.1, -1.0, 269]
12:02:10.054159 ACC: [9, 9, 517]
12:02:10.101908 ALT: 0.12
12:02:10.102006 ATT: [1.1, -1.0, 269]
12:02:10.102170 ACC: [9, 10, 517]
12:02:10.150221 ALT: 0.12
12:02:10.150476 ATT: [1.1, -1.0, 269]
12:02:10.150850 ACC: [9, 10, 517]
12:02:10.198025 ALT: 0.12
12:02:10.198150 ATT: [1.1, -1.0, 269]
12:02:10.198357 ACC: [9, 9, 517]
12:02:10.245977 ALT: 0.12
12:02:10.246094 ATT: [1.1, -1.0, 269]
12:02:10.246281 ACC: [9, 10, 518]
12:02:10.293926 ALT: 0.12
12:02:10.294027 ATT: [1.1, -1.0, 269]
12:02:10.294186 ACC: [10, 10, 517]
12:02:10.341981 ALT: 0.12
12:02:10.342104 ATT: [1.1, -1.0, 269]
12:02:10.342271 ACC: [8, 10, 517]
12:02:10.389963 ALT: 0.12
12:02:10.390054 ATT: [1.1, -1.0, 269]
12:02:10.390191 ACC: [10, 11, 517]
12:02:10.438151 ALT: 0.12
12:02:10.438292 ATT: [1.1, -1.0, 269]
12:02:10.438515 ACC: [9, 9, 518]
12:02:10.485957 ALT: 0.12
12:02:10.486067 ATT: [1.1, -1.0, 269]
12:02:10.486221 ACC: [9, 11, 517]
12:02:10.533929 ALT: 0.08
12:02:10.534037 ATT: [1.1, -1.0, 269]
12:02:10.534192 ACC: [9, 10, 517]
12:02:10.581928 ALT: 0.05
12:02:10.582041 ATT: [1.1, -1.0, 269]
12:02:10.582192 ACC: [9, 9, 517]
12:02:10.629950 ALT: 0.04
12:02:10.630065 ATT: [1.1, -1.0, 269]
12:02:10.630219 ACC: [9, 11, 517]
12:02:10.678084 ALT: 0.04
12:02:10.678201 ATT: [1.1, -1.0, 269]
12:02:10.678382 ACC: [8, 10, 517]
12:02:10.726251 ALT: 0.04
12:02:10.726416 ATT: [1.1, -1.0, 269]
12:02:10.726653 ACC: [10, 9, 517]
12:02:10.774358 ALT: 0.04
12:02:10.774590 ATT: [1.1, -1.0, 269]
12:02:10.774977 ACC: [9, 10, 517]
12:02:10.822121 ALT: 0.04
12:02:10.822233 ATT: [1.1, -1.0, 269]
12:02:10.822427 ACC: [8, 10, 518]
12:02:10.870205 ALT: 0.04
12:02:10.870333 ATT: [1.1, -1.0, 269]
12:02:10.870564 ACC: [9, 10, 518]
12:02:10.918077 ALT: 0.04
12:02:10.918190 ATT: [1.1, -1.0, 269]
12:02:10.918422 ACC: [9, 10, 517]
12:02:10.966056 ALT: 0.04
12:02:10.966184 ATT: [1.1, -1.0, 269]
12:02:10.966365 ACC: [9, 10, 516]
12:02:11.014073 ALT: 0.04
12:02:11.014198 ATT: [1.1, -1.0, 269]
12:02:11.014407 ACC: [8, 10, 517]
12:02:11.062283 ALT: 0.04
12:02:11.062443 ATT: [1.1, -1.0, 269]
12:02:11.062719 ACC: [9, 10, 517]
12:02:11.110092 ALT: 0.04
12:02:11.110240 ATT: [1.1, -1.0, 269]
12:02:11.110501 ACC: [9, 10, 516]
12:02:11.158693 ALT: 0.04
12:02:11.158853 ATT: [1.1, -1.0, 269]
12:02:11.159148 ACC: [9, 10, 518]
12:02:11.206066 ALT: 0.04
12:02:11.206205 ATT: [1.1, -1.0, 269]
12:02:11.206455 ACC: [10, 10, 517]
12:02:11.254251 ALT: 0.04
12:02:11.254393 ATT: [1.1, -1.0, 269]
12:02:11.254646 ACC: [9, 10, 517]
12:02:11.302097 ALT: 0.04
12:02:11.302213 ATT: [1.1, -1.0, 269]
12:02:11.302546 ACC: [9, 10, 516]
12:02:11.350234 ALT: 0.04
12:02:11.350376 ATT: [1.1, -1.0, 269]
12:02:11.350595 ACC: [9, 9, 517]
