Waiting for MSP_API_VERSION reply...
Waiting for MSP_FC_VARIANT reply...
{'apiVersion': '1.44.0', 'flightControllerIdentifier': 'BTFL', 'flightControllerVersion': '4.3.2', 'version': 0, 'buildInfo': 'Apr  7 2023 03:15:27', 'multiType': 0, 'msp_version': 0, 'capability': 0, 'cycleTime': 314, 'i2cError': 0, 'activeSensors': 39, 'mode': 2, 'profile': 0, 'uid': [4653116, 1345409042, 540357454], 'accelerometerTrims': [0, 0], 'name': '', 'displayName': 'BOARD MODULE', 'numProfiles': 3, 'rateProfile': 0, 'boardType': 2, 'armingDisableCount': 26, 'armingDisableFlags': 4, 'armingDisabled': False, 'runawayTakeoffPreventionDisabled': False, 'boardIdentifier': 'SBF4', 'boardVersion': 0, 'commCapabilities': 3, 'targetName': 'SPEEDYBEEF405V3', 'boardName': 'SPEEDYBEEF405V3', 'manufacturerId': '', 'signature': [0, 0, 0, 0, 0, 0, 0, 0, 0, 0, 0, 0, 0, 0, 0, 0, 0, 0, 0, 0, 0, 0, 0, 0, 0, 0, 0, 0, 0, 0, 0, 0], 'cpuload': 39, 'mcuTypeId': 3, 'mspProtocolVersion': 0, 'flightModeFlags': []}
10:39:44.651741 ALT: -0.56
10:39:44.651913 ATT: [0.4, 0.1, 282]
10:39:44.652263 ACC: [-1, 4, 517]
10:39:44.706886 ALT: -0.56
10:39:44.707013 ATT: [0.4, 0.1, 282]
10:39:44.707211 ACC: [-1, 4, 517]
Easycap format used: ImageFormat(type=<BufType.VIDEO_CAPTURE: 1>, description='YUYV 4:2:2', flags=<ImageFormatFlag.0: 0>, pixel_format=<PixelFormat.YUYV: 1448695129>)
Easycap format used: ImageFormat(type=<BufType.VIDEO_CAPTURE: 1>, description='Motion-JPEG', flags=<ImageFormatFlag.COMPRESSED: 1>, pixel_format=<PixelFormat.MJPEG: 1196444237>)
10:39:44.747868 ALT: -0.56
10:39:44.747992 ATT: [0.4, 0.1, 282]
10:39:44.748215 ACC: [-1, 4, 517]
10:39:44.796008 ALT: -0.56
10:39:44.796166 ATT: [0.4, 0.1, 282]
10:39:44.796457 ACC: [-1, 4, 517]
10:39:44.843857 ALT: -0.56
10:39:44.843978 ATT: [0.4, 0.1, 282]
10:39:44.844159 ACC: [-1, 3, 517]
10:39:44.891932 ALT: -0.56
10:39:44.892071 ATT: [0.4, 0.1, 282]
10:39:44.892275 ACC: [-1, 3, 518]
10:39:44.939841 ALT: -0.56
10:39:44.940111 ATT: [0.4, 0.1, 282]
10:39:44.940428 ACC: [-1, 4, 517]
10:39:44.987714 ALT: -0.56
10:39:44.987834 ATT: [0.4, 0.1, 282]
10:39:44.988063 ACC: [0, 3, 517]
10:39:45.035737 ALT: -0.56
10:39:45.035850 ATT: [0.4, 0.1, 282]
10:39:45.036062 ACC: [-1, 4, 517]
10:39:45.083933 ALT: -0.56
10:39:45.084062 ATT: [0.4, 0.1, 282]
10:39:45.084472 ACC: [-1, 4, 517]
10:39:45.132022 ALT: -0.56
10:39:45.132177 ATT: [0.4, 0.1, 282]
10:39:45.132666 ACC: [-1, 4, 517]
Initialize navigation params:
Delay=0.03, Kp=40.0, Ki=0.0, Kd=40.0
Starting Main workflow
10:39:45.182840 ALT: -0.56
10:39:45.183036 ATT: [0.4, 0.1, 282]
10:39:45.183314 ACC: [-1, 3, 517]
10:39:45.228510 ALT: -0.56
10:39:45.228850 ATT: [0.4, 0.1, 282]
10:39:45.229700 ACC: [-1, 4, 517]
10:39:45.275889 ALT: -0.56
10:39:45.276108 ATT: [0.4, 0.1, 282]
10:39:45.276294 ACC: [-1, 4, 517]
10:39:45.324061 ALT: -0.56
10:39:45.324295 ATT: [0.4, 0.1, 282]
10:39:45.324614 ACC: [-1, 4, 516]
10:39:45.371907 ALT: -0.56
10:39:45.372085 ATT: [0.4, 0.1, 282]
10:39:45.372429 ACC: [-1, 4, 516]
10:39:45.419900 ALT: -0.56
10:39:45.420083 ATT: [0.4, 0.1, 282]
10:39:45.420352 ACC: [-1, 4, 517]
10:39:45.467968 ALT: -0.56
10:39:45.468172 ATT: [0.4, 0.1, 282]
10:39:45.468362 ACC: [-1, 3, 517]
10:39:45.517204 ALT: -0.56
10:39:45.517392 ATT: [0.4, 0.1, 282]
10:39:45.517767 ACC: [-1, 4, 517]
10:39:45.563860 ALT: -0.56
10:39:45.563971 ATT: [0.4, 0.1, 282]
10:39:45.564171 ACC: [-1, 3, 517]
10:39:45.611752 ALT: -0.56
10:39:45.611903 ATT: [0.4, 0.1, 282]
10:39:45.612107 ACC: [-1, 4, 517]
10:39:45.659729 ALT: -0.56
10:39:45.659831 ATT: [0.4, 0.1, 282]
10:39:45.659980 ACC: [0, 4, 517]
10:39:45.707832 ALT: -0.56
10:39:45.707933 ATT: [0.4, 0.1, 282]
10:39:45.708097 ACC: [-1, 4, 516]
10:39:45.755811 ALT: -0.56
10:39:45.755907 ATT: [0.4, 0.1, 282]
10:39:45.756067 ACC: [-1, 4, 516]
10:39:45.803965 ALT: -0.56
10:39:45.804132 ATT: [0.4, 0.1, 282]
10:39:45.804592 ACC: [-1, 4, 517]
10:39:45.852074 ALT: -0.56
10:39:45.852175 ATT: [0.4, 0.1, 282]
10:39:45.852338 ACC: [-1, 4, 516]
10:39:45.900372 ALT: -0.56
10:39:45.900477 ATT: [0.4, 0.1, 282]
10:39:45.900669 ACC: [-1, 4, 517]
10:39:45.959061 ALT: -0.56
10:39:45.959178 ATT: [0.4, 0.1, 282]
10:39:45.959379 ACC: [-1, 4, 517]
10:39:46.011846 ALT: -0.56
10:39:46.011982 ATT: [0.4, 0.1, 282]
10:39:46.012206 ACC: [-1, 4, 516]
10:39:46.060165 ALT: -0.56
10:39:46.060296 ATT: [0.4, 0.1, 282]
10:39:46.060518 ACC: [-1, 4, 518]
10:39:46.107823 ALT: -0.56
10:39:46.107920 ATT: [0.4, 0.1, 282]
10:39:46.108058 ACC: [0, 4, 517]
10:39:46.174652 ALT: -0.56
10:39:46.174866 ATT: [0.4, 0.1, 282]
10:39:46.175194 ACC: [-1, 4, 517]
10:39:46.220213 ALT: -0.56
10:39:46.220332 ATT: [0.4, 0.1, 282]
10:39:46.220548 ACC: [0, 4, 516]
10:39:46.268067 ALT: -0.56
10:39:46.268183 ATT: [0.4, 0.1, 282]
10:39:46.268373 ACC: [-1, 4, 516]
10:39:46.315855 ALT: -0.56
10:39:46.315982 ATT: [0.4, 0.1, 282]
10:39:46.316199 ACC: [-1, 4, 517]
10:39:46.369659 ALT: -0.56
10:39:46.370089 ATT: [0.4, 0.1, 282]
10:39:46.370726 ACC: [-1, 4, 517]
10:39:46.423928 ALT: -0.56
10:39:46.424052 ATT: [0.4, 0.1, 282]
10:39:46.424272 ACC: [-1, 4, 517]
10:39:46.525294 ALT: -0.56
10:39:46.525449 ATT: [0.4, 0.1, 282]
10:39:46.525708 ACC: [-1, 4, 517]
10:39:46.577207 ALT: -0.56
10:39:46.577533 ATT: [0.4, 0.1, 282]
10:39:46.577737 ACC: [-1, 3, 517]
10:39:46.620297 ALT: -0.56
10:39:46.620425 ATT: [0.4, 0.1, 282]
10:39:46.620666 ACC: [-1, 4, 516]
10:39:46.668036 ALT: -0.56
10:39:46.668199 ATT: [0.4, 0.1, 282]
10:39:46.668429 ACC: [-1, 4, 516]
10:39:46.717111 ALT: -0.56
10:39:46.717315 ATT: [0.4, 0.1, 282]
10:39:46.717626 ACC: [-1, 4, 516]
10:39:46.763964 ALT: -0.56
10:39:46.764083 ATT: [0.4, 0.1, 282]
10:39:46.764446 ACC: [-1, 4, 516]
10:39:46.813221 ALT: -0.56
10:39:46.813386 ATT: [0.4, 0.1, 282]
10:39:46.813668 ACC: [-1, 4, 517]
10:39:46.860112 ALT: -0.56
10:39:46.860310 ATT: [0.4, 0.1, 282]
10:39:46.860523 ACC: [-1, 4, 516]
10:39:46.918612 ALT: -0.56
10:39:46.918759 ATT: [0.4, 0.1, 282]
10:39:46.919094 ACC: [-1, 4, 516]
10:39:46.972161 ALT: -0.56
10:39:46.972513 ATT: [0.4, 0.1, 282]
10:39:46.972967 ACC: [-1, 4, 517]
10:39:47.020481 ALT: -0.56
10:39:47.020704 ATT: [0.4, 0.1, 282]
10:39:47.021110 ACC: [-1, 4, 517]
10:39:47.082360 ALT: -0.56
10:39:47.082577 ATT: [0.4, 0.1, 282]
10:39:47.083221 ACC: [-1, 4, 517]
10:39:47.132567 ALT: -0.56
10:39:47.132692 ATT: [0.4, 0.1, 282]
10:39:47.132969 ACC: [-1, 3, 516]
10:39:47.180230 ALT: -0.56
10:39:47.184055 ATT: [0.4, 0.1, 282]
10:39:47.184476 ACC: [-1, 4, 516]
10:39:47.228024 ALT: -0.56
10:39:47.228140 ATT: [0.4, 0.1, 282]
10:39:47.228374 ACC: [0, 4, 515]
10:39:47.284190 ALT: -0.56
10:39:47.284303 ATT: [0.4, 0.1, 282]
10:39:47.284494 ACC: [-1, 4, 516]
10:39:47.324496 ALT: -0.56
10:39:47.324725 ATT: [0.4, 0.1, 282]
10:39:47.325593 ACC: [0, 4, 517]
10:39:47.379507 ALT: -0.56
10:39:47.379619 ATT: [0.4, 0.1, 282]
10:39:47.379812 ACC: [0, 4, 517]
10:39:47.453269 ALT: -0.56
10:39:47.453757 ATT: [0.4, 0.1, 282]
10:39:47.454447 ACC: [-1, 4, 515]
10:39:47.500643 ALT: -0.56
10:39:47.501026 ATT: [0.4, 0.1, 282]
10:39:47.501700 ACC: [-1, 4, 517]
10:39:47.564418 ALT: -0.56
10:39:47.564708 ATT: [0.4, 0.1, 282]
10:39:47.565277 ACC: [-1, 3, 517]
10:39:47.645538 ALT: -0.56
10:39:47.645692 ATT: [0.4, 0.1, 282]
10:39:47.645957 ACC: [-1, 4, 517]
10:39:47.720996 ALT: -0.56
10:39:47.721116 ATT: [0.4, 0.1, 282]
10:39:47.721370 ACC: [-1, 4, 517]
10:39:47.773431 ALT: -0.56
10:39:47.773577 ATT: [0.4, 0.1, 282]
10:39:47.773849 ACC: [-1, 3, 516]
10:39:47.821736 ALT: -0.56
10:39:47.821874 ATT: [0.4, 0.1, 282]
10:39:47.822621 ACC: [-1, 4, 516]
10:39:47.869549 ALT: -0.56
10:39:47.869670 ATT: [0.4, 0.1, 282]
10:39:47.869854 ACC: [-1, 4, 516]
10:39:47.940412 ALT: -0.56
10:39:47.940542 ATT: [0.4, 0.1, 282]
10:39:47.940834 ACC: [-1, 4, 515]
10:39:47.993347 ALT: -0.56
10:39:47.993538 ATT: [0.4, 0.1, 282]
10:39:47.993824 ACC: [-1, 4, 517]
10:39:48.060640 ALT: -0.56
10:39:48.060802 ATT: [0.4, 0.1, 282]
10:39:48.060990 ACC: [-1, 4, 517]
10:39:48.113489 ALT: -0.56
10:39:48.113645 ATT: [0.4, 0.1, 282]
10:39:48.113863 ACC: [0, 3, 516]
10:39:48.156507 ALT: -0.56
10:39:48.156610 ATT: [0.4, 0.1, 282]
10:39:48.157031 ACC: [0, 3, 516]
10:39:48.205125 ALT: -0.56
10:39:48.205296 ATT: [0.4, 0.1, 282]
10:39:48.205663 ACC: [-1, 4, 517]
10:39:48.269570 ALT: -0.56
10:39:48.269717 ATT: [0.4, 0.1, 282]
10:39:48.270025 ACC: [-1, 4, 516]
10:39:48.318819 ALT: -0.56
10:39:48.318925 ATT: [0.4, 0.1, 282]
10:39:48.319095 ACC: [-1, 4, 516]
10:39:48.364330 ALT: -0.56
10:39:48.364578 ATT: [0.4, 0.1, 282]
10:39:48.364751 ACC: [-1, 4, 516]
10:39:48.416713 ALT: -0.56
10:39:48.418634 ATT: [0.4, 0.1, 282]
10:39:48.418939 ACC: [-1, 4, 515]
10:39:48.461607 ALT: -0.56
10:39:48.461848 ATT: [0.4, 0.1, 282]
10:39:48.462230 ACC: [0, 4, 516]
10:39:48.508236 ALT: -0.56
10:39:48.508366 ATT: [0.4, 0.1, 282]
10:39:48.508568 ACC: [-1, 4, 517]
10:39:48.557760 ALT: -0.56
10:39:48.557885 ATT: [0.4, 0.1, 282]
10:39:48.558879 ACC: [-1, 4, 517]
10:39:48.604409 ALT: -0.56
10:39:48.604541 ATT: [0.4, 0.1, 282]
10:39:48.604734 ACC: [-1, 4, 516]
10:39:48.652387 ALT: -0.56
10:39:48.652537 ATT: [0.4, 0.1, 282]
10:39:48.652906 ACC: [-1, 4, 516]
10:39:48.700236 ALT: -0.56
10:39:48.700351 ATT: [0.4, 0.1, 282]
10:39:48.700526 ACC: [-1, 3, 516]
10:39:48.771829 ALT: -0.56
10:39:48.771931 ATT: [0.4, 0.1, 282]
10:39:48.772445 ACC: [-1, 4, 517]
10:39:48.844319 ALT: -0.56
10:39:48.844495 ATT: [0.4, 0.1, 282]
10:39:48.844742 ACC: [-1, 4, 517]
10:39:48.899940 ALT: -0.56
10:39:48.900091 ATT: [0.4, 0.1, 282]
10:39:48.900281 ACC: [-1, 4, 516]
10:39:48.942645 ALT: -0.56
10:39:48.942748 ATT: [0.4, 0.1, 282]
10:39:48.942903 ACC: [-1, 4, 516]
10:39:49.004604 ALT: -0.56
10:39:49.004815 ATT: [0.4, 0.1, 282]
10:39:49.005028 ACC: [-1, 4, 516]
10:39:49.069180 ALT: -0.56
10:39:49.069294 ATT: [0.4, 0.1, 282]
10:39:49.069489 ACC: [-2, 4, 516]
10:39:49.140623 ALT: -0.56
10:39:49.140787 ATT: [0.4, 0.1, 282]
10:39:49.141006 ACC: [-1, 4, 516]
10:39:49.196647 ALT: -0.56
10:39:49.196853 ATT: [0.4, 0.1, 282]
10:39:49.197054 ACC: [0, 4, 516]
10:39:49.244430 ALT: -0.56
10:39:49.244573 ATT: [0.4, 0.1, 282]
10:39:49.244867 ACC: [-1, 3, 516]
10:39:49.294271 ALT: -0.56
10:39:49.294371 ATT: [0.4, 0.1, 282]
10:39:49.294540 ACC: [-1, 4, 516]
10:39:49.340258 ALT: -0.56
10:39:49.340370 ATT: [0.4, 0.1, 282]
10:39:49.340541 ACC: [0, 5, 516]
10:39:49.388635 ALT: -0.56
10:39:49.388890 ATT: [0.4, 0.1, 282]
10:39:49.389712 ACC: [-1, 3, 517]
10:39:49.439099 ALT: -0.56
10:39:49.439266 ATT: [0.4, 0.1, 282]
10:39:49.439533 ACC: [-1, 3, 517]
10:39:49.484631 ALT: -0.56
10:39:49.484821 ATT: [0.4, 0.1, 282]
10:39:49.485038 ACC: [-1, 4, 517]
10:39:49.532648 ALT: -0.56
10:39:49.532809 ATT: [0.4, 0.1, 282]
10:39:49.533092 ACC: [0, 4, 516]
10:39:49.581621 ALT: -0.56
10:39:49.581742 ATT: [0.4, 0.1, 282]
10:39:49.582241 ACC: [0, 3, 516]
10:39:49.630427 ALT: -0.56
10:39:49.630544 ATT: [0.4, 0.1, 282]
10:39:49.630720 ACC: [-1, 3, 516]
10:39:49.692430 ALT: -0.56
10:39:49.692544 ATT: [0.4, 0.1, 282]
10:39:49.692740 ACC: [-2, 3, 517]
10:39:49.741022 ALT: -0.56
10:39:49.741135 ATT: [0.4, 0.1, 282]
10:39:49.741343 ACC: [0, 4, 516]
10:39:49.788538 ALT: -0.56
10:39:49.788821 ATT: [0.4, 0.1, 282]
10:39:49.789004 ACC: [0, 4, 516]
10:39:49.837345 ALT: -0.56
10:39:49.837732 ATT: [0.4, 0.1, 282]
10:39:49.838480 ACC: [-1, 4, 516]
10:39:49.884535 ALT: -0.56
10:39:49.884962 ATT: [0.4, 0.1, 282]
10:39:49.885646 ACC: [-1, 4, 516]
10:39:49.933487 ALT: -0.56
10:39:49.933856 ATT: [0.4, 0.1, 282]
10:39:49.934480 ACC: [-1, 4, 516]
10:39:49.981660 ALT: -0.56
10:39:49.981783 ATT: [0.4, 0.1, 282]
10:39:49.982159 ACC: [-1, 4, 515]
10:39:50.029261 ALT: -0.56
10:39:50.029451 ATT: [0.4, 0.1, 282]
10:39:50.029752 ACC: [-1, 4, 515]
10:39:50.078034 ALT: -0.62
10:39:50.078147 ATT: [0.4, 0.1, 282]
10:39:50.078329 ACC: [-1, 4, 516]
10:39:50.124923 ALT: -0.64
10:39:50.125141 ATT: [0.4, 0.1, 282]
10:39:50.125544 ACC: [-1, 4, 516]
10:39:50.172484 ALT: -0.64
10:39:50.172622 ATT: [0.4, 0.1, 282]
10:39:50.172922 ACC: [-1, 4, 516]
10:39:50.223122 ALT: -0.64
10:39:50.223546 ATT: [0.4, 0.1, 282]
10:39:50.223923 ACC: [-1, 4, 516]
10:39:50.271849 ALT: -0.64
10:39:50.272000 ATT: [0.4, 0.1, 282]
10:39:50.272153 ACC: [-1, 3, 516]
10:39:50.318110 ALT: -0.64
10:39:50.318214 ATT: [0.4, 0.1, 282]
10:39:50.318397 ACC: [-1, 4, 516]
10:39:50.371337 ALT: -0.64
10:39:50.371452 ATT: [0.4, 0.1, 282]
10:39:50.371650 ACC: [-1, 4, 516]
10:39:50.432711 ALT: -0.64
10:39:50.433010 ATT: [0.4, 0.1, 282]
10:39:50.434678 ACC: [-1, 3, 517]
10:39:50.492562 ALT: -0.64
10:39:50.492687 ATT: [0.4, 0.1, 282]
10:39:50.493061 ACC: [-1, 4, 517]
10:39:50.543585 ALT: -0.64
10:39:50.543680 ATT: [0.4, 0.1, 282]
10:39:50.543818 ACC: [-2, 3, 517]
10:39:50.604487 ALT: -0.64
10:39:50.604685 ATT: [0.4, 0.1, 282]
10:39:50.605129 ACC: [-1, 4, 516]
10:39:50.653285 ALT: -0.64
10:39:50.653425 ATT: [0.4, 0.1, 282]
10:39:50.653685 ACC: [-1, 4, 515]
10:39:50.701025 ALT: -0.64
10:39:50.701343 ATT: [0.4, 0.1, 282]
10:39:50.701571 ACC: [-1, 3, 516]
10:39:50.748579 ALT: -0.64
10:39:50.748728 ATT: [0.4, 0.1, 282]
10:39:50.748982 ACC: [-1, 4, 517]
10:39:50.797069 ALT: -0.64
10:39:50.797263 ATT: [0.4, 0.1, 283]
10:39:50.797533 ACC: [-1, 4, 517]
10:39:50.845117 ALT: -0.64
10:39:50.845257 ATT: [0.4, 0.1, 283]
10:39:50.845527 ACC: [-1, 4, 517]
10:39:50.892919 ALT: -0.64
10:39:50.893019 ATT: [0.4, 0.1, 283]
10:39:50.893170 ACC: [-1, 4, 517]
10:39:50.945249 ALT: -0.64
10:39:50.945371 ATT: [0.4, 0.1, 283]
10:39:50.945540 ACC: [0, 4, 517]
10:39:51.024671 ALT: -0.7
10:39:51.024854 ATT: [0.4, 0.1, 283]
10:39:51.025065 ACC: [-1, 4, 516]
10:39:51.072664 ALT: -0.73
10:39:51.072792 ATT: [0.4, 0.1, 283]
10:39:51.072965 ACC: [-1, 3, 517]
10:39:51.132628 ALT: -0.73
10:39:51.132745 ATT: [0.4, 0.1, 283]
10:39:51.133253 ACC: [-1, 4, 516]
10:39:51.184166 ALT: -0.73
10:39:51.184432 ATT: [0.4, 0.1, 283]
10:39:51.184638 ACC: [-1, 4, 515]
10:39:51.230623 ALT: -0.73
10:39:51.230751 ATT: [0.4, 0.1, 283]
10:39:51.231015 ACC: [-1, 3, 516]
10:39:51.281219 ALT: -0.73
10:39:51.281319 ATT: [0.4, 0.1, 283]
10:39:51.281480 ACC: [-1, 4, 516]
10:39:51.337568 ALT: -0.73
10:39:51.337681 ATT: [0.4, 0.1, 283]
10:39:51.337875 ACC: [-1, 4, 516]
10:39:51.388758 ALT: -0.73
10:39:51.388974 ATT: [0.4, 0.1, 283]
10:39:51.389183 ACC: [-1, 4, 516]
10:39:51.444170 ALT: -0.73
10:39:51.444269 ATT: [0.4, 0.1, 283]
10:39:51.444475 ACC: [-1, 4, 516]
10:39:51.514213 ALT: -0.73
10:39:51.514339 ATT: [0.4, 0.1, 283]
10:39:51.514527 ACC: [-1, 4, 516]
10:39:51.582504 ALT: -0.73
10:39:51.582618 ATT: [0.5, 0.1, 283]
10:39:51.582801 ACC: [-1, 4, 516]
10:39:51.629424 ALT: -0.73
10:39:51.629553 ATT: [0.4, 0.1, 283]
10:39:51.629731 ACC: [-1, 4, 516]
10:39:51.676829 ALT: -0.73
10:39:51.676961 ATT: [0.4, 0.1, 283]
10:39:51.677154 ACC: [-1, 4, 517]
10:39:51.724703 ALT: -0.73
10:39:51.724834 ATT: [0.4, 0.1, 283]
10:39:51.725046 ACC: [-1, 3, 516]
10:39:51.772646 ALT: -0.73
10:39:51.772745 ATT: [0.4, 0.1, 283]
10:39:51.773025 ACC: [-1, 4, 515]
10:39:51.820851 ALT: -0.7
10:39:51.821017 ATT: [0.4, 0.1, 283]
10:39:51.821269 ACC: [-1, 4, 516]
10:39:51.884784 ALT: -0.67
10:39:51.884937 ATT: [0.4, 0.1, 283]
10:39:51.885564 ACC: [-1, 3, 516]
10:39:51.934620 ALT: -0.66
10:39:51.934727 ATT: [0.4, 0.1, 283]
10:39:51.934907 ACC: [-1, 4, 516]
10:39:51.982883 ALT: -0.66
10:39:51.983003 ATT: [0.4, 0.1, 283]
10:39:51.983196 ACC: [-1, 4, 516]
10:39:52.028858 ALT: -0.66
10:39:52.029049 ATT: [0.4, 0.1, 283]
10:39:52.029252 ACC: [-1, 4, 515]
10:39:52.076843 ALT: -0.66
10:39:52.077041 ATT: [0.4, 0.1, 283]
10:39:52.077255 ACC: [0, 4, 517]
10:39:52.124832 ALT: -0.66
10:39:52.124997 ATT: [0.4, 0.1, 283]
10:39:52.125208 ACC: [-1, 3, 517]
10:39:52.172872 ALT: -0.66
10:39:52.173062 ATT: [0.4, 0.1, 283]
10:39:52.173280 ACC: [0, 4, 516]
10:39:52.220894 ALT: -0.66
10:39:52.221012 ATT: [0.4, 0.1, 283]
10:39:52.221481 ACC: [-1, 4, 516]
10:39:52.269379 ALT: -0.66
10:39:52.269505 ATT: [0.4, 0.1, 283]
10:39:52.269736 ACC: [-1, 4, 516]
10:39:52.316866 ALT: -0.66
10:39:52.317042 ATT: [0.4, 0.1, 283]
10:39:52.317254 ACC: [0, 4, 517]
10:39:52.365887 ALT: -0.66
10:39:52.365984 ATT: [0.4, 0.1, 283]
10:39:52.366131 ACC: [-1, 4, 517]
10:39:52.413191 ALT: -0.66
10:39:52.413301 ATT: [0.5, 0.1, 283]
10:39:52.413467 ACC: [-1, 4, 516]
10:39:52.460817 ALT: -0.69
10:39:52.460923 ATT: [0.5, 0.1, 283]
10:39:52.461183 ACC: [0, 4, 516]
10:39:52.508979 ALT: -0.71
10:39:52.509104 ATT: [0.5, 0.1, 283]
10:39:52.509292 ACC: [-1, 4, 517]
10:39:52.556840 ALT: -0.73
10:39:52.556962 ATT: [0.5, 0.1, 283]
10:39:52.557178 ACC: [-1, 4, 516]
10:39:52.604954 ALT: -0.73
10:39:52.605100 ATT: [0.5, 0.1, 283]
10:39:52.605305 ACC: [0, 4, 516]
10:39:52.653015 ALT: -0.73
10:39:52.653151 ATT: [0.4, 0.1, 283]
10:39:52.653396 ACC: [-1, 3, 517]
10:39:52.701113 ALT: -0.73
10:39:52.701246 ATT: [0.4, 0.1, 283]
10:39:52.701428 ACC: [-1, 4, 517]
10:39:52.748888 ALT: -0.73
10:39:52.748997 ATT: [0.4, 0.1, 283]
10:39:52.749190 ACC: [-1, 4, 516]
10:39:52.797623 ALT: -0.73
10:39:52.797873 ATT: [0.5, 0.1, 283]
10:39:52.798183 ACC: [-1, 4, 516]
10:39:52.844853 ALT: -0.73
10:39:52.844958 ATT: [0.5, 0.1, 283]
10:39:52.845133 ACC: [-1, 4, 517]
10:39:52.892699 ALT: -0.73
10:39:52.892868 ATT: [0.5, 0.1, 283]
10:39:52.893024 ACC: [-1, 4, 517]
10:39:52.940912 ALT: -0.73
10:39:52.941015 ATT: [0.5, 0.1, 283]
10:39:52.941197 ACC: [-1, 4, 516]
10:39:52.989161 ALT: -0.73
10:39:52.989281 ATT: [0.5, 0.1, 283]
10:39:52.989441 ACC: [-1, 4, 516]
10:39:53.037367 ALT: -0.73
10:39:53.037485 ATT: [0.5, 0.1, 283]
10:39:53.037732 ACC: [-1, 4, 516]
10:39:53.085531 ALT: -0.73
10:39:53.085680 ATT: [0.4, 0.1, 283]
10:39:53.085815 ACC: [-1, 4, 516]
10:39:53.132963 ALT: -0.73
10:39:53.133098 ATT: [0.4, 0.1, 283]
10:39:53.133297 ACC: [-1, 4, 516]
10:39:53.196991 ALT: -0.73
10:39:53.197100 ATT: [0.4, 0.1, 283]
10:39:53.197298 ACC: [-1, 4, 515]
10:39:53.244949 ALT: -0.73
10:39:53.245068 ATT: [0.4, 0.1, 283]
10:39:53.245285 ACC: [-1, 4, 516]
10:39:53.293663 ALT: -0.73
10:39:53.294168 ATT: [0.4, 0.1, 283]
10:39:53.294901 ACC: [-1, 4, 517]
10:39:53.341022 ALT: -0.73
10:39:53.341137 ATT: [0.4, 0.1, 283]
10:39:53.341398 ACC: [-1, 4, 517]
10:39:53.389052 ALT: -0.73
10:39:53.389161 ATT: [0.4, 0.1, 283]
10:39:53.389415 ACC: [-1, 4, 516]
10:39:53.437755 ALT: -0.73
10:39:53.437989 ATT: [0.5, 0.1, 283]
10:39:53.438416 ACC: [-1, 4, 516]
10:39:53.485405 ALT: -0.73
10:39:53.485572 ATT: [0.5, 0.1, 283]
10:39:53.485832 ACC: [-1, 4, 516]
10:39:53.533671 ALT: -0.73
10:39:53.533859 ATT: [0.4, 0.1, 283]
10:39:53.534141 ACC: [-1, 4, 516]
10:39:53.581702 ALT: -0.73
10:39:53.581882 ATT: [0.4, 0.1, 283]
10:39:53.582165 ACC: [-1, 4, 516]
10:39:53.629515 ALT: -0.73
10:39:53.629708 ATT: [0.4, 0.1, 283]
10:39:53.630017 ACC: [-1, 4, 516]
10:39:53.677538 ALT: -0.73
10:39:53.678104 ATT: [0.4, 0.1, 283]
10:39:53.678552 ACC: [-1, 3, 516]
10:39:53.726132 ALT: -0.73
10:39:53.726505 ATT: [0.4, 0.1, 283]
10:39:53.727074 ACC: [-1, 4, 515]
10:39:53.772926 ALT: -0.73
10:39:53.773029 ATT: [0.4, 0.1, 283]
10:39:53.773181 ACC: [-1, 4, 515]
10:39:53.821227 ALT: -0.73
10:39:53.821423 ATT: [0.4, 0.1, 283]
10:39:53.821730 ACC: [-1, 4, 516]
10:39:53.868999 ALT: -0.73
10:39:53.869098 ATT: [0.4, 0.1, 283]
10:39:53.869317 ACC: [-1, 4, 516]
10:39:53.917270 ALT: -0.73
10:39:53.917383 ATT: [0.4, 0.1, 283]
10:39:53.917605 ACC: [-1, 4, 516]
10:39:53.965077 ALT: -0.73
10:39:53.965203 ATT: [0.4, 0.1, 283]
10:39:53.965384 ACC: [-1, 4, 516]
10:39:54.013017 ALT: -0.73
10:39:54.013125 ATT: [0.4, 0.1, 283]
10:39:54.013375 ACC: [-1, 4, 517]
10:39:54.061047 ALT: -0.73
10:39:54.061164 ATT: [0.4, 0.1, 283]
10:39:54.061494 ACC: [-1, 3, 517]
10:39:54.109027 ALT: -0.73
10:39:54.109129 ATT: [0.4, 0.1, 283]
10:39:54.109360 ACC: [-1, 3, 517]
10:39:54.157143 ALT: -0.73
10:39:54.157290 ATT: [0.4, 0.1, 283]
10:39:54.157487 ACC: [-1, 4, 517]
10:39:54.205490 ALT: -0.73
10:39:54.205843 ATT: [0.4, 0.1, 283]
10:39:54.206164 ACC: [0, 4, 516]
10:39:54.253352 ALT: -0.73
10:39:54.253539 ATT: [0.4, 0.1, 283]
10:39:54.253746 ACC: [-1, 4, 516]
10:39:54.301198 ALT: -0.73
10:39:54.301305 ATT: [0.4, 0.1, 283]
10:39:54.301465 ACC: [-1, 3, 516]
10:39:54.351267 ALT: -0.73
10:39:54.351441 ATT: [0.4, 0.1, 283]
10:39:54.351670 ACC: [-1, 4, 516]
10:39:54.399207 ALT: -0.73
10:39:54.399315 ATT: [0.4, 0.1, 283]
10:39:54.399498 ACC: [-1, 4, 516]
10:39:54.445102 ALT: -0.73
10:39:54.445216 ATT: [0.4, 0.1, 283]
10:39:54.445680 ACC: [0, 4, 515]
10:39:54.493152 ALT: -0.73
10:39:54.493264 ATT: [0.4, 0.1, 283]
10:39:54.493726 ACC: [-1, 4, 516]
10:39:54.541648 ALT: -0.73
10:39:54.541761 ATT: [0.4, 0.1, 283]
10:39:54.541914 ACC: [-1, 4, 517]
10:39:54.589135 ALT: -0.73
10:39:54.589231 ATT: [0.4, 0.1, 283]
10:39:54.589456 ACC: [-1, 4, 517]
10:39:54.637285 ALT: -0.73
10:39:54.637397 ATT: [0.4, 0.1, 283]
10:39:54.637553 ACC: [-1, 4, 517]
10:39:54.685745 ALT: -0.73
10:39:54.685845 ATT: [0.4, 0.1, 283]
10:39:54.686005 ACC: [-1, 4, 518]
10:39:54.733797 ALT: -0.73
10:39:54.734019 ATT: [0.4, 0.1, 283]
10:39:54.734322 ACC: [-1, 4, 517]
10:39:54.781253 ALT: -0.73
10:39:54.781362 ATT: [0.5, 0.1, 283]
10:39:54.781620 ACC: [-1, 4, 517]
10:39:54.829185 ALT: -0.73
10:39:54.829295 ATT: [0.5, 0.1, 283]
10:39:54.829567 ACC: [-1, 4, 517]
10:39:54.877155 ALT: -0.73
10:39:54.877254 ATT: [0.5, 0.1, 283]
10:39:54.877416 ACC: [-1, 4, 517]
10:39:54.925129 ALT: -0.73
10:39:54.925232 ATT: [0.5, 0.1, 283]
10:39:54.925522 ACC: [0, 4, 517]
10:39:54.973126 ALT: -0.73
10:39:54.973220 ATT: [0.5, 0.1, 283]
10:39:54.973520 ACC: [-1, 4, 517]
10:39:55.021193 ALT: -0.73
10:39:55.021294 ATT: [0.5, 0.1, 283]
10:39:55.021453 ACC: [-1, 4, 517]
10:39:55.070149 ALT: -0.73
10:39:55.070250 ATT: [0.5, 0.1, 283]
10:39:55.070400 ACC: [-1, 4, 516]
10:39:55.120285 ALT: -0.73
10:39:55.120409 ATT: [0.5, 0.1, 283]
10:39:55.120621 ACC: [-1, 4, 516]
10:39:55.165822 ALT: -0.73
10:39:55.165959 ATT: [0.4, 0.1, 283]
10:39:55.166228 ACC: [-1, 3, 516]
10:39:55.213469 ALT: -0.73
10:39:55.213582 ATT: [0.4, 0.1, 283]
10:39:55.213757 ACC: [-1, 4, 517]
10:39:55.277212 ALT: -0.73
10:39:55.277307 ATT: [0.4, 0.1, 283]
10:39:55.277614 ACC: [-1, 4, 517]
10:39:55.325317 ALT: -0.73
10:39:55.325558 ATT: [0.4, 0.1, 283]
10:39:55.325738 ACC: [-1, 4, 517]
10:39:55.373225 ALT: -0.73
10:39:55.373324 ATT: [0.4, 0.1, 283]
10:39:55.373641 ACC: [-1, 4, 516]
10:39:55.421654 ALT: -0.73
10:39:55.421800 ATT: [0.4, 0.1, 283]
10:39:55.422011 ACC: [-1, 4, 516]
10:39:55.470275 ALT: -0.73
10:39:55.470592 ATT: [0.4, 0.1, 283]
10:39:55.471199 ACC: [-1, 3, 516]
10:39:55.517947 ALT: -0.73
10:39:55.518175 ATT: [0.4, 0.1, 283]
10:39:55.518542 ACC: [-1, 3, 516]
10:39:55.565293 ALT: -0.73
10:39:55.565412 ATT: [0.4, 0.1, 283]
10:39:55.565773 ACC: [-1, 4, 517]
10:39:55.613302 ALT: -0.73
10:39:55.613407 ATT: [0.4, 0.1, 283]
10:39:55.613728 ACC: [-1, 4, 516]
10:39:55.661303 ALT: -0.73
10:39:55.661428 ATT: [0.4, 0.1, 283]
10:39:55.661884 ACC: [-1, 4, 516]
10:39:55.709308 ALT: -0.73
10:39:55.709435 ATT: [0.4, 0.1, 283]
10:39:55.709881 ACC: [-1, 4, 517]
10:39:55.757414 ALT: -0.73
10:39:55.757723 ATT: [0.4, 0.1, 283]
10:39:55.758573 ACC: [-1, 4, 516]
10:39:55.807980 ALT: -0.73
10:39:55.808376 ATT: [0.4, 0.1, 283]
10:39:55.808979 ACC: [-1, 4, 517]
10:39:55.853524 ALT: -0.73
10:39:55.853863 ATT: [0.4, 0.1, 283]
10:39:55.854355 ACC: [-1, 4, 516]
10:39:55.901547 ALT: -0.73
10:39:55.902250 ATT: [0.4, 0.1, 283]
10:39:55.902510 ACC: [0, 4, 516]
10:39:55.949419 ALT: -0.73
10:39:55.949565 ATT: [0.4, 0.1, 283]
10:39:55.949770 ACC: [-1, 4, 517]
10:39:55.999554 ALT: -0.73
10:39:55.999690 ATT: [0.4, 0.1, 283]
10:39:56.003799 ACC: [-1, 4, 515]
10:39:56.061245 ALT: -0.73
10:39:56.061346 ATT: [0.4, 0.1, 283]
10:39:56.061498 ACC: [-1, 4, 515]
10:39:56.109360 ALT: -0.73
10:39:56.109477 ATT: [0.4, 0.1, 283]
10:39:56.109858 ACC: [-1, 4, 517]
10:39:56.157617 ALT: -0.73
10:39:56.157958 ATT: [0.4, 0.1, 283]
10:39:56.158278 ACC: [-1, 4, 516]
10:39:56.205392 ALT: -0.73
10:39:56.205500 ATT: [0.5, 0.1, 283]
10:39:56.205736 ACC: [-1, 4, 516]
10:39:56.254034 ALT: -0.73
10:39:56.254307 ATT: [0.4, 0.1, 283]
10:39:56.254794 ACC: [0, 3, 517]
10:39:56.302637 ALT: -0.73
10:39:56.302856 ATT: [0.4, 0.1, 283]
10:39:56.303143 ACC: [-1, 4, 517]
10:39:56.349792 ALT: -0.73
10:39:56.350063 ATT: [0.5, 0.1, 283]
10:39:56.350464 ACC: [-1, 5, 516]
10:39:56.397888 ALT: -0.73
10:39:56.397992 ATT: [0.5, 0.1, 283]
10:39:56.398151 ACC: [-1, 4, 515]
10:39:56.447197 ALT: -0.73
10:39:56.447468 ATT: [0.5, 0.1, 283]
10:39:56.447836 ACC: [-1, 4, 515]
10:39:56.493976 ALT: -0.73
10:39:56.494116 ATT: [0.4, 0.1, 283]
10:39:56.494303 ACC: [-1, 4, 515]
10:39:56.541393 ALT: -0.73
10:39:56.541495 ATT: [0.5, 0.1, 283]
10:39:56.541749 ACC: [-1, 4, 516]
10:39:56.589578 ALT: -0.73
10:39:56.589680 ATT: [0.5, 0.1, 283]
10:39:56.589831 ACC: [-1, 5, 516]
10:39:56.637790 ALT: -0.73
10:39:56.638067 ATT: [0.5, 0.1, 283]
10:39:56.638732 ACC: [-1, 3, 516]
10:39:56.686097 ALT: -0.73
10:39:56.686191 ATT: [0.5, 0.1, 283]
10:39:56.686387 ACC: [-1, 4, 516]
10:39:56.733729 ALT: -0.73
10:39:56.733848 ATT: [0.5, 0.1, 283]
10:39:56.734061 ACC: [-1, 4, 516]
10:39:56.786794 ALT: -0.73
10:39:56.786934 ATT: [0.5, 0.1, 283]
10:39:56.787131 ACC: [-1, 4, 517]
10:39:56.834163 ALT: -0.73
10:39:56.834268 ATT: [0.5, 0.1, 283]
10:39:56.834428 ACC: [-1, 4, 517]
10:39:56.877346 ALT: -0.73
10:39:56.877447 ATT: [0.5, 0.1, 283]
10:39:56.877592 ACC: [-1, 4, 517]
10:39:56.925299 ALT: -0.73
10:39:56.925395 ATT: [0.5, 0.1, 283]
10:39:56.925536 ACC: [0, 4, 516]
10:39:56.973402 ALT: -0.73
10:39:56.973553 ATT: [0.5, 0.1, 283]
10:39:56.973796 ACC: [-1, 5, 517]
10:39:57.021566 ALT: -0.73
10:39:57.021710 ATT: [0.5, 0.1, 283]
10:39:57.021957 ACC: [-1, 4, 518]
10:39:57.069913 ALT: -0.73
10:39:57.070300 ATT: [0.5, 0.1, 283]
10:39:57.071018 ACC: [-1, 4, 517]
10:39:57.119169 ALT: -0.73
10:39:57.119420 ATT: [0.5, 0.1, 283]
10:39:57.119760 ACC: [-1, 4, 516]
10:39:57.166001 ALT: -0.73
10:39:57.166136 ATT: [0.5, 0.1, 283]
10:39:57.166321 ACC: [-1, 4, 517]
10:39:57.213451 ALT: -0.73
10:39:57.213586 ATT: [0.5, 0.1, 283]
10:39:57.213888 ACC: [-1, 4, 517]
10:39:57.261496 ALT: -0.73
10:39:57.261644 ATT: [0.5, 0.1, 283]
10:39:57.261946 ACC: [-1, 4, 517]
10:39:57.325555 ALT: -0.73
10:39:57.325784 ATT: [0.5, 0.1, 283]
10:39:57.326631 ACC: [-1, 4, 517]
10:39:57.373494 ALT: -0.73
10:39:57.373592 ATT: [0.5, 0.1, 283]
10:39:57.373751 ACC: [-1, 4, 517]
10:39:57.421975 ALT: -0.73
10:39:57.422069 ATT: [0.5, 0.1, 282]
10:39:57.422215 ACC: [-1, 4, 517]
10:39:57.472704 ALT: -0.73
10:39:57.472867 ATT: [0.5, 0.1, 282]
10:39:57.473041 ACC: [0, 3, 518]
10:39:57.517483 ALT: -0.73
10:39:57.517594 ATT: [0.5, 0.1, 282]
10:39:57.517753 ACC: [-1, 4, 517]
10:39:57.565500 ALT: -0.73
10:39:57.565609 ATT: [0.5, 0.1, 282]
10:39:57.565854 ACC: [-1, 4, 516]
10:39:57.613420 ALT: -0.73
10:39:57.613519 ATT: [0.5, 0.1, 282]
10:39:57.613665 ACC: [-1, 4, 516]
10:39:57.661497 ALT: -0.73
10:39:57.661592 ATT: [0.5, 0.1, 282]
10:39:57.661735 ACC: [-1, 4, 516]
10:39:57.709502 ALT: -0.73
10:39:57.709594 ATT: [0.5, 0.1, 282]
10:39:57.709735 ACC: [-1, 4, 517]
10:39:57.757372 ALT: -0.73
10:39:57.757468 ATT: [0.5, 0.1, 282]
10:39:57.757604 ACC: [0, 4, 517]
10:39:57.806005 ALT: -0.73
10:39:57.806106 ATT: [0.5, 0.1, 282]
10:39:57.806264 ACC: [-1, 4, 515]
10:39:57.853570 ALT: -0.73
10:39:57.853746 ATT: [0.5, 0.1, 282]
10:39:57.854302 ACC: [-2, 4, 516]
10:39:57.902126 ALT: -0.73
10:39:57.902266 ATT: [0.5, 0.1, 282]
10:39:57.902443 ACC: [-1, 4, 516]
10:39:57.949663 ALT: -0.73
10:39:57.949763 ATT: [0.5, 0.1, 282]
10:39:57.949948 ACC: [0, 4, 517]
10:39:57.997986 ALT: -0.73
10:39:57.998087 ATT: [0.5, 0.1, 283]
10:39:57.998238 ACC: [-1, 4, 516]
10:39:58.045537 ALT: -0.73
10:39:58.045637 ATT: [0.5, 0.1, 283]
10:39:58.045789 ACC: [-1, 4, 516]
10:39:58.093501 ALT: -0.73
10:39:58.093597 ATT: [0.5, 0.1, 283]
10:39:58.093744 ACC: [-1, 4, 516]
10:39:58.141600 ALT: -0.73
10:39:58.141695 ATT: [0.5, 0.1, 283]
10:39:58.141843 ACC: [-1, 4, 517]
10:39:58.189824 ALT: -0.73
10:39:58.190089 ATT: [0.5, 0.1, 283]
10:39:58.190296 ACC: [-1, 4, 516]
10:39:58.237785 ALT: -0.73
10:39:58.237964 ATT: [0.5, 0.1, 283]
10:39:58.238562 ACC: [-1, 5, 517]
10:39:58.286302 ALT: -0.73
10:39:58.286415 ATT: [0.5, 0.1, 283]
10:39:58.286589 ACC: [-1, 4, 518]
10:39:58.333737 ALT: -0.73
10:39:58.333837 ATT: [0.5, 0.1, 283]
10:39:58.333997 ACC: [-2, 3, 517]
10:39:58.381870 ALT: -0.73
10:39:58.382252 ATT: [0.5, 0.1, 283]
10:39:58.382467 ACC: [-1, 4, 517]
10:39:58.429625 ALT: -0.73
10:39:58.429722 ATT: [0.5, 0.1, 283]
10:39:58.429880 ACC: [0, 5, 516]
10:39:58.477575 ALT: -0.73
10:39:58.477681 ATT: [0.5, 0.1, 283]
10:39:58.477851 ACC: [-1, 4, 517]
10:39:58.525836 ALT: -0.73
10:39:58.526047 ATT: [0.5, 0.1, 283]
10:39:58.526252 ACC: [-1, 4, 517]
10:39:58.573731 ALT: -0.73
10:39:58.573839 ATT: [0.5, 0.1, 283]
10:39:58.574345 ACC: [-1, 4, 517]
10:39:58.622954 ALT: -0.73
10:39:58.623062 ATT: [0.5, 0.1, 283]
10:39:58.623240 ACC: [0, 4, 517]
10:39:58.670914 ALT: -0.73
10:39:58.671018 ATT: [0.5, 0.1, 283]
10:39:58.671214 ACC: [-1, 4, 517]
10:39:58.718004 ALT: -0.73
10:39:58.718102 ATT: [0.5, 0.1, 283]
10:39:58.718258 ACC: [-1, 3, 516]
10:39:58.769536 ALT: -0.73
10:39:58.769669 ATT: [0.5, 0.1, 283]
10:39:58.769887 ACC: [-1, 4, 516]
10:39:58.829670 ALT: -0.73
10:39:58.829769 ATT: [0.5, 0.1, 283]
10:39:58.829919 ACC: [-1, 5, 517]
10:39:58.877624 ALT: -0.73
10:39:58.877727 ATT: [0.5, 0.1, 283]
10:39:58.877888 ACC: [-1, 4, 517]
10:39:58.925698 ALT: -0.73
10:39:58.925812 ATT: [0.5, 0.1, 283]
10:39:58.925980 ACC: [-1, 3, 517]
10:39:58.974394 ALT: -0.73
10:39:58.974505 ATT: [0.5, 0.1, 283]
10:39:58.974670 ACC: [-1, 4, 518]
10:39:59.021918 ALT: -0.73
10:39:59.022168 ATT: [0.5, 0.1, 283]
10:39:59.022445 ACC: [-1, 4, 517]
10:39:59.071049 ALT: -0.73
10:39:59.071340 ATT: [0.5, 0.1, 283]
10:39:59.071524 ACC: [-1, 3, 518]
10:39:59.118822 ALT: -0.73
10:39:59.119269 ATT: [0.5, 0.1, 283]
10:39:59.119518 ACC: [-1, 4, 517]
10:39:59.165992 ALT: -0.73
10:39:59.166245 ATT: [0.5, 0.1, 283]
10:39:59.166438 ACC: [-1, 5, 516]
10:39:59.214531 ALT: -0.73
10:39:59.214660 ATT: [0.5, 0.1, 283]
10:39:59.214833 ACC: [-1, 4, 517]
10:39:59.261788 ALT: -0.73
10:39:59.261884 ATT: [0.4, 0.1, 283]
10:39:59.262033 ACC: [-1, 4, 517]
10:39:59.309796 ALT: -0.73
10:39:59.309936 ATT: [0.4, 0.1, 283]
10:39:59.310090 ACC: [-1, 4, 517]
10:39:59.357751 ALT: -0.73
10:39:59.357889 ATT: [0.4, 0.1, 283]
10:39:59.358095 ACC: [-1, 4, 517]
10:39:59.422930 ALT: -0.73
10:39:59.423029 ATT: [0.4, 0.1, 283]
10:39:59.423173 ACC: [-1, 3, 517]
10:39:59.473428 ALT: -0.73
10:39:59.473588 ATT: [0.4, 0.1, 283]
10:39:59.473769 ACC: [-1, 4, 517]
10:39:59.519880 ALT: -0.73
10:39:59.519991 ATT: [0.4, 0.1, 283]
10:39:59.520155 ACC: [-1, 4, 517]
10:39:59.566016 ALT: -0.73
10:39:59.566232 ATT: [0.4, 0.1, 283]
10:39:59.566573 ACC: [-1, 4, 517]
10:39:59.614020 ALT: -0.73
10:39:59.614234 ATT: [0.4, 0.1, 283]
10:39:59.614811 ACC: [-1, 4, 517]
10:39:59.661782 ALT: -0.73
10:39:59.661875 ATT: [0.4, 0.1, 283]
10:39:59.662017 ACC: [-1, 4, 516]
10:39:59.709844 ALT: -0.73
10:39:59.709939 ATT: [0.4, 0.1, 283]
10:39:59.710140 ACC: [0, 4, 517]
10:39:59.758010 ALT: -0.73
10:39:59.758331 ATT: [0.5, 0.1, 283]
10:39:59.758597 ACC: [-1, 4, 517]
10:39:59.806061 ALT: -0.73
10:39:59.806161 ATT: [0.4, 0.1, 283]
10:39:59.806305 ACC: [0, 4, 516]
10:39:59.853964 ALT: -0.73
10:39:59.854072 ATT: [0.5, 0.1, 283]
10:39:59.854413 ACC: [-1, 4, 517]
10:39:59.902966 ALT: -0.73
10:39:59.903068 ATT: [0.5, 0.1, 283]
10:39:59.903252 ACC: [-1, 4, 517]
10:39:59.950064 ALT: -0.73
10:39:59.950253 ATT: [0.5, 0.1, 283]
10:39:59.950534 ACC: [-1, 4, 516]
10:39:59.998071 ALT: -0.73
10:39:59.998178 ATT: [0.5, 0.1, 283]
10:39:59.998336 ACC: [-1, 4, 517]
10:40:00.045892 ALT: -0.73
10:40:00.045989 ATT: [0.5, 0.1, 283]
10:40:00.046138 ACC: [-1, 4, 515]
10:40:00.093848 ALT: -0.73
10:40:00.093943 ATT: [0.5, 0.1, 283]
10:40:00.094088 ACC: [-1, 4, 516]
10:40:00.142990 ALT: -0.73
10:40:00.143144 ATT: [0.5, 0.1, 283]
10:40:00.143384 ACC: [0, 4, 516]
10:40:00.189986 ALT: -0.73
10:40:00.190138 ATT: [0.5, 0.1, 283]
10:40:00.190309 ACC: [-1, 4, 516]
10:40:00.238215 ALT: -0.73
10:40:00.239843 ATT: [0.5, 0.1, 283]
10:40:00.240084 ACC: [-1, 4, 515]
10:40:00.286584 ALT: -0.73
10:40:00.286700 ATT: [0.5, 0.1, 283]
10:40:00.286883 ACC: [-1, 5, 516]
10:40:00.333974 ALT: -0.73
10:40:00.334085 ATT: [0.5, 0.1, 283]
10:40:00.334325 ACC: [-1, 4, 516]
10:40:00.382903 ALT: -0.73
10:40:00.383014 ATT: [0.5, 0.1, 283]
10:40:00.383183 ACC: [-1, 4, 515]
10:40:00.430024 ALT: -0.73
10:40:00.430130 ATT: [0.5, 0.1, 283]
10:40:00.430429 ACC: [-1, 4, 515]
10:40:00.477995 ALT: -0.73
10:40:00.478094 ATT: [0.5, 0.1, 282]
10:40:00.478365 ACC: [-1, 4, 516]
10:40:00.525963 ALT: -0.73
10:40:00.526061 ATT: [0.5, 0.1, 282]
10:40:00.526320 ACC: [-1, 4, 516]
10:40:00.574099 ALT: -0.73
10:40:00.574399 ATT: [0.5, 0.1, 282]
10:40:00.574794 ACC: [-1, 4, 516]
10:40:00.623436 ALT: -0.73
10:40:00.623850 ATT: [0.5, 0.1, 282]
10:40:00.624222 ACC: [-1, 4, 516]
10:40:00.670916 ALT: -0.73
10:40:00.671020 ATT: [0.5, 0.1, 282]
10:40:00.671713 ACC: [-1, 4, 516]
10:40:00.718725 ALT: -0.73
10:40:00.718836 ATT: [0.5, 0.1, 282]
10:40:00.719023 ACC: [-1, 4, 517]
10:40:00.766224 ALT: -0.73
10:40:00.766605 ATT: [0.5, 0.1, 282]
10:40:00.766800 ACC: [-1, 4, 515]
10:40:00.814244 ALT: -0.73
10:40:00.814673 ATT: [0.5, 0.1, 282]
10:40:00.814874 ACC: [0, 4, 516]
10:40:00.862015 ALT: -0.73
10:40:00.862119 ATT: [0.5, 0.1, 282]
10:40:00.862387 ACC: [-1, 4, 517]
10:40:00.910085 ALT: -0.73
10:40:00.910183 ATT: [0.5, 0.1, 282]
10:40:00.910452 ACC: [-2, 4, 516]
10:40:00.958498 ALT: -0.73
10:40:00.959119 ATT: [0.5, 0.1, 282]
10:40:00.959314 ACC: [0, 4, 516]
10:40:01.007311 ALT: -0.73
10:40:01.007415 ATT: [0.5, 0.1, 282]
10:40:01.007594 ACC: [-1, 4, 515]
10:40:01.054957 ALT: -0.73
10:40:01.055054 ATT: [0.5, 0.1, 282]
10:40:01.055200 ACC: [-1, 4, 515]
10:40:01.103041 ALT: -0.73
10:40:01.103153 ATT: [0.5, 0.1, 282]
10:40:01.103338 ACC: [0, 4, 515]
10:40:01.151068 ALT: -0.73
10:40:01.151385 ATT: [0.5, 0.1, 282]
10:40:01.152121 ACC: [-1, 3, 517]
10:40:01.199580 ALT: -0.73
10:40:01.199728 ATT: [0.5, 0.1, 282]
10:40:01.200021 ACC: [-1, 4, 517]
10:40:01.246061 ALT: -0.79
10:40:01.246163 ATT: [0.5, 0.1, 282]
10:40:01.246316 ACC: [-1, 5, 517]
10:40:01.294936 ALT: -0.8
10:40:01.295056 ATT: [0.5, 0.1, 282]
10:40:01.295260 ACC: [-154, 1279, 1024]
10:40:01.342041 ALT: -0.81
10:40:01.342147 ATT: [0.5, 0.1, 282]
10:40:01.342312 ACC: [-1, 4, 516]
10:40:01.390115 ALT: -0.81
10:40:01.393755 ATT: [0.5, 0.1, 282]
10:40:01.393943 ACC: [-1, 4, 517]
10:40:01.438288 ALT: -0.81
10:40:01.438390 ATT: [0.5, 0.1, 282]
10:40:01.438612 ACC: [-1, 5, 516]
10:40:01.504377 ALT: -0.81
10:40:01.504479 ATT: [0.5, 0.1, 282]
10:40:01.504737 ACC: [-1, 4, 516]
10:40:01.550220 ALT: -0.81
10:40:01.550530 ATT: [0.5, 0.1, 282]
10:40:01.550737 ACC: [-1, 4, 516]
10:40:01.598224 ALT: -0.81
10:40:01.598477 ATT: [0.5, 0.1, 282]
10:40:01.598703 ACC: [-1, 4, 516]
10:40:01.646231 ALT: -0.81
10:40:01.646418 ATT: [0.5, 0.1, 282]
10:40:01.646628 ACC: [-1, 4, 517]
10:40:01.694289 ALT: -0.81
10:40:01.694466 ATT: [0.5, 0.1, 282]
10:40:01.694751 ACC: [-1, 4, 516]
10:40:01.749115 ALT: -0.81
10:40:01.749304 ATT: [0.5, 0.1, 282]
10:40:01.749578 ACC: [-1, 4, 516]
10:40:01.793640 ALT: -0.81
10:40:01.793861 ATT: [0.5, 0.1, 282]
10:40:01.794101 ACC: [0, 5, 516]
10:40:01.854912 ALT: -0.81
10:40:01.855016 ATT: [0.5, 0.1, 282]
10:40:01.855194 ACC: [-1, 4, 516]
10:40:01.905859 ALT: -0.81
10:40:01.905963 ATT: [0.5, 0.1, 282]
10:40:01.906117 ACC: [-1, 4, 516]
10:40:01.950264 ALT: -0.76
10:40:01.950388 ATT: [0.5, 0.1, 282]
10:40:01.950576 ACC: [-1, 5, 516]
10:40:02.000328 ALT: -0.75
10:40:02.000450 ATT: [0.5, 0.1, 282]
10:40:02.000643 ACC: [-1, 4, 516]
10:40:02.048705 ALT: -0.75
10:40:02.051343 ATT: [0.5, 0.1, 282]
10:40:02.053570 ACC: [-1, 4, 516]
10:40:02.100601 ALT: -0.75
10:40:02.100721 ATT: [0.5, 0.1, 282]
10:40:02.100960 ACC: [0, 4, 516]
10:40:02.146420 ALT: -0.75
10:40:02.146601 ATT: [0.5, 0.1, 282]
10:40:02.146852 ACC: [-1, 5, 516]
10:40:02.196541 ALT: -0.75
10:40:02.196918 ATT: [0.5, 0.1, 282]
10:40:02.197474 ACC: [-1, 4, 517]
10:40:02.256202 ALT: -0.75
10:40:02.256362 ATT: [0.5, 0.1, 282]
10:40:02.256638 ACC: [-1, 5, 517]
10:40:02.302288 ALT: -0.75
10:40:02.302396 ATT: [0.5, 0.1, 282]
10:40:02.302663 ACC: [0, 4, 516]
10:40:02.350785 ALT: -0.75
10:40:02.350900 ATT: [0.5, 0.1, 282]
10:40:02.351074 ACC: [-1, 4, 516]
10:40:02.398181 ALT: -0.75
10:40:02.398278 ATT: [0.5, 0.1, 282]
10:40:02.398483 ACC: [-1, 4, 517]
10:40:02.446335 ALT: -0.75
10:40:02.446476 ATT: [0.5, 0.1, 283]
10:40:02.446784 ACC: [-1, 4, 517]
10:40:02.494257 ALT: -0.75
10:40:02.494364 ATT: [0.5, 0.1, 283]
10:40:02.494629 ACC: [-1, 4, 517]
10:40:02.543017 ALT: -0.75
10:40:02.543131 ATT: [0.5, 0.1, 283]
10:40:02.543298 ACC: [-1, 4, 517]
10:40:02.590636 ALT: -0.75
10:40:02.590853 ATT: [0.5, 0.1, 283]
10:40:02.591336 ACC: [-1, 4, 517]
10:40:02.638227 ALT: -0.75
10:40:02.638365 ATT: [0.5, 0.1, 283]
10:40:02.638642 ACC: [-1, 4, 517]
10:40:02.687108 ALT: -0.75
10:40:02.687243 ATT: [0.5, 0.1, 283]
10:40:02.687470 ACC: [-1, 3, 517]
10:40:02.734374 ALT: -0.75
10:40:02.734483 ATT: [0.5, 0.1, 283]
10:40:02.734683 ACC: [-1, 4, 517]
10:40:02.782334 ALT: -0.75
10:40:02.782454 ATT: [0.5, 0.1, 283]
10:40:02.782671 ACC: [-1, 5, 517]
10:40:02.830363 ALT: -0.75
10:40:02.830464 ATT: [0.5, 0.1, 283]
10:40:02.830673 ACC: [-1, 4, 517]
10:40:02.878224 ALT: -0.75
10:40:02.878328 ATT: [0.5, 0.1, 283]
10:40:02.878521 ACC: [-1, 3, 518]
10:40:02.926280 ALT: -0.75
10:40:02.926375 ATT: [0.5, 0.1, 283]
10:40:02.926520 ACC: [-1, 4, 517]
10:40:02.976361 ALT: -0.75
10:40:02.976559 ATT: [0.5, 0.1, 283]
10:40:02.977307 ACC: [-1, 4, 517]
10:40:03.022328 ALT: -0.75
10:40:03.022484 ATT: [0.5, 0.1, 283]
10:40:03.022774 ACC: [-1, 4, 517]
10:40:03.070513 ALT: -0.75
10:40:03.070717 ATT: [0.5, 0.1, 283]
10:40:03.070968 ACC: [-1, 4, 517]
10:40:03.120192 ALT: -0.75
10:40:03.120293 ATT: [0.5, 0.1, 283]
10:40:03.121048 ACC: [-1, 4, 516]
10:40:03.166427 ALT: -0.75
10:40:03.166561 ATT: [0.5, 0.1, 283]
10:40:03.166853 ACC: [-1, 4, 517]
10:40:03.214392 ALT: -0.75
10:40:03.214495 ATT: [0.5, 0.1, 283]
10:40:03.214662 ACC: [0, 4, 516]
10:40:03.262552 ALT: -0.75
10:40:03.262663 ATT: [0.5, 0.1, 283]
10:40:03.262832 ACC: [-1, 4, 517]
10:40:03.311216 ALT: -0.75
10:40:03.311334 ATT: [0.5, 0.1, 283]
10:40:03.311518 ACC: [-1, 3, 517]
10:40:03.361356 ALT: -0.75
10:40:03.361534 ATT: [0.5, 0.1, 283]
10:40:03.361759 ACC: [-1, 4, 518]
10:40:03.409267 ALT: -0.75
10:40:03.409532 ATT: [0.5, 0.1, 283]
10:40:03.409928 ACC: [-1, 4, 518]
10:40:03.454668 ALT: -0.75
10:40:03.454856 ATT: [0.5, 0.1, 283]
10:40:03.455457 ACC: [-1, 4, 517]
10:40:03.503074 ALT: -0.75
10:40:03.503383 ATT: [0.5, 0.1, 283]
10:40:03.503688 ACC: [-1, 4, 517]
10:40:03.566510 ALT: -0.75
10:40:03.566719 ATT: [0.5, 0.1, 283]
10:40:03.566924 ACC: [-1, 4, 516]
10:40:03.617735 ALT: -0.75
10:40:03.617839 ATT: [0.5, 0.1, 283]
10:40:03.618019 ACC: [-1, 4, 516]
10:40:03.664107 ALT: -0.75
10:40:03.664215 ATT: [0.5, 0.1, 283]
10:40:03.664377 ACC: [-1, 4, 516]
10:40:03.711647 ALT: -0.75
10:40:03.711841 ATT: [0.5, 0.1, 283]
10:40:03.712103 ACC: [-1, 5, 516]
10:40:03.758528 ALT: -0.75
10:40:03.758682 ATT: [0.5, 0.1, 283]
10:40:03.758988 ACC: [-1, 4, 516]
10:40:03.808895 ALT: -0.75
10:40:03.809013 ATT: [0.5, 0.1, 283]
10:40:03.809208 ACC: [-1, 4, 518]
10:40:03.857551 ALT: -0.75
10:40:03.857660 ATT: [0.5, 0.1, 283]
10:40:03.857821 ACC: [-1, 4, 517]
10:40:03.903847 ALT: -0.75
10:40:03.904136 ATT: [0.5, 0.1, 283]
10:40:03.904673 ACC: [-1, 4, 517]
10:40:03.950760 ALT: -0.75
10:40:03.950907 ATT: [0.5, 0.1, 283]
10:40:03.951258 ACC: [-1, 4, 516]
10:40:04.015341 ALT: -0.75
10:40:04.015792 ATT: [0.5, 0.1, 283]
10:40:04.016099 ACC: [0, 4, 516]
10:40:04.062442 ALT: -0.75
10:40:04.062544 ATT: [0.5, 0.1, 283]
10:40:04.062780 ACC: [-1, 5, 517]
10:40:04.118501 ALT: -0.75
10:40:04.118606 ATT: [0.5, 0.1, 283]
10:40:04.118911 ACC: [-1, 4, 518]
10:40:04.161182 ALT: -0.75
10:40:04.161301 ATT: [0.5, 0.1, 283]
10:40:04.161451 ACC: [-1, 4, 517]
10:40:04.206446 ALT: -0.8
10:40:04.206539 ATT: [0.5, 0.1, 283]
10:40:04.206693 ACC: [-154, 1279, 1280]
10:40:04.254884 ALT: -0.81
10:40:04.255057 ATT: [0.5, 0.1, 283]
10:40:04.255339 ACC: [-1, 4, 517]
10:40:04.303863 ALT: -0.81
10:40:04.303990 ATT: [0.5, 0.1, 283]
10:40:04.304165 ACC: [-1, 4, 516]
10:40:04.350920 ALT: -0.81
10:40:04.351099 ATT: [0.5, 0.1, 283]
10:40:04.351277 ACC: [-1, 4, 517]
10:40:04.400319 ALT: -0.81
10:40:04.400439 ATT: [0.5, 0.1, 283]
10:40:04.400649 ACC: [-1, 4, 518]
10:40:04.446550 ALT: -0.81
10:40:04.446651 ATT: [0.5, 0.1, 283]
10:40:04.446868 ACC: [-1, 4, 517]
10:40:04.494949 ALT: -0.81
10:40:04.495057 ATT: [0.5, 0.1, 283]
10:40:04.495260 ACC: [-1, 4, 517]
10:40:04.543296 ALT: -0.81
10:40:04.543502 ATT: [0.5, 0.1, 283]
10:40:04.543879 ACC: [-1, 4, 517]
10:40:04.590436 ALT: -0.81
10:40:04.590534 ATT: [0.5, 0.1, 283]
10:40:04.590688 ACC: [0, 4, 517]
10:40:04.638631 ALT: -0.81
10:40:04.638733 ATT: [0.5, 0.1, 283]
10:40:04.639042 ACC: [-1, 4, 516]
10:40:04.687979 ALT: -0.81
10:40:04.688070 ATT: [0.5, 0.1, 283]
10:40:04.688245 ACC: [-1, 4, 516]
10:40:04.734528 ALT: -0.81
10:40:04.734631 ATT: [0.5, 0.1, 283]
10:40:04.734851 ACC: [-1, 4, 516]
10:40:04.782591 ALT: -0.81
10:40:04.782690 ATT: [0.5, 0.1, 283]
10:40:04.782924 ACC: [-1, 4, 517]
10:40:04.830916 ALT: -0.81
10:40:04.831079 ATT: [0.5, 0.1, 283]
10:40:04.831314 ACC: [-1, 4, 517]
10:40:04.878772 ALT: -0.81
10:40:04.878941 ATT: [0.5, 0.1, 283]
10:40:04.879106 ACC: [-1, 4, 517]
10:40:04.928301 ALT: -0.81
10:40:04.928421 ATT: [0.5, 0.1, 283]
10:40:04.928632 ACC: [-1, 4, 516]
10:40:04.976898 ALT: -0.81
10:40:04.977108 ATT: [0.5, 0.1, 283]
10:40:04.977440 ACC: [0, 4, 517]
10:40:05.023466 ALT: -0.81
10:40:05.023631 ATT: [0.5, 0.1, 283]
10:40:05.023842 ACC: [-1, 4, 516]
10:40:05.070759 ALT: -0.81
10:40:05.070882 ATT: [0.5, 0.1, 283]
10:40:05.071080 ACC: [-1, 4, 517]
10:40:05.118765 ALT: -0.81
10:40:05.119038 ATT: [0.5, 0.1, 283]
10:40:05.119255 ACC: [-1, 4, 517]
10:40:05.166695 ALT: -0.81
10:40:05.166806 ATT: [0.5, 0.1, 283]
10:40:05.167189 ACC: [-1, 4, 517]
10:40:05.214753 ALT: -0.81
10:40:05.215026 ATT: [0.5, 0.1, 283]
10:40:05.215230 ACC: [-1, 4, 517]
10:40:05.262636 ALT: -0.81
10:40:05.262735 ATT: [0.5, 0.1, 283]
10:40:05.263228 ACC: [-1, 4, 516]
10:40:05.312404 ALT: -0.81
10:40:05.312519 ATT: [0.5, 0.1, 283]
10:40:05.312716 ACC: [-1, 4, 516]
10:40:05.359034 ALT: -0.81
10:40:05.359321 ATT: [0.5, 0.1, 283]
10:40:05.359541 ACC: [-1, 4, 516]
10:40:05.407134 ALT: -0.81
10:40:05.407234 ATT: [0.5, 0.1, 283]
10:40:05.407406 ACC: [-1, 4, 517]
10:40:05.455894 ALT: -0.81
10:40:05.456335 ATT: [0.5, 0.1, 283]
10:40:05.456536 ACC: [-1, 4, 516]
10:40:05.504219 ALT: -0.81
10:40:05.504325 ATT: [0.5, 0.1, 283]
10:40:05.504497 ACC: [-1, 4, 516]
10:40:05.550745 ALT: -0.81
10:40:05.550846 ATT: [0.5, 0.1, 283]
10:40:05.551023 ACC: [-1, 4, 517]
10:40:05.598769 ALT: -0.81
10:40:05.599029 ATT: [0.5, 0.1, 283]
10:40:05.599225 ACC: [-1, 4, 517]
10:40:05.662705 ALT: -0.81
10:40:05.662805 ATT: [0.5, 0.1, 283]
10:40:05.663297 ACC: [-1, 4, 517]
10:40:05.712391 ALT: -0.81
10:40:05.712499 ATT: [0.5, 0.1, 283]
10:40:05.712699 ACC: [-1, 4, 517]
10:40:05.759502 ALT: -0.81
10:40:05.759646 ATT: [0.5, 0.1, 283]
10:40:05.759862 ACC: [-1, 4, 517]
10:40:05.806729 ALT: -0.81
10:40:05.806841 ATT: [0.5, 0.1, 283]
10:40:05.807121 ACC: [-1, 4, 517]
10:40:05.858112 ALT: -0.81
10:40:05.858316 ATT: [0.5, 0.1, 283]
10:40:05.858569 ACC: [-1, 3, 517]
10:40:05.903006 ALT: -0.81
10:40:05.903124 ATT: [0.5, 0.1, 283]
10:40:05.903792 ACC: [-1, 4, 516]
10:40:05.951389 ALT: -0.81
10:40:05.951498 ATT: [0.5, 0.1, 283]
10:40:05.951681 ACC: [0, 4, 516]
10:40:05.998843 ALT: -0.81
10:40:05.999443 ATT: [0.5, 0.1, 283]
10:40:06.000246 ACC: [-1, 4, 516]
10:40:06.046893 ALT: -0.81
10:40:06.047152 ATT: [0.5, 0.1, 283]
10:40:06.047366 ACC: [-1, 4, 517]
10:40:06.097172 ALT: -0.81
10:40:06.097303 ATT: [0.5, 0.1, 283]
10:40:06.097498 ACC: [-1, 4, 517]
10:40:06.146430 ALT: -0.81
10:40:06.146544 ATT: [0.5, 0.1, 283]
10:40:06.146725 ACC: [-1, 4, 517]
10:40:06.191171 ALT: -0.81
10:40:06.191271 ATT: [0.5, 0.1, 283]
10:40:06.191446 ACC: [-1, 4, 517]
10:40:06.238790 ALT: -0.81
10:40:06.238935 ATT: [0.5, 0.1, 283]
10:40:06.239257 ACC: [-1, 4, 517]
10:40:06.288717 ALT: -0.81
10:40:06.288860 ATT: [0.5, 0.1, 283]
10:40:06.289023 ACC: [-1, 4, 516]
10:40:06.335330 ALT: -0.81
10:40:06.337400 ATT: [0.5, 0.1, 283]
10:40:06.337676 ACC: [-1, 5, 517]
10:40:06.382907 ALT: -0.81
10:40:06.383168 ATT: [0.5, 0.1, 283]
10:40:06.383390 ACC: [-1, 4, 517]
10:40:06.431244 ALT: -0.81
10:40:06.431386 ATT: [0.5, 0.1, 283]
10:40:06.431592 ACC: [0, 4, 517]
10:40:06.481614 ALT: -0.81
10:40:06.481774 ATT: [0.5, 0.1, 283]
10:40:06.482051 ACC: [0, 5, 517]
10:40:06.526918 ALT: -0.81
10:40:06.527232 ATT: [0.5, 0.1, 283]
10:40:06.527478 ACC: [-1, 4, 517]
10:40:06.574863 ALT: -0.81
10:40:06.574962 ATT: [0.5, 0.1, 283]
10:40:06.575269 ACC: [-1, 4, 517]
10:40:06.625157 ALT: -0.81
10:40:06.625381 ATT: [0.5, 0.1, 283]
10:40:06.625856 ACC: [0, 4, 516]
10:40:06.671347 ALT: -0.81
10:40:06.671573 ATT: [0.5, 0.1, 283]
10:40:06.671974 ACC: [0, 4, 516]
10:40:06.720115 ALT: -0.81
10:40:06.720269 ATT: [0.5, 0.1, 283]
10:40:06.720599 ACC: [-1, 4, 516]
10:40:06.766909 ALT: -0.81
10:40:06.767014 ATT: [0.5, 0.1, 283]
10:40:06.767352 ACC: [-1, 4, 516]
10:40:06.814927 ALT: -0.81
10:40:06.815036 ATT: [0.5, 0.1, 283]
10:40:06.815385 ACC: [-1, 4, 516]
10:40:06.865940 ALT: -0.81
10:40:06.866079 ATT: [0.5, 0.1, 283]
10:40:06.866320 ACC: [-1, 4, 517]
10:40:06.912395 ALT: -0.81
10:40:06.912634 ATT: [0.5, 0.1, 283]
10:40:06.913021 ACC: [-1, 3, 517]
10:40:06.958909 ALT: -0.81
10:40:06.959018 ATT: [0.5, 0.1, 283]
10:40:06.959208 ACC: [-2, 3, 517]
10:40:07.006947 ALT: -0.81
10:40:07.007048 ATT: [0.4, 0.1, 283]
10:40:07.007255 ACC: [-1, 4, 517]
10:40:07.055476 ALT: -0.81
10:40:07.055688 ATT: [0.5, 0.1, 283]
10:40:07.056120 ACC: [-1, 4, 517]
10:40:07.104456 ALT: -0.81
10:40:07.104754 ATT: [0.5, 0.1, 283]
10:40:07.105833 ACC: [-1, 4, 517]
10:40:07.151135 ALT: -0.81
10:40:07.151291 ATT: [0.5, 0.1, 283]
10:40:07.151550 ACC: [-1, 4, 517]
10:40:07.198883 ALT: -0.81
10:40:07.198999 ATT: [0.5, 0.1, 283]
10:40:07.199181 ACC: [-1, 4, 517]
10:40:07.247205 ALT: -0.81
10:40:07.247326 ATT: [0.5, 0.1, 283]
10:40:07.247519 ACC: [-1, 4, 517]
10:40:07.296527 ALT: -0.81
10:40:07.296629 ATT: [0.5, 0.1, 283]
10:40:07.296829 ACC: [-1, 4, 516]
10:40:07.342986 ALT: -0.81
10:40:07.343085 ATT: [0.5, 0.1, 283]
10:40:07.343260 ACC: [-1, 4, 516]
10:40:07.390877 ALT: -0.81
10:40:07.390971 ATT: [0.5, 0.1, 283]
10:40:07.391119 ACC: [-1, 4, 517]
10:40:07.438981 ALT: -0.81
10:40:07.439083 ATT: [0.5, 0.1, 283]
10:40:07.439265 ACC: [0, 4, 517]
10:40:07.487274 ALT: -0.81
10:40:07.487387 ATT: [0.5, 0.1, 283]
10:40:07.487579 ACC: [-1, 4, 517]
10:40:07.535061 ALT: -0.81
10:40:07.535196 ATT: [0.5, 0.1, 283]
10:40:07.535452 ACC: [-1, 4, 516]
10:40:07.584937 ALT: -0.81
10:40:07.585222 ATT: [0.5, 0.1, 283]
10:40:07.585453 ACC: [-1, 4, 517]
10:40:07.631021 ALT: -0.81
10:40:07.631135 ATT: [0.5, 0.1, 282]
10:40:07.631309 ACC: [-1, 4, 517]
10:40:07.679899 ALT: -0.81
10:40:07.680136 ATT: [0.5, 0.1, 282]
10:40:07.680556 ACC: [-1, 4, 517]
10:40:07.743304 ALT: -0.81
10:40:07.743577 ATT: [0.5, 0.1, 282]
10:40:07.743990 ACC: [-1, 4, 517]
10:40:07.792582 ALT: -0.81
10:40:07.793142 ATT: [0.5, 0.1, 282]
10:40:07.794036 ACC: [-1, 4, 517]
10:40:07.839107 ALT: -0.81
10:40:07.839213 ATT: [0.5, 0.1, 282]
10:40:07.839392 ACC: [-1, 4, 517]
10:40:07.887149 ALT: -0.81
10:40:07.887277 ATT: [0.5, 0.1, 282]
10:40:07.887512 ACC: [-1, 4, 517]
10:40:07.935181 ALT: -0.81
10:40:07.935312 ATT: [0.5, 0.1, 282]
10:40:07.935556 ACC: [-1, 4, 517]
10:40:07.983115 ALT: -0.81
10:40:07.983219 ATT: [0.5, 0.1, 282]
10:40:07.983546 ACC: [0, 3, 517]
10:40:08.031356 ALT: -0.81
10:40:08.031527 ATT: [0.5, 0.1, 282]
10:40:08.031776 ACC: [-1, 4, 517]
10:40:08.079104 ALT: -0.81
10:40:08.079217 ATT: [0.5, 0.1, 282]
10:40:08.079426 ACC: [-1, 4, 517]
10:40:08.127036 ALT: -0.81
10:40:08.127142 ATT: [0.5, 0.1, 282]
10:40:08.127304 ACC: [-1, 4, 516]
10:40:08.175173 ALT: -0.81
10:40:08.175300 ATT: [0.5, 0.1, 282]
10:40:08.175530 ACC: [-1, 3, 517]
10:40:08.223209 ALT: -0.81
10:40:08.223334 ATT: [0.5, 0.1, 282]
10:40:08.223545 ACC: [-1, 4, 517]
10:40:08.273606 ALT: -0.81
10:40:08.273725 ATT: [0.5, 0.1, 282]
10:40:08.273900 ACC: [-1, 4, 516]
10:40:08.319136 ALT: -0.81
10:40:08.319242 ATT: [0.5, 0.1, 282]
10:40:08.319565 ACC: [-1, 4, 516]
10:40:08.367191 ALT: -0.81
10:40:08.367306 ATT: [0.5, 0.1, 282]
10:40:08.367535 ACC: [-1, 4, 516]
10:40:08.416170 ALT: -0.81
10:40:08.416270 ATT: [0.5, 0.1, 282]
10:40:08.416477 ACC: [-1, 4, 516]
10:40:08.463805 ALT: -0.81
10:40:08.464225 ATT: [0.5, 0.1, 282]
10:40:08.464600 ACC: [0, 5, 516]
10:40:08.511130 ALT: -0.81
10:40:08.511229 ATT: [0.5, 0.1, 282]
10:40:08.511407 ACC: [-1, 4, 516]
10:40:08.559215 ALT: -0.81
10:40:08.559469 ATT: [0.5, 0.1, 282]
10:40:08.559691 ACC: [-1, 4, 516]
10:40:08.607133 ALT: -0.81
10:40:08.607231 ATT: [0.5, 0.1, 282]
10:40:08.607595 ACC: [-1, 5, 516]
10:40:08.655138 ALT: -0.81
10:40:08.655240 ATT: [0.5, 0.1, 282]
10:40:08.655558 ACC: [-1, 4, 516]
10:40:08.703224 ALT: -0.81
10:40:08.703365 ATT: [0.5, 0.1, 282]
10:40:08.703600 ACC: [-1, 3, 517]
10:40:08.751316 ALT: -0.81
10:40:08.751440 ATT: [0.5, 0.1, 282]
10:40:08.751664 ACC: [-1, 4, 517]
10:40:08.799625 ALT: -0.81
10:40:08.799736 ATT: [0.5, 0.1, 282]
10:40:08.799955 ACC: [-1, 4, 516]
10:40:08.854419 ALT: -0.81
10:40:08.854563 ATT: [0.5, 0.1, 282]
10:40:08.854813 ACC: [-1, 4, 517]
10:40:08.911464 ALT: -0.81
10:40:08.911660 ATT: [0.5, 0.1, 282]
10:40:08.911862 ACC: [-1, 4, 517]
10:40:08.963631 ALT: -0.81
10:40:08.963768 ATT: [0.5, 0.1, 282]
10:40:08.963991 ACC: [-2, 4, 517]
10:40:09.007554 ALT: -0.81
10:40:09.007679 ATT: [0.5, 0.1, 282]
10:40:09.007900 ACC: [-1, 4, 517]
10:40:09.055206 ALT: -0.81
10:40:09.055301 ATT: [0.5, 0.1, 282]
10:40:09.055445 ACC: [-1, 4, 516]
10:40:09.103377 ALT: -0.81
10:40:09.103504 ATT: [0.5, 0.1, 282]
10:40:09.103728 ACC: [-1, 4, 516]
10:40:09.151814 ALT: -0.81
10:40:09.151997 ATT: [0.5, 0.1, 282]
10:40:09.152564 ACC: [-1, 4, 517]
10:40:09.206362 ALT: -0.81
10:40:09.206461 ATT: [0.5, 0.1, 282]
10:40:09.206616 ACC: [-1, 4, 516]
10:40:09.247285 ALT: -0.81
10:40:09.247395 ATT: [0.5, 0.1, 282]
10:40:09.247673 ACC: [0, 3, 517]
10:40:09.295154 ALT: -0.81
10:40:09.295241 ATT: [0.5, 0.1, 282]
10:40:09.295400 ACC: [-1, 4, 517]
10:40:09.343180 ALT: -0.81
10:40:09.343277 ATT: [0.5, 0.1, 282]
10:40:09.343458 ACC: [-1, 4, 516]
10:40:09.391177 ALT: -0.81
10:40:09.391269 ATT: [0.5, 0.1, 282]
10:40:09.391423 ACC: [-1, 4, 516]
10:40:09.439216 ALT: -0.81
10:40:09.439310 ATT: [0.5, 0.1, 282]
10:40:09.439447 ACC: [-1, 4, 516]
10:40:09.487413 ALT: -0.81
10:40:09.487518 ATT: [0.5, 0.1, 282]
10:40:09.487676 ACC: [-1, 4, 516]
10:40:09.535422 ALT: -0.81
10:40:09.535651 ATT: [0.5, 0.1, 282]
10:40:09.535901 ACC: [0, 4, 516]
10:40:09.584156 ALT: -0.81
10:40:09.584315 ATT: [0.5, 0.1, 282]
10:40:09.584568 ACC: [-1, 4, 517]
10:40:09.631187 ALT: -0.81
10:40:09.631297 ATT: [0.5, 0.1, 282]
10:40:09.631460 ACC: [-1, 4, 517]
10:40:09.679210 ALT: -0.81
10:40:09.679305 ATT: [0.5, 0.1, 282]
10:40:09.679442 ACC: [0, 4, 517]
10:40:09.727311 ALT: -0.81
10:40:09.727423 ATT: [0.5, 0.1, 282]
10:40:09.727576 ACC: [-1, 4, 517]
10:40:09.791989 ALT: -0.81
10:40:09.792190 ATT: [0.5, 0.1, 282]
10:40:09.792502 ACC: [-1, 4, 517]
10:40:09.839312 ALT: -0.81
10:40:09.839416 ATT: [0.5, 0.1, 282]
10:40:09.839599 ACC: [-1, 4, 517]
10:40:09.887589 ALT: -0.81
10:40:09.887785 ATT: [0.5, 0.1, 282]
10:40:09.888023 ACC: [-1, 4, 517]
10:40:09.935343 ALT: -0.81
10:40:09.935490 ATT: [0.5, 0.1, 282]
10:40:09.935870 ACC: [-1, 4, 517]
10:40:09.984102 ALT: -0.81
10:40:09.984351 ATT: [0.5, 0.1, 282]
10:40:09.984654 ACC: [-1, 3, 516]
10:40:10.035703 ALT: -0.81
10:40:10.035858 ATT: [0.5, 0.1, 282]
10:40:10.036253 ACC: [-1, 4, 517]
10:40:10.079264 ALT: -0.81
10:40:10.079359 ATT: [0.5, 0.1, 282]
10:40:10.079501 ACC: [-1, 5, 517]
10:40:10.127312 ALT: -0.81
10:40:10.128140 ATT: [0.5, 0.1, 282]
10:40:10.128334 ACC: [-1, 4, 517]
10:40:10.175311 ALT: -0.81
10:40:10.175401 ATT: [0.5, 0.1, 282]
10:40:10.175556 ACC: [-1, 4, 516]
10:40:10.223366 ALT: -0.81
10:40:10.223458 ATT: [0.5, 0.1, 282]
10:40:10.223614 ACC: [-1, 4, 517]
10:40:10.271516 ALT: -0.81
10:40:10.272937 ATT: [0.5, 0.1, 282]
10:40:10.273182 ACC: [-1, 4, 516]
10:40:10.319675 ALT: -0.81
10:40:10.320047 ATT: [0.5, 0.1, 282]
10:40:10.320588 ACC: [-1, 4, 516]
10:40:10.367955 ALT: -0.81
10:40:10.368062 ATT: [0.5, 0.1, 282]
10:40:10.368216 ACC: [-1, 4, 517]
10:40:10.419782 ALT: -0.81
10:40:10.419966 ATT: [0.5, 0.1, 282]
10:40:10.420365 ACC: [-1, 4, 516]
10:40:10.463729 ALT: -0.81
10:40:10.463833 ATT: [0.5, 0.1, 282]
10:40:10.464077 ACC: [-1, 4, 517]
10:40:10.515221 ALT: -0.81
10:40:10.515484 ATT: [0.5, 0.1, 282]
10:40:10.516033 ACC: [-1, 4, 517]
10:40:10.559400 ALT: -0.81
10:40:10.559499 ATT: [0.5, 0.1, 282]
10:40:10.559828 ACC: [-1, 4, 516]
10:40:10.608418 ALT: -0.81
10:40:10.608600 ATT: [0.5, 0.1, 282]
10:40:10.609163 ACC: [0, 4, 516]
10:40:10.655539 ALT: -0.81
10:40:10.655643 ATT: [0.5, 0.1, 282]
10:40:10.655830 ACC: [0, 4, 516]
10:40:10.703670 ALT: -0.81
10:40:10.703899 ATT: [0.5, 0.1, 282]
10:40:10.704384 ACC: [-1, 4, 516]
10:40:10.751671 ALT: -0.81
10:40:10.751808 ATT: [0.5, 0.1, 282]
10:40:10.752069 ACC: [-1, 4, 517]
10:40:10.801330 ALT: -0.81
10:40:10.801881 ATT: [0.5, 0.1, 282]
10:40:10.802143 ACC: [0, 4, 517]
10:40:10.849313 ALT: -0.81
10:40:10.849482 ATT: [0.5, 0.1, 282]
10:40:10.849711 ACC: [0, 4, 517]
10:40:10.895569 ALT: -0.81
10:40:10.895661 ATT: [0.5, 0.1, 282]
10:40:10.895817 ACC: [-1, 4, 516]
10:40:10.943509 ALT: -0.81
10:40:10.943607 ATT: [0.5, 0.1, 282]
10:40:10.943807 ACC: [-1, 4, 517]
10:40:10.994530 ALT: -0.81
10:40:10.994637 ATT: [0.5, 0.1, 282]
10:40:10.994822 ACC: [-1, 4, 517]
10:40:11.039976 ALT: -0.81
10:40:11.040073 ATT: [0.5, 0.1, 282]
10:40:11.040231 ACC: [-1, 4, 517]
10:40:11.089277 ALT: -0.81
10:40:11.089373 ATT: [0.5, 0.1, 282]
10:40:11.089511 ACC: [-1, 4, 517]
10:40:11.135528 ALT: -0.81
10:40:11.135678 ATT: [0.5, 0.1, 282]
10:40:11.135925 ACC: [-1, 4, 517]
10:40:11.190667 ALT: -0.81
10:40:11.191048 ATT: [0.5, 0.1, 282]
10:40:11.191401 ACC: [-1, 5, 517]
10:40:11.232507 ALT: -0.81
10:40:11.232882 ATT: [0.5, 0.1, 282]
10:40:11.233144 ACC: [-1, 4, 516]
10:40:11.279444 ALT: -0.81
10:40:11.279535 ATT: [0.5, 0.1, 282]
10:40:11.279673 ACC: [-1, 4, 517]
10:40:11.327485 ALT: -0.81
10:40:11.327576 ATT: [0.5, 0.1, 282]
10:40:11.327733 ACC: [-1, 4, 517]
10:40:11.375533 ALT: -0.81
10:40:11.375624 ATT: [0.5, 0.1, 282]
10:40:11.375771 ACC: [-1, 3, 517]
10:40:11.423545 ALT: -0.81
10:40:11.423654 ATT: [0.5, 0.1, 282]
10:40:11.423847 ACC: [-1, 4, 517]
10:40:11.471584 ALT: -0.81
10:40:11.471673 ATT: [0.5, 0.1, 282]
10:40:11.471833 ACC: [-1, 4, 517]
10:40:11.520912 ALT: -0.81
10:40:11.521210 ATT: [0.5, 0.1, 282]
10:40:11.521797 ACC: [-1, 4, 517]
10:40:11.568037 ALT: -0.81
10:40:11.568202 ATT: [0.5, 0.1, 282]
10:40:11.568468 ACC: [-1, 4, 516]
10:40:11.615572 ALT: -0.81
10:40:11.615676 ATT: [0.5, 0.1, 282]
10:40:11.615839 ACC: [-1, 4, 517]
10:40:11.663597 ALT: -0.81
10:40:11.663689 ATT: [0.5, 0.1, 282]
10:40:11.663839 ACC: [-1, 4, 517]
10:40:11.711511 ALT: -0.81
10:40:11.711608 ATT: [0.5, 0.1, 282]
10:40:11.711763 ACC: [0, 4, 517]
10:40:11.759554 ALT: -0.81
10:40:11.759650 ATT: [0.5, 0.1, 282]
10:40:11.759803 ACC: [-1, 4, 517]
10:40:11.810276 ALT: -0.81
10:40:11.810395 ATT: [0.5, 0.1, 282]
10:40:11.810612 ACC: [-1, 4, 517]
10:40:11.871727 ALT: -0.81
10:40:11.871870 ATT: [0.5, 0.1, 282]
10:40:11.872257 ACC: [-1, 4, 517]
10:40:11.920017 ALT: -0.81
10:40:11.920291 ATT: [0.5, 0.1, 282]
10:40:11.920699 ACC: [0, 4, 517]
10:40:11.967861 ALT: -0.81
10:40:11.968064 ATT: [0.5, 0.1, 282]
10:40:11.968277 ACC: [-1, 4, 517]
10:40:12.020969 ALT: -0.81
10:40:12.021355 ATT: [0.5, 0.1, 282]
10:40:12.021610 ACC: [-1, 3, 517]
10:40:12.064032 ALT: -0.81
10:40:12.064210 ATT: [0.5, 0.1, 282]
10:40:12.064383 ACC: [-1, 4, 517]
10:40:12.111617 ALT: -0.81
10:40:12.111710 ATT: [0.5, 0.1, 282]
10:40:12.111866 ACC: [-1, 4, 516]
10:40:12.159617 ALT: -0.81
10:40:12.159705 ATT: [0.5, 0.1, 282]
10:40:12.159996 ACC: [-1, 4, 517]
10:40:12.207844 ALT: -0.81
10:40:12.208032 ATT: [0.5, 0.1, 282]
10:40:12.208386 ACC: [-1, 4, 516]
10:40:12.272151 ALT: -0.81
10:40:12.272244 ATT: [0.5, 0.1, 282]
10:40:12.272450 ACC: [-1, 4, 517]
10:40:12.320085 ALT: -0.81
10:40:12.320246 ATT: [0.5, 0.1, 282]
10:40:12.320559 ACC: [-1, 4, 516]
10:40:12.367997 ALT: -0.81
10:40:12.368167 ATT: [0.5, 0.1, 282]
10:40:12.368440 ACC: [-1, 3, 516]
10:40:12.415845 ALT: -0.81
10:40:12.416109 ATT: [0.5, 0.1, 282]
10:40:12.416288 ACC: [-1, 4, 516]
10:40:12.463695 ALT: -0.81
10:40:12.463799 ATT: [0.5, 0.1, 282]
10:40:12.464020 ACC: [-1, 4, 517]
10:40:12.511622 ALT: -0.81
10:40:12.511717 ATT: [0.5, 0.1, 282]
10:40:12.511870 ACC: [-1, 4, 517]
10:40:12.559684 ALT: -0.81
10:40:12.559776 ATT: [0.5, 0.1, 282]
10:40:12.559925 ACC: [-1, 4, 517]
10:40:12.608134 ALT: -0.81
10:40:12.608294 ATT: [0.5, 0.1, 282]
10:40:12.608533 ACC: [-1, 4, 517]
10:40:12.656312 ALT: -0.81
10:40:12.656415 ATT: [0.5, 0.1, 282]
10:40:12.656585 ACC: [-1, 4, 517]
10:40:12.703859 ALT: -0.81
10:40:12.704025 ATT: [0.5, 0.1, 282]
10:40:12.704275 ACC: [-1, 4, 517]
10:40:12.752269 ALT: -0.81
10:40:12.752647 ATT: [0.5, 0.1, 282]
10:40:12.753325 ACC: [0, 5, 517]
10:40:12.800141 ALT: -0.81
10:40:12.800317 ATT: [0.5, 0.1, 282]
10:40:12.800645 ACC: [0, 4, 517]
10:40:12.848194 ALT: -0.81
10:40:12.848321 ATT: [0.5, 0.1, 282]
10:40:12.848541 ACC: [-1, 4, 517]
10:40:12.895715 ALT: -0.81
10:40:12.895803 ATT: [0.5, 0.1, 282]
10:40:12.895943 ACC: [-1, 4, 517]
10:40:12.943779 ALT: -0.81
10:40:12.943883 ATT: [0.5, 0.1, 282]
10:40:12.944339 ACC: [-1, 4, 517]
10:40:12.991692 ALT: -0.81
10:40:12.991836 ATT: [0.5, 0.1, 282]
10:40:12.991985 ACC: [-1, 4, 517]
10:40:13.039899 ALT: -0.81
10:40:13.040218 ATT: [0.5, 0.1, 282]
10:40:13.041142 ACC: [-1, 4, 517]
10:40:13.088597 ALT: -0.81
10:40:13.088718 ATT: [0.5, 0.1, 282]
10:40:13.089016 ACC: [-1, 4, 517]
10:40:13.137759 ALT: -0.81
10:40:13.137925 ATT: [0.5, 0.1, 282]
10:40:13.138363 ACC: [0, 4, 517]
10:40:13.183854 ALT: -0.81
10:40:13.183967 ATT: [0.5, 0.1, 282]
10:40:13.184163 ACC: [0, 4, 517]
10:40:13.232111 ALT: -0.81
10:40:13.232327 ATT: [0.5, 0.1, 282]
10:40:13.232677 ACC: [-1, 4, 517]
10:40:13.282250 ALT: -0.81
10:40:13.282359 ATT: [0.5, 0.1, 282]
10:40:13.282554 ACC: [-1, 4, 517]
10:40:13.327798 ALT: -0.81
10:40:13.327895 ATT: [0.5, 0.1, 282]
10:40:13.328064 ACC: [-1, 4, 517]
10:40:13.375851 ALT: -0.81
10:40:13.375958 ATT: [0.5, 0.1, 282]
10:40:13.376259 ACC: [-1, 4, 517]
10:40:13.425719 ALT: -0.81
10:40:13.425930 ATT: [0.5, 0.1, 282]
10:40:13.426218 ACC: [-1, 4, 517]
10:40:13.471849 ALT: -0.81
10:40:13.471953 ATT: [0.5, 0.1, 282]
10:40:13.472216 ACC: [-1, 4, 518]
10:40:13.521221 ALT: -0.81
10:40:13.521391 ATT: [0.5, 0.1, 282]
10:40:13.521832 ACC: [-1, 4, 517]
10:40:13.567970 ALT: -0.81
10:40:13.568202 ATT: [0.5, 0.1, 282]
10:40:13.568417 ACC: [-1, 4, 517]
10:40:13.616271 ALT: -0.81
10:40:13.622333 ATT: [0.5, 0.1, 282]
10:40:13.622933 ACC: [-1, 4, 517]
10:40:13.664531 ALT: -0.81
10:40:13.664644 ATT: [0.5, 0.1, 282]
10:40:13.665014 ACC: [-1, 4, 518]
10:40:13.711879 ALT: -0.81
10:40:13.711968 ATT: [0.5, 0.1, 282]
10:40:13.712104 ACC: [-1, 4, 517]
10:40:13.759837 ALT: -0.81
10:40:13.759924 ATT: [0.5, 0.1, 282]
10:40:13.760242 ACC: [-1, 4, 517]
10:40:13.808281 ALT: -0.81
10:40:13.808380 ATT: [0.5, 0.1, 282]
10:40:13.808536 ACC: [-1, 4, 517]
10:40:13.856001 ALT: -0.81
10:40:13.856109 ATT: [0.5, 0.1, 282]
10:40:13.856294 ACC: [-1, 4, 517]
10:40:13.904570 ALT: -0.81
10:40:13.904673 ATT: [0.5, 0.1, 282]
10:40:13.904914 ACC: [-1, 4, 517]
10:40:13.972588 ALT: -0.81
10:40:13.972682 ATT: [0.5, 0.1, 282]
10:40:13.972867 ACC: [-1, 4, 517]
10:40:14.016866 ALT: -0.81
10:40:14.017055 ATT: [0.5, 0.1, 282]
10:40:14.017400 ACC: [-1, 4, 517]
10:40:14.063947 ALT: -0.81
10:40:14.064058 ATT: [0.5, 0.1, 282]
10:40:14.064358 ACC: [0, 4, 517]
10:40:14.111897 ALT: -0.81
10:40:14.111986 ATT: [0.5, 0.1, 282]
10:40:14.112601 ACC: [-1, 4, 517]
10:40:14.159916 ALT: -0.81
10:40:14.160005 ATT: [0.5, 0.1, 282]
10:40:14.160180 ACC: [-1, 4, 517]
10:40:14.207847 ALT: -0.81
10:40:14.207951 ATT: [0.5, 0.1, 282]
10:40:14.208103 ACC: [-1, 4, 517]
10:40:14.255966 ALT: -0.81
10:40:14.256064 ATT: [0.5, 0.1, 282]
10:40:14.256292 ACC: [-1, 4, 517]
10:40:14.306219 ALT: -0.81
10:40:14.306347 ATT: [0.5, 0.1, 282]
10:40:14.306585 ACC: [-1, 3, 517]
10:40:14.358693 ALT: -0.81
10:40:14.358791 ATT: [0.5, 0.1, 282]
10:40:14.358937 ACC: [-1, 4, 516]
10:40:14.399963 ALT: -0.81
10:40:14.400065 ATT: [0.5, 0.1, 282]
10:40:14.400365 ACC: [-1, 4, 517]
10:40:14.464022 ALT: -0.81
10:40:14.464134 ATT: [0.5, 0.1, 282]
10:40:14.464335 ACC: [-1, 4, 517]
10:40:14.512007 ALT: -0.81
10:40:14.512099 ATT: [0.5, 0.1, 282]
10:40:14.512352 ACC: [-1, 4, 517]
10:40:14.559984 ALT: -0.81
10:40:14.560074 ATT: [0.5, 0.1, 282]
10:40:14.560223 ACC: [-1, 4, 517]
10:40:14.608209 ALT: -0.81
10:40:14.608581 ATT: [0.5, 0.1, 282]
10:40:14.608968 ACC: [-1, 4, 516]
10:40:14.656235 ALT: -0.81
10:40:14.656449 ATT: [0.5, 0.1, 282]
10:40:14.656749 ACC: [-1, 4, 516]
10:40:14.704853 ALT: -0.81
10:40:14.705061 ATT: [0.5, 0.1, 282]
10:40:14.705243 ACC: [-1, 5, 516]
10:40:14.752322 ALT: -0.81
10:40:14.752519 ATT: [0.5, 0.1, 282]
10:40:14.752750 ACC: [-2, 4, 516]
10:40:14.801688 ALT: -0.81
10:40:14.801833 ATT: [0.5, 0.1, 282]
10:40:14.802077 ACC: [-1, 4, 516]
10:40:14.849712 ALT: -0.81
10:40:14.849959 ATT: [0.5, 0.1, 282]
10:40:14.850240 ACC: [-1, 4, 516]
10:40:14.896038 ALT: -0.81
10:40:14.896129 ATT: [0.5, 0.1, 282]
10:40:14.896341 ACC: [0, 4, 516]
10:40:14.944062 ALT: -0.81
10:40:14.944209 ATT: [0.5, 0.1, 282]
10:40:14.944643 ACC: [0, 4, 517]
10:40:14.992212 ALT: -0.81
10:40:14.992364 ATT: [0.5, 0.1, 282]
10:40:14.992637 ACC: [-1, 4, 517]
10:40:15.041390 ALT: -0.78
10:40:15.041512 ATT: [0.5, 0.1, 282]
10:40:15.041733 ACC: [-1, 4, 516]
10:40:15.089334 ALT: -0.75
10:40:15.089431 ATT: [0.5, 0.1, 282]
10:40:15.089595 ACC: [-1, 4, 516]
10:40:15.136455 ALT: -0.75
10:40:15.136695 ATT: [0.5, 0.1, 282]
10:40:15.137025 ACC: [-1, 4, 516]
10:40:15.184395 ALT: -0.75
10:40:15.184485 ATT: [0.5, 0.1, 282]
10:40:15.184649 ACC: [-2, 4, 516]
10:40:15.232966 ALT: -0.75
10:40:15.233091 ATT: [0.5, 0.1, 282]
10:40:15.233325 ACC: [-1, 4, 516]
10:40:15.280507 ALT: -0.75
10:40:15.280594 ATT: [0.5, 0.1, 282]
10:40:15.280846 ACC: [0, 5, 516]
10:40:15.328607 ALT: -0.75
10:40:15.328699 ATT: [0.5, 0.1, 282]
10:40:15.329083 ACC: [-1, 4, 516]
10:40:15.376682 ALT: -0.75
10:40:15.376813 ATT: [0.5, 0.1, 282]
10:40:15.377046 ACC: [-1, 4, 516]
10:40:15.429355 ALT: -0.75
10:40:15.429458 ATT: [0.5, 0.1, 282]
10:40:15.429626 ACC: [-1, 4, 516]
10:40:15.473080 ALT: -0.75
10:40:15.473347 ATT: [0.5, 0.1, 282]
10:40:15.473735 ACC: [-1, 4, 516]
10:40:15.521169 ALT: -0.75
10:40:15.521300 ATT: [0.5, 0.1, 282]
10:40:15.521535 ACC: [-1, 4, 516]
10:40:15.569085 ALT: -0.75
10:40:15.569184 ATT: [0.5, 0.1, 282]
10:40:15.569343 ACC: [-1, 4, 517]
10:40:15.617276 ALT: -0.75
10:40:15.617407 ATT: [0.5, 0.1, 282]
10:40:15.617606 ACC: [-1, 4, 516]
10:40:15.665628 ALT: -0.75
10:40:15.665754 ATT: [0.5, 0.1, 282]
10:40:15.665940 ACC: [-1, 4, 516]
10:40:15.713217 ALT: -0.75
10:40:15.713314 ATT: [0.5, 0.1, 282]
10:40:15.713461 ACC: [-1, 4, 517]
10:40:15.761313 ALT: -0.75
10:40:15.761417 ATT: [0.5, 0.1, 282]
10:40:15.761580 ACC: [-1, 4, 516]
10:40:15.809922 ALT: -0.75
10:40:15.810113 ATT: [0.5, 0.1, 282]
10:40:15.810466 ACC: [-1, 4, 516]
10:40:15.857843 ALT: -0.75
10:40:15.858274 ATT: [0.5, 0.1, 282]
10:40:15.858605 ACC: [-1, 5, 516]
10:40:15.905926 ALT: -0.75
10:40:15.906096 ATT: [0.5, 0.1, 282]
10:40:15.906364 ACC: [-1, 4, 516]
10:40:15.953880 ALT: -0.75
10:40:15.954453 ATT: [0.5, 0.1, 282]
10:40:15.954695 ACC: [-1, 4, 514]
10:40:16.018117 ALT: -0.75
10:40:16.018438 ATT: [0.5, 0.1, 282]
10:40:16.018622 ACC: [-1, 4, 515]
10:40:16.066146 ALT: -0.75
10:40:16.066261 ATT: [0.5, 0.1, 282]
10:40:16.066478 ACC: [-1, 4, 516]
10:40:16.113919 ALT: -0.75
10:40:16.114006 ATT: [0.5, 0.1, 282]
10:40:16.114150 ACC: [-1, 3, 516]
10:40:16.161999 ALT: -0.75
10:40:16.162094 ATT: [0.5, 0.1, 282]
10:40:16.162247 ACC: [-1, 4, 516]
10:40:16.210761 ALT: -0.75
10:40:16.210870 ATT: [0.5, 0.1, 282]
10:40:16.211019 ACC: [-1, 4, 516]
10:40:16.258621 ALT: -0.75
10:40:16.258766 ATT: [0.5, 0.1, 282]
10:40:16.259327 ACC: [-1, 4, 516]
10:40:16.306689 ALT: -0.75
10:40:16.307059 ATT: [0.5, 0.1, 282]
10:40:16.307516 ACC: [-1, 4, 516]
10:40:16.354612 ALT: -0.75
10:40:16.354719 ATT: [0.5, 0.1, 282]
10:40:16.356340 ACC: [-1, 4, 516]
10:40:16.403054 ALT: -0.75
10:40:16.403154 ATT: [0.5, 0.1, 282]
10:40:16.403319 ACC: [-1, 4, 516]
10:40:16.451233 ALT: -0.75
10:40:16.451430 ATT: [0.5, 0.1, 282]
10:40:16.451672 ACC: [-1, 4, 516]
10:40:16.498457 ALT: -0.75
10:40:16.498550 ATT: [0.5, 0.1, 282]
10:40:16.498699 ACC: [-1, 4, 516]
10:40:16.546585 ALT: -0.75
10:40:16.546723 ATT: [0.5, 0.1, 282]
10:40:16.546884 ACC: [-1, 4, 516]
10:40:16.594685 ALT: -0.75
10:40:16.594782 ATT: [0.5, 0.1, 282]
10:40:16.594934 ACC: [-1, 4, 516]
10:40:16.649867 ALT: -0.75
10:40:16.650076 ATT: [0.5, 0.1, 282]
10:40:16.650432 ACC: [-1, 4, 516]
10:40:16.691209 ALT: -0.75
10:40:16.691421 ATT: [0.5, 0.1, 282]
10:40:16.691698 ACC: [-1, 4, 516]
10:40:16.739919 ALT: -0.75
10:40:16.740021 ATT: [0.5, 0.1, 282]
10:40:16.740190 ACC: [-1, 4, 516]
10:40:16.787767 ALT: -0.75
10:40:16.787865 ATT: [0.5, 0.1, 282]
10:40:16.788031 ACC: [-1, 4, 516]
10:40:16.835350 ALT: -0.75
10:40:16.835662 ATT: [0.5, 0.1, 282]
10:40:16.836072 ACC: [-1, 4, 516]
10:40:16.883340 ALT: -0.75
10:40:16.883472 ATT: [0.5, 0.1, 282]
10:40:16.883668 ACC: [-1, 4, 517]
10:40:16.931199 ALT: -0.75
10:40:16.931291 ATT: [0.5, 0.1, 282]
10:40:16.931434 ACC: [-1, 3, 516]
10:40:16.979294 ALT: -0.75
10:40:16.979389 ATT: [0.5, 0.1, 282]
10:40:16.979531 ACC: [-1, 4, 516]
10:40:17.027967 ALT: -0.75
10:40:17.028175 ATT: [0.5, 0.1, 282]
10:40:17.028512 ACC: [-1, 4, 516]
10:40:17.075537 ALT: -0.75
10:40:17.075639 ATT: [0.5, 0.1, 282]
10:40:17.075823 ACC: [-1, 4, 516]
10:40:17.123914 ALT: -0.75
10:40:17.124211 ATT: [0.5, 0.1, 282]
10:40:17.125058 ACC: [-1, 4, 516]
10:40:17.173109 ALT: -0.75
10:40:17.173368 ATT: [0.5, 0.1, 282]
10:40:17.173568 ACC: [-1, 4, 517]
10:40:17.220516 ALT: -0.75
10:40:17.220706 ATT: [0.5, 0.1, 282]
10:40:17.221007 ACC: [-1, 4, 517]
10:40:17.267790 ALT: -0.75
10:40:17.267889 ATT: [0.5, 0.1, 282]
10:40:17.268056 ACC: [0, 4, 516]
10:40:17.315816 ALT: -0.75
10:40:17.315916 ATT: [0.5, 0.1, 282]
10:40:17.316131 ACC: [-1, 4, 516]
10:40:17.363909 ALT: -0.75
10:40:17.364012 ATT: [0.5, 0.1, 282]
10:40:17.364175 ACC: [-1, 4, 517]
10:40:17.412697 ALT: -0.75
10:40:17.412848 ATT: [0.5, 0.1, 282]
10:40:17.413008 ACC: [-1, 4, 516]
10:40:17.461302 ALT: -0.75
10:40:17.461408 ATT: [0.5, 0.1, 282]
10:40:17.461580 ACC: [-1, 4, 517]
10:40:17.508232 ALT: -0.75
10:40:17.508420 ATT: [0.5, 0.1, 282]
10:40:17.508712 ACC: [-1, 4, 516]
10:40:17.556605 ALT: -0.75
10:40:17.556841 ATT: [0.5, 0.1, 282]
10:40:17.557264 ACC: [-1, 4, 516]
10:40:17.604299 ALT: -0.75
10:40:17.604395 ATT: [0.5, 0.1, 282]
10:40:17.604552 ACC: [-1, 4, 516]
10:40:17.652736 ALT: -0.75
10:40:17.652901 ATT: [0.5, 0.1, 282]
10:40:17.653103 ACC: [-1, 5, 516]
10:40:17.700419 ALT: -0.75
10:40:17.700514 ATT: [0.5, 0.1, 282]
10:40:17.700757 ACC: [-1, 4, 516]
10:40:17.748479 ALT: -0.75
10:40:17.748573 ATT: [0.5, 0.1, 282]
10:40:17.748717 ACC: [-1, 4, 516]
10:40:17.796575 ALT: -0.75
10:40:17.796669 ATT: [0.5, 0.1, 282]
10:40:17.796885 ACC: [-1, 4, 516]
10:40:17.849031 ALT: -0.75
10:40:17.849190 ATT: [0.5, 0.1, 282]
10:40:17.849384 ACC: [-1, 3, 516]
10:40:17.893113 ALT: -0.75
10:40:17.893396 ATT: [0.5, 0.1, 282]
10:40:17.893602 ACC: [-1, 4, 516]
10:40:17.942508 ALT: -0.75
10:40:17.942617 ATT: [0.5, 0.1, 282]
10:40:17.943112 ACC: [-1, 5, 516]
10:40:17.990203 ALT: -0.75
10:40:17.990312 ATT: [0.5, 0.1, 282]
10:40:17.990490 ACC: [-1, 4, 516]
10:40:18.037265 ALT: -0.75
10:40:18.037384 ATT: [0.5, 0.1, 282]
10:40:18.037645 ACC: [-1, 3, 516]
10:40:18.101073 ALT: -0.75
10:40:18.101159 ATT: [0.5, 0.1, 282]
10:40:18.101304 ACC: [-1, 4, 516]
10:40:18.149150 ALT: -0.75
10:40:18.149244 ATT: [0.5, 0.1, 282]
10:40:18.149411 ACC: [-1, 5, 515]
10:40:18.197144 ALT: -0.75
10:40:18.197248 ATT: [0.5, 0.1, 282]
10:40:18.197561 ACC: [-1, 4, 516]
10:40:18.246098 ALT: -0.75
10:40:18.246197 ATT: [0.5, 0.1, 282]
10:40:18.246408 ACC: [-1, 4, 516]
10:40:18.293261 ALT: -0.75
10:40:18.293368 ATT: [0.5, 0.1, 282]
10:40:18.293633 ACC: [-1, 4, 516]
10:40:18.346860 ALT: -0.75
10:40:18.346964 ATT: [0.5, 0.1, 282]
10:40:18.347128 ACC: [-1, 4, 516]
10:40:18.391406 ALT: -0.75
10:40:18.391513 ATT: [0.5, 0.1, 282]
10:40:18.391670 ACC: [-1, 4, 516]
10:40:18.437714 ALT: -0.75
10:40:18.437844 ATT: [0.5, 0.1, 282]
10:40:18.438041 ACC: [-1, 4, 517]
10:40:18.485595 ALT: -0.75
10:40:18.485699 ATT: [0.5, 0.1, 282]
10:40:18.485961 ACC: [-1, 4, 516]
10:40:18.533541 ALT: -0.75
10:40:18.533650 ATT: [0.5, 0.1, 282]
10:40:18.533793 ACC: [-1, 4, 517]
10:40:18.581668 ALT: -0.75
10:40:18.581761 ATT: [0.5, 0.1, 282]
10:40:18.581922 ACC: [-1, 4, 517]
10:40:18.629769 ALT: -0.75
10:40:18.629870 ATT: [0.5, 0.1, 282]
10:40:18.630064 ACC: [-1, 4, 517]
10:40:18.677844 ALT: -0.75
10:40:18.677959 ATT: [0.5, 0.1, 282]
10:40:18.678211 ACC: [-1, 4, 517]
10:40:18.734563 ALT: -0.75
10:40:18.734671 ATT: [0.5, 0.1, 282]
10:40:18.734871 ACC: [-1, 4, 517]
10:40:18.774126 ALT: -0.75
10:40:18.774250 ATT: [0.5, 0.1, 282]
10:40:18.774628 ACC: [-1, 4, 517]
10:40:18.822342 ALT: -0.75
10:40:18.822499 ATT: [0.5, 0.1, 282]
10:40:18.822751 ACC: [-1, 4, 516]
10:40:18.870210 ALT: -0.75
10:40:18.870335 ATT: [0.5, 0.1, 282]
10:40:18.870533 ACC: [-1, 4, 516]
10:40:18.918139 ALT: -0.75
10:40:18.918282 ATT: [0.5, 0.1, 282]
10:40:18.918433 ACC: [-1, 5, 516]
10:40:18.966224 ALT: -0.75
10:40:18.966317 ATT: [0.5, 0.1, 282]
10:40:18.966459 ACC: [-1, 4, 516]
10:40:19.014671 ALT: -0.75
10:40:19.014792 ATT: [0.5, 0.1, 282]
10:40:19.015071 ACC: [-1, 4, 517]
10:40:19.062393 ALT: -0.75
10:40:19.062508 ATT: [0.5, 0.1, 282]
10:40:19.062706 ACC: [-1, 4, 517]
10:40:19.110542 ALT: -0.75
10:40:19.111999 ATT: [0.5, 0.1, 282]
10:40:19.112189 ACC: [-1, 4, 516]
10:40:19.159761 ALT: -0.75
10:40:19.159861 ATT: [0.5, 0.1, 282]
10:40:19.160022 ACC: [-1, 4, 516]
10:40:19.207184 ALT: -0.75
10:40:19.207425 ATT: [0.5, 0.1, 282]
10:40:19.207750 ACC: [0, 4, 516]
10:40:19.254844 ALT: -0.75
10:40:19.254969 ATT: [0.5, 0.1, 282]
10:40:19.255187 ACC: [-1, 4, 515]
10:40:19.302700 ALT: -0.75
10:40:19.302832 ATT: [0.5, 0.1, 282]
10:40:19.303099 ACC: [-1, 4, 516]
10:40:19.350820 ALT: -0.75
10:40:19.350921 ATT: [0.5, 0.1, 282]
10:40:19.351189 ACC: [0, 4, 516]
10:40:19.398935 ALT: -0.75
10:40:19.399088 ATT: [0.5, 0.1, 282]
10:40:19.399246 ACC: [0, 4, 516]
10:40:19.447083 ALT: -0.75
10:40:19.447412 ATT: [0.5, 0.1, 282]
10:40:19.447758 ACC: [-1, 4, 516]
10:40:19.494963 ALT: -0.75
10:40:19.495055 ATT: [0.5, 0.1, 282]
10:40:19.495199 ACC: [-1, 4, 516]
10:40:19.543707 ALT: -0.75
10:40:19.543877 ATT: [0.5, 0.1, 282]
10:40:19.544050 ACC: [-2, 4, 515]
10:40:19.591852 ALT: -0.75
10:40:19.591957 ATT: [0.5, 0.1, 282]
10:40:19.592240 ACC: [-1, 4, 516]
10:40:19.639258 ALT: -0.75
10:40:19.639436 ATT: [0.5, 0.1, 282]
10:40:19.639613 ACC: [-1, 5, 516]
10:40:19.691749 ALT: -0.75
10:40:19.691905 ATT: [0.5, 0.1, 282]
10:40:19.692200 ACC: [-1, 4, 515]
10:40:19.735249 ALT: -0.75
10:40:19.735353 ATT: [0.5, 0.1, 282]
10:40:19.735500 ACC: [-1, 4, 516]
10:40:19.783318 ALT: -0.75
10:40:19.783413 ATT: [0.5, 0.1, 282]
10:40:19.783558 ACC: [-1, 5, 516]
10:40:19.831427 ALT: -0.75
10:40:19.831531 ATT: [0.5, 0.1, 282]
10:40:19.831800 ACC: [-1, 4, 516]
10:40:19.879489 ALT: -0.75
10:40:19.879588 ATT: [0.5, 0.1, 282]
10:40:19.879761 ACC: [-1, 4, 516]
10:40:19.928138 ALT: -0.75
10:40:19.928442 ATT: [0.5, 0.1, 282]
10:40:19.928647 ACC: [-1, 4, 516]
10:40:19.976102 ALT: -0.75
10:40:19.976338 ATT: [0.5, 0.1, 282]
10:40:19.976588 ACC: [-1, 4, 515]
10:40:20.024156 ALT: -0.75
10:40:20.024257 ATT: [0.5, 0.1, 282]
10:40:20.024416 ACC: [-1, 4, 515]
10:40:20.073239 ALT: -0.75
10:40:20.073364 ATT: [0.5, 0.1, 282]
10:40:20.073589 ACC: [0, 4, 516]
10:40:20.119769 ALT: -0.71
10:40:20.119854 ATT: [0.5, 0.1, 282]
10:40:20.120035 ACC: [0, 4, 516]
10:40:20.185099 ALT: -0.67
10:40:20.185274 ATT: [0.5, 0.1, 282]
10:40:20.186197 ACC: [-1, 4, 516]
10:40:20.232224 ALT: -0.66
10:40:20.232348 ATT: [0.5, 0.1, 282]
10:40:20.232654 ACC: [-1, 4, 516]
10:40:20.279980 ALT: -0.66
10:40:20.280072 ATT: [0.5, 0.1, 282]
10:40:20.280310 ACC: [-1, 4, 516]
10:40:20.329754 ALT: -0.66
10:40:20.329846 ATT: [0.5, 0.1, 282]
10:40:20.330008 ACC: [-1, 4, 517]
10:40:20.377165 ALT: -0.66
10:40:20.377319 ATT: [0.5, 0.1, 282]
10:40:20.379971 ACC: [0, 4, 517]
10:40:20.424316 ALT: -0.66
10:40:20.424422 ATT: [0.5, 0.1, 282]
10:40:20.424596 ACC: [-1, 4, 516]
10:40:20.472474 ALT: -0.66
10:40:20.472604 ATT: [0.5, 0.1, 282]
10:40:20.472943 ACC: [-1, 4, 517]
10:40:20.520328 ALT: -0.66
10:40:20.520414 ATT: [0.5, 0.1, 282]
10:40:20.520560 ACC: [-1, 5, 516]
10:40:20.569097 ALT: -0.66
10:40:20.569334 ATT: [0.5, 0.1, 282]
10:40:20.569622 ACC: [-1, 4, 517]
10:40:20.618073 ALT: -0.66
10:40:20.618170 ATT: [0.5, 0.1, 282]
10:40:20.618365 ACC: [-1, 4, 516]
10:40:20.664524 ALT: -0.66
10:40:20.664619 ATT: [0.5, 0.1, 282]
10:40:20.664793 ACC: [-1, 4, 517]
10:40:20.714458 ALT: -0.66
10:40:20.714549 ATT: [0.5, 0.1, 282]
10:40:20.714688 ACC: [-1, 4, 516]
10:40:20.761622 ALT: -0.66
10:40:20.761880 ATT: [0.5, 0.1, 282]
10:40:20.762327 ACC: [-1, 4, 516]
10:40:20.809351 ALT: -0.66
10:40:20.809461 ATT: [0.5, 0.1, 282]
10:40:20.809630 ACC: [-1, 4, 517]
10:40:20.856725 ALT: -0.66
10:40:20.856862 ATT: [0.5, 0.1, 282]
10:40:20.857082 ACC: [-1, 4, 517]
10:40:20.904943 ALT: -0.66
10:40:20.905350 ATT: [0.5, 0.1, 282]
10:40:20.905536 ACC: [-1, 4, 516]
10:40:20.954342 ALT: -0.66
10:40:20.954485 ATT: [0.5, 0.1, 282]
10:40:20.954764 ACC: [-1, 4, 516]
10:40:21.003230 ALT: -0.66
10:40:21.003414 ATT: [0.5, 0.1, 282]
10:40:21.003653 ACC: [-1, 4, 516]
10:40:21.048995 ALT: -0.66
10:40:21.049096 ATT: [0.5, 0.1, 282]
10:40:21.049470 ACC: [-1, 4, 516]
10:40:21.097397 ALT: -0.66
10:40:21.097484 ATT: [0.5, 0.1, 282]
10:40:21.097632 ACC: [-1, 4, 517]
10:40:21.147603 ALT: -0.66
10:40:21.147695 ATT: [0.5, 0.1, 283]
10:40:21.147850 ACC: [-1, 4, 516]
10:40:21.194655 ALT: -0.66
10:40:21.194780 ATT: [0.5, 0.1, 283]
10:40:21.195212 ACC: [-1, 4, 517]
10:40:21.241243 ALT: -0.71
10:40:21.241338 ATT: [0.5, 0.1, 283]
10:40:21.241503 ACC: [-1, 4, 517]
10:40:21.289274 ALT: -0.73
10:40:21.289422 ATT: [0.5, 0.1, 283]
10:40:21.289581 ACC: [-1, 4, 516]
10:40:21.337285 ALT: -0.73
10:40:21.337379 ATT: [0.5, 0.1, 282]
10:40:21.337526 ACC: [-1, 4, 516]
10:40:21.389619 ALT: -0.73
10:40:21.389847 ATT: [0.5, 0.1, 282]
10:40:21.390105 ACC: [0, 4, 517]
10:40:21.433463 ALT: -0.73
10:40:21.433581 ATT: [0.5, 0.1, 282]
10:40:21.433945 ACC: [-1, 4, 517]
10:40:21.481414 ALT: -0.73
10:40:21.481505 ATT: [0.5, 0.1, 282]
10:40:21.481659 ACC: [-1, 4, 517]
10:40:21.530880 ALT: -0.73
10:40:21.530972 ATT: [0.5, 0.1, 282]
10:40:21.531130 ACC: [-1, 4, 517]
10:40:21.577709 ALT: -0.73
10:40:21.577822 ATT: [0.5, 0.1, 282]
10:40:21.578147 ACC: [-1, 4, 516]
10:40:21.625873 ALT: -0.73
10:40:21.625998 ATT: [0.5, 0.1, 282]
10:40:21.626193 ACC: [-1, 4, 516]
10:40:21.673972 ALT: -0.73
10:40:21.674282 ATT: [0.5, 0.1, 282]
10:40:21.674510 ACC: [-1, 4, 517]
10:40:21.721803 ALT: -0.73
10:40:21.721912 ATT: [0.5, 0.1, 282]
10:40:21.722374 ACC: [-1, 4, 517]
10:40:21.769947 ALT: -0.73
10:40:21.770109 ATT: [0.5, 0.1, 282]
10:40:21.770369 ACC: [0, 4, 517]
10:40:21.818196 ALT: -0.73
10:40:21.818322 ATT: [0.5, 0.1, 282]
10:40:21.818757 ACC: [-1, 4, 517]
10:40:21.865931 ALT: -0.73
10:40:21.866019 ATT: [0.5, 0.1, 282]
10:40:21.866165 ACC: [-1, 4, 517]
10:40:21.913967 ALT: -0.73
10:40:21.914061 ATT: [0.5, 0.1, 282]
10:40:21.914240 ACC: [-1, 4, 517]
10:40:21.963096 ALT: -0.73
10:40:21.963193 ATT: [0.5, 0.1, 282]
10:40:21.963370 ACC: [-1, 4, 517]
10:40:22.010138 ALT: -0.73
10:40:22.010252 ATT: [0.5, 0.1, 282]
10:40:22.010444 ACC: [-1, 4, 517]
10:40:22.058624 ALT: -0.73
10:40:22.058776 ATT: [0.5, 0.1, 282]
10:40:22.058947 ACC: [-1, 3, 517]
10:40:22.106280 ALT: -0.73
10:40:22.106388 ATT: [0.5, 0.1, 282]
10:40:22.106657 ACC: [-1, 4, 517]
10:40:22.155020 ALT: -0.73
10:40:22.155126 ATT: [0.5, 0.1, 282]
10:40:22.155294 ACC: [0, 4, 516]
10:40:22.220658 ALT: -0.73
10:40:22.221213 ATT: [0.5, 0.1, 282]
10:40:22.221609 ACC: [-1, 4, 517]
10:40:22.266307 ALT: -0.73
10:40:22.266398 ATT: [0.5, 0.1, 282]
10:40:22.266540 ACC: [-1, 4, 517]
10:40:22.314420 ALT: -0.73
10:40:22.314512 ATT: [0.5, 0.1, 282]
10:40:22.314672 ACC: [-1, 4, 517]
10:40:22.363099 ALT: -0.73
10:40:22.363203 ATT: [0.5, 0.1, 282]
10:40:22.363418 ACC: [-1, 4, 516]
10:40:22.410762 ALT: -0.73
10:40:22.411035 ATT: [0.5, 0.1, 282]
10:40:22.411790 ACC: [-1, 4, 517]
10:40:22.458611 ALT: -0.73
10:40:22.458704 ATT: [0.5, 0.1, 282]
10:40:22.458852 ACC: [-1, 4, 517]
10:40:22.507519 ALT: -0.73
10:40:22.507620 ATT: [0.5, 0.1, 282]
10:40:22.507772 ACC: [-1, 4, 517]
10:40:22.555007 ALT: -0.73
10:40:22.555405 ATT: [0.5, 0.1, 282]
10:40:22.555615 ACC: [-1, 4, 517]
10:40:22.603062 ALT: -0.73
10:40:22.603746 ATT: [0.5, 0.1, 282]
10:40:22.604022 ACC: [-1, 4, 517]
10:40:22.650872 ALT: -0.73
10:40:22.650966 ATT: [0.5, 0.1, 282]
10:40:22.651259 ACC: [-1, 4, 517]
10:40:22.698963 ALT: -0.73
10:40:22.699064 ATT: [0.5, 0.1, 282]
10:40:22.699237 ACC: [-1, 4, 517]
10:40:22.747320 ALT: -0.73
10:40:22.747513 ATT: [0.5, 0.1, 282]
10:40:22.747880 ACC: [-1, 4, 516]
10:40:22.795535 ALT: -0.73
10:40:22.795763 ATT: [0.5, 0.1, 282]
10:40:22.796186 ACC: [-1, 4, 517]
10:40:22.843283 ALT: -0.73
10:40:22.843389 ATT: [0.5, 0.1, 282]
10:40:22.843809 ACC: [-1, 4, 516]
10:40:22.891284 ALT: -0.73
10:40:22.891414 ATT: [0.5, 0.1, 282]
10:40:22.891615 ACC: [-1, 4, 517]
10:40:22.939288 ALT: -0.73
10:40:22.939389 ATT: [0.5, 0.1, 282]
10:40:22.939561 ACC: [-1, 5, 517]
10:40:22.987629 ALT: -0.73
10:40:22.987847 ATT: [0.5, 0.1, 282]
10:40:22.988208 ACC: [-1, 4, 517]
10:40:23.035210 ALT: -0.73
10:40:23.035302 ATT: [0.5, 0.1, 282]
10:40:23.035450 ACC: [-1, 4, 517]
10:40:23.083318 ALT: -0.73
10:40:23.08